<html>
<body>
<pre>
<h1>礦ision Build Log</h1>
<h2>Tool Versions:</h2>
IDE-Version: μVision V5.14.0.0
Copyright (C) 2015 ARM Ltd and ARM Germany GmbH. All rights reserved.
License Information: zhu user2019, SZU, LIC=DSNLQ-NLNJ9-48GFA-1K914-HPE1T-7XZ3A
 
Tool Versions:
Toolchain:       MDK-ARM Professional  Version: 5.14.0.0
Toolchain Path:  C:\Keil_v5\ARM\ARMCC\Bin
C Compiler:      Armcc.exe V5.05 update 1 (build 106)
Assembler:       Armasm.exe V5.05 update 1 (build 106)
Linker/Locator:  ArmLink.exe V5.05 update 1 (build 106)
Library Manager: ArmAr.exe V5.05 update 1 (build 106)
Hex Converter:   FromElf.exe V5.05 update 1 (build 106)
CPU DLL:         
Dialog DLL:      
Target DLL:      Segger\JL2CM3.dll V2.99.13.0
Dialog DLL:      TARMCM1.DLL V1.9.0.0
 
<h2>Project:</h2>
D:\备份电转向代码\电转向_方向盘\ESS_CA_V1.0_20191024_Beta_转接板\N6_CA_V3.1_20190220\project\Navy6.0_nrf_drv.uvprojx
Project File Date:  11/16/2019

<h2>Output:</h2>
Build target 'nrf51422_xxac_s110'
compiling main.c...
compiling ep_tick.c...
compiling ep_comm.c...
compiling ep_motor.c...
compiling ep_pstorage.c...
compiling ep_gzll.c...
compiling ep_ble_stack.c...
compiling nrf_gzp_host_nrf51.c...
compiling ep_crypt_host.c...
compiling nrf_gzp.c...
compiling ep_rs485.c...
compiling ep_version.c...
compiling ep_spi_slave.c...
compiling ep_wdt.c...
compiling nrf_drv_common.c...
compiling nrf_delay.c...
compiling nrf_ecb.c...
compiling nrf_nvmc.c...
compiling pstorage.c...
compiling app_error.c...
compiling nrf_assert.c...
compiling softdevice_handler.c...
assembling arm_startup_nrf51.s...
compiling system_nrf51.c...
linking...
Program Size: Code=25912 RO-data=332 RW-data=320 ZI-data=2768  
FromELF: creating hex file...
".\_build\nrf51422_xxac_s110.axf" - 0 Error(s), 0 Warning(s).

<h2>Software Packages used:</h2>

Package Vendor: ARM
                http://www.keil.com/pack/ARM.CMSIS.4.2.0.pack
                ARM::CMSIS:CORE:3.40.0
                CMSIS (Cortex Microcontroller Software Interface Standard)
   * Component: CORE Version: 3.40.0

Package Vendor: NordicSemiconductor
                http://developer.nordicsemi.com/nRF5_SDK/pieces/nRF_DeviceFamilyPack/NordicSemiconductor.nRF_DeviceFamilyPack.8.24.1.pack
                NordicSemiconductor::Device:Startup:8.24.1
                Nordic Semiconductor nRF ARM devices Device Family Pack.
   * Component: Startup Version: 8.24.1

Package Vendor: NordicSemiconductor
                http://developer.nordicsemi.com/nRF51_SDK/pieces/nRF_Drivers/NordicSemiconductor.nRF_Drivers.3.0.1.pack
                NordicSemiconductor::nRF_Drivers:nrf_error:default:3.0.1
                Drivers for Nordic Semiconductor nRF family.
   * Component: nrf_error Variant: default Version: 3.0.1
   * Component: nrf_ecb Version: 3.0.1
   * Component: pstorage Variant: default Version: 3.0.1
   * Component: nrf_nvmc Version: 3.0.1
   * Component: nrf_delay Version: 3.0.1
   * Component: nrf_soc Variant: default Version: 3.0.1
   * Component: app_uart Variant: Fifo Version: 3.0.1
   * Component: nrf_drv_common Version: 3.0.1

Package Vendor: NordicSemiconductor
                http://developer.nordicsemi.com/nRF51_SDK/pieces/nRF_Properitary_RF/NordicSemiconductor.nRF_Properitary_RF.1.2.1.pack
                NordicSemiconductor::nRF_Properitary_RF:gzll:default:1.2.1
                Proprietary RF protocols for Nordic Semiconductor nRF family.
   * Component: gzll Variant: default Version: 1.2.1

Package Vendor: NordicSemiconductor
                http://developer.nordicsemi.com/nRF51_SDK/pieces/nRF_Libraries/NordicSemiconductor.nRF_Libraries.3.0.1.pack
                NordicSemiconductor::nRF_Libraries:nrf_assert:3.0.1
                Software modules for Nordic Semiconductor nRF family.
   * Component: nrf_assert Version: 3.0.1
   * Component: app_util Variant: default Version: 3.0.1
   * Component: nordic_common Version: 3.0.1
   * Component: app_error Version: 3.0.1

Package Vendor: NordicSemiconductor
                http://developer.nordicsemi.com/nRF51_SDK/pieces/nRF_SoftDevice_S110/NordicSemiconductor.nRF_SoftDevice_S110.8.0.2.pack
                NordicSemiconductor::nRF_SoftDevice:s110:default:8.0.2
                Components for Bluetooth Low Energy (Bluetooth Smart) S110 SoftDevice for Nordic Semiconductor nRF family.
   * Component: s110 Variant: default Version: 8.0.2

Package Vendor: NordicSemiconductor
                http://developer.nordicsemi.com/nRF51_SDK/pieces/nRF_SoftDevice_Common/NordicSemiconductor.nRF_SoftDevice_Common.1.1.4.pack
                NordicSemiconductor::nRF_SoftDevice:softdevice_hex:S110:1.1.4
                Common components for Nordic Semiconductor nRF family SoftDevices.
   * Component: softdevice_hex Variant: S110 Version: 1.1.4
   * Component: s110_hex Version: 8.0.2
   * Component: sd_common Variant: default Version: 1.1.4
   * Component: softdevice_present Version: 1.1.4

<h2>Collection of Component include folders:</h2>
  D:\备份电转向代码\电转向_方向盘\ESS_CA_V1.0_20191024_Beta_转接板\N6_CA_V3.1_20190220\project\RTE
  D:\备份电转向代码\电转向_方向盘\ESS_CA_V1.0_20191024_Beta_转接板\N6_CA_V3.1_20190220\project\RTE\nRF_Drivers\nRF51422_xxAC
  D:\备份电转向代码\电转向_方向盘\ESS_CA_V1.0_20191024_Beta_转接板\N6_CA_V3.1_20190220\project\RTE\nRF_Libraries\nRF51422_xxAC
  C:\Keil_v5\ARM\PACK\ARM\CMSIS\4.2.0\CMSIS\Include
  C:\Keil_v5\ARM\PACK\NordicSemiconductor\nRF_DeviceFamilyPack\8.24.1\Device\Include
  C:\Keil_v5\ARM\PACK\NordicSemiconductor\nRF_Drivers\3.0.1\common
  C:\Keil_v5\ARM\PACK\NordicSemiconductor\nRF_Drivers\3.0.1\hal
  C:\Keil_v5\ARM\PACK\NordicSemiconductor\nRF_Drivers\3.0.1\pstorage
  C:\Keil_v5\ARM\PACK\NordicSemiconductor\nRF_Libraries\3.0.1\util
  C:\Keil_v5\ARM\PACK\NordicSemiconductor\nRF_Properitary_RF\1.2.1\gzll
  C:\Keil_v5\ARM\PACK\NordicSemiconductor\nRF_SoftDevice_Common\1.1.4\softdevice_handler
  C:\Keil_v5\ARM\PACK\NordicSemiconductor\nRF_SoftDevice_S110\8.0.2\headers

<h2>Collection of Component Files used:</h2>

   * Component: ARM::CMSIS:CORE:3.40.0
      Source file:   CMSIS\UserCodeTemplates\ARM\ITM_Retarget.c

   * Component: NordicSemiconductor::Device:Startup:8.24.1
      Source file:   Device\Source\arm\arm_startup_nrf51.s
      Include file:  Device\Include\system_nrf51.h
      Source file:   Device\Source\system_nrf51.c

   * Component: NordicSemiconductor::nRF_Drivers:nrf_error:default:3.0.1

   * Component: NordicSemiconductor::nRF_Drivers:nrf_ecb:3.0.1
      Source file:   hal\nrf_ecb.c
      Include file:  hal\nrf_ecb.h

   * Component: NordicSemiconductor::nRF_Drivers:pstorage:default:3.0.1
      Include file:  pstorage\pstorage.h
      Include file:  pstorage\config\pstorage_platform.h
      Source file:   pstorage\pstorage.c

   * Component: NordicSemiconductor::nRF_Drivers:nrf_nvmc:3.0.1
      Source file:   hal\nrf_nvmc.c
      Include file:  hal\nrf_nvmc.h

   * Component: NordicSemiconductor::nRF_Drivers:nrf_delay:3.0.1
      Include file:  hal\nrf_delay.h
      Source file:   hal\nrf_delay.c

   * Component: NordicSemiconductor::nRF_Drivers:nrf_soc:default:3.0.1

   * Component: NordicSemiconductor::nRF_Drivers:app_uart:Fifo:3.0.1
      Source file:   uart\app_uart_fifo.c
      Include file:  uart\app_uart.h

   * Component: NordicSemiconductor::nRF_Drivers:nrf_drv_common:3.0.1
      Source file:   common\nrf_drv_common.c
      Include file:  common\nrf_drv_common.h

   * Component: NordicSemiconductor::nRF_Properitary_RF:gzll:default:1.2.1
      Library file:  gzll\arm\gzll_arm.lib

   * Component: NordicSemiconductor::nRF_Libraries:nrf_assert:3.0.1
      Source file:   util\nrf_assert.c
      Include file:  util\nrf_assert.h

   * Component: NordicSemiconductor::nRF_Libraries:app_util:default:3.0.1

   * Component: NordicSemiconductor::nRF_Libraries:nordic_common:3.0.1

   * Component: NordicSemiconductor::nRF_Libraries:app_error:3.0.1
      Include file:  util\app_error.h
      Source file:   util\app_error.c

   * Component: NordicSemiconductor::nRF_SoftDevice:s110:default:8.0.2
      Include file:  headers\ble_gatt.h
      Include file:  headers\ble_hci.h
      Include file:  headers\ble_err.h
      Include file:  headers\ble_ranges.h
      Include file:  headers\ble_l2cap.h
      Include file:  headers\nrf_error_soc.h
      Include file:  headers\ble.h
      Include file:  headers\nrf_error.h
      Include file:  headers\nrf_mbr.h
      Include file:  headers\nrf_svc.h
      Include file:  headers\nrf_soc.h
      Include file:  headers\ble_gap.h
      Include file:  headers\ble_types.h
      Include file:  headers\ble_gatts.h
      Include file:  headers\ble_gattc.h
      Include file:  headers\nrf_error_sdm.h
      Include file:  headers\nrf_sdm.h
      Include file:  headers\softdevice_assert.h
      Include file:  headers\nrf_sd_def.h

   * Component: NordicSemiconductor::nRF_SoftDevice:softdevice_hex:S110:1.1.4

   * Component: NordicSemiconductor::nRF_SoftDevice:s110_hex:8.0.2

   * Component: NordicSemiconductor::nRF_SoftDevice:Internal:sd_common:default:1.1.4
      Source file:   softdevice_handler\softdevice_handler.c

   * Component: NordicSemiconductor::nRF_SoftDevice:Internal:softdevice_present:1.1.4
</pre>
</body>
</html>
