<!doctype html public "-//w3c//dtd html 4.0 transitional//en">
<html><head>
<title>Static Call Graph - [.\_build\nrf51422_xxac_s110.axf]</title></head>
<body><HR>
<H1>Static Call Graph for image .\_build\nrf51422_xxac_s110.axf</H1><HR>
<BR><P>#&#060CALLGRAPH&#062# ARM Linker, 5050106: Last Updated: Mon Dec 02 19:15:46 2019
<BR><P>
<H3>Maximum Stack Usage =        376 bytes + Unknown(Cycles, Untraceable Function Pointers)</H3><H3>
Call chain for Maximum Stack Depth:</H3>
main &rArr; BLE_Init &rArr; advertising_init &rArr; ble_advertising_init &rArr; ble_advdata_set &rArr; adv_data_encode &rArr; uuid_list_encode &rArr; uuid_list_sized_encode
<P>
<H3>
Mutually Recursive functions
</H3> <LI><a href="#[3]">NMI_Handler</a>&nbsp;&nbsp;&nbsp;&rArr;&nbsp;&nbsp;&nbsp;<a href="#[3]">NMI_Handler</a><BR>
 <LI><a href="#[5]">SVC_Handler</a>&nbsp;&nbsp;&nbsp;&rArr;&nbsp;&nbsp;&nbsp;<a href="#[5]">SVC_Handler</a><BR>
 <LI><a href="#[6]">PendSV_Handler</a>&nbsp;&nbsp;&nbsp;&rArr;&nbsp;&nbsp;&nbsp;<a href="#[6]">PendSV_Handler</a><BR>
 <LI><a href="#[7]">SysTick_Handler</a>&nbsp;&nbsp;&nbsp;&rArr;&nbsp;&nbsp;&nbsp;<a href="#[7]">SysTick_Handler</a><BR>
 <LI><a href="#[e]">ADC_IRQHandler</a>&nbsp;&nbsp;&nbsp;&rArr;&nbsp;&nbsp;&nbsp;<a href="#[e]">ADC_IRQHandler</a><BR>
 <LI><a href="#[4a]">__asm___20_app_timer_ble_gzll_c_cd27f9c3__nrf_delay_us</a>&nbsp;&nbsp;&nbsp;&rArr;&nbsp;&nbsp;&nbsp;<a href="#[4a]">__asm___20_app_timer_ble_gzll_c_cd27f9c3__nrf_delay_us</a><BR>
 <LI><a href="#[4b]">__asm___15_nrf_link_core_c_b93f5dba__nrf_delay_us</a>&nbsp;&nbsp;&nbsp;&rArr;&nbsp;&nbsp;&nbsp;<a href="#[4b]">__asm___15_nrf_link_core_c_b93f5dba__nrf_delay_us</a><BR>
 <LI><a href="#[48]">__asm___7_myiic_c_delay_us__nrf_delay_us</a>&nbsp;&nbsp;&nbsp;&rArr;&nbsp;&nbsp;&nbsp;<a href="#[48]">__asm___7_myiic_c_delay_us__nrf_delay_us</a><BR>
 <LI><a href="#[49]">__asm___11_nrf_delay_c_532987f3__nrf_delay_us</a>&nbsp;&nbsp;&nbsp;&rArr;&nbsp;&nbsp;&nbsp;<a href="#[49]">__asm___11_nrf_delay_c_532987f3__nrf_delay_us</a><BR>
 <LI><a href="#[13e]">app_notify_error_state_transit</a>&nbsp;&nbsp;&nbsp;&rArr;&nbsp;&nbsp;&nbsp;<a href="#[140]">sm_state_change</a><BR>
 <LI><a href="#[18a]">cmd_queue_dequeue</a>&nbsp;&nbsp;&nbsp;&rArr;&nbsp;&nbsp;&nbsp;<a href="#[188]">cmd_process</a><BR>
</UL>
<P>
<H3>
Function Pointers
</H3><UL>
 <LI><a href="#[e]">ADC_IRQHandler</a> from arm_startup_nrf51.o(.text) referenced from arm_startup_nrf51.o(RESET)
 <LI><a href="#[16]">CCM_AAR_IRQHandler</a> from arm_startup_nrf51.o(.text) referenced from arm_startup_nrf51.o(RESET)
 <LI><a href="#[15]">ECB_IRQHandler</a> from arm_startup_nrf51.o(.text) referenced from arm_startup_nrf51.o(RESET)
 <LI><a href="#[d]">GPIOTE_IRQHandler</a> from nrf_drv_gpiote.o(i.GPIOTE_IRQHandler) referenced from arm_startup_nrf51.o(RESET)
 <LI><a href="#[4]">HardFault_Handler</a> from main.o(i.HardFault_Handler) referenced from arm_startup_nrf51.o(RESET)
 <LI><a href="#[1a]">LPCOMP_IRQHandler</a> from arm_startup_nrf51.o(.text) referenced from arm_startup_nrf51.o(RESET)
 <LI><a href="#[3]">NMI_Handler</a> from arm_startup_nrf51.o(.text) referenced from arm_startup_nrf51.o(RESET)
 <LI><a href="#[8]">POWER_CLOCK_IRQHandler</a> from arm_startup_nrf51.o(.text) referenced from arm_startup_nrf51.o(RESET)
 <LI><a href="#[6]">PendSV_Handler</a> from arm_startup_nrf51.o(.text) referenced from arm_startup_nrf51.o(RESET)
 <LI><a href="#[19]">QDEC_IRQHandler</a> from arm_startup_nrf51.o(.text) referenced from arm_startup_nrf51.o(RESET)
 <LI><a href="#[9]">RADIO_IRQHandler</a> from nrf_link_core.o(i.RADIO_IRQHandler) referenced from arm_startup_nrf51.o(RESET)
 <LI><a href="#[14]">RNG_IRQHandler</a> from arm_startup_nrf51.o(.text) referenced from arm_startup_nrf51.o(RESET)
 <LI><a href="#[12]">RTC0_IRQHandler</a> from arm_startup_nrf51.o(.text) referenced from arm_startup_nrf51.o(RESET)
 <LI><a href="#[18]">RTC1_IRQHandler</a> from app_timer_ble_gzll.o(i.RTC1_IRQHandler) referenced from arm_startup_nrf51.o(RESET)
 <LI><a href="#[2]">Reset_Handler</a> from arm_startup_nrf51.o(.text) referenced from arm_startup_nrf51.o(RESET)
 <LI><a href="#[b]">SPI0_TWI0_IRQHandler</a> from arm_startup_nrf51.o(.text) referenced from arm_startup_nrf51.o(RESET)
 <LI><a href="#[c]">SPI1_TWI1_IRQHandler</a> from arm_startup_nrf51.o(.text) referenced from arm_startup_nrf51.o(RESET)
 <LI><a href="#[5]">SVC_Handler</a> from arm_startup_nrf51.o(.text) referenced from arm_startup_nrf51.o(RESET)
 <LI><a href="#[1b]">SWI0_IRQHandler</a> from nrf_notification_manager.o(i.SWI0_IRQHandler) referenced from arm_startup_nrf51.o(RESET)
 <LI><a href="#[1c]">SWI1_IRQHandler</a> from app_timer_ble_gzll.o(i.SWI1_IRQHandler) referenced from arm_startup_nrf51.o(RESET)
 <LI><a href="#[1d]">SWI2_IRQHandler</a> from softdevice_handler.o(i.SWI2_IRQHandler) referenced from arm_startup_nrf51.o(RESET)
 <LI><a href="#[1e]">SWI3_IRQHandler</a> from arm_startup_nrf51.o(.text) referenced from arm_startup_nrf51.o(RESET)
 <LI><a href="#[1f]">SWI4_IRQHandler</a> from arm_startup_nrf51.o(.text) referenced from arm_startup_nrf51.o(RESET)
 <LI><a href="#[20]">SWI5_IRQHandler</a> from arm_startup_nrf51.o(.text) referenced from arm_startup_nrf51.o(RESET)
 <LI><a href="#[7]">SysTick_Handler</a> from arm_startup_nrf51.o(.text) referenced from arm_startup_nrf51.o(RESET)
 <LI><a href="#[22]">SystemInit</a> from system_nrf51.o(i.SystemInit) referenced from arm_startup_nrf51.o(.text)
 <LI><a href="#[13]">TEMP_IRQHandler</a> from arm_startup_nrf51.o(.text) referenced from arm_startup_nrf51.o(RESET)
 <LI><a href="#[f]">TIMER0_IRQHandler</a> from arm_startup_nrf51.o(.text) referenced from arm_startup_nrf51.o(RESET)
 <LI><a href="#[10]">TIMER1_IRQHandler</a> from ep_tick.o(i.TIMER1_IRQHandler) referenced from arm_startup_nrf51.o(RESET)
 <LI><a href="#[11]">TIMER2_IRQHandler</a> from nrf_flywheel.o(i.TIMER2_IRQHandler) referenced from arm_startup_nrf51.o(RESET)
 <LI><a href="#[a]">UART0_IRQHandler</a> from ep_comm.o(i.UART0_IRQHandler) referenced from arm_startup_nrf51.o(RESET)
 <LI><a href="#[17]">WDT_IRQHandler</a> from arm_startup_nrf51.o(.text) referenced from arm_startup_nrf51.o(RESET)
 <LI><a href="#[23]">__main</a> from entry.o(.ARM.Collect$$$$00000000) referenced from arm_startup_nrf51.o(.text)
 <LI><a href="#[24]">access_data_handler</a> from ep_ble_access.o(i.access_data_handler) referenced from ep_ble_access.o(i.ACCESS_ble_init)
 <LI><a href="#[2f]">async_state_packet_received</a> from nrf_impala.o(i.async_state_packet_received) referenced from nrf_impala.o(i.async_state_rx_enabling)
 <LI><a href="#[2e]">async_state_tx_ack_complete</a> from nrf_impala.o(i.async_state_tx_ack_complete) referenced from nrf_impala.o(i.async_state_packet_received)
 <LI><a href="#[25]">battery_data_handler</a> from ep_ble_battery.o(i.battery_data_handler) referenced from ep_ble_battery.o(i.BATTERY_ble_init)
 <LI><a href="#[25]">battery_data_handler</a> from ep_ble_battery.o(i.battery_data_handler) referenced from ep_ble_battery.o(i.BATTERY_service_init)
 <LI><a href="#[31]">ble_evt_dispatch</a> from ep_ble_init.o(i.ble_evt_dispatch) referenced from ep_ble_init.o(i.ble_stack_init)
 <LI><a href="#[3b]">bsp_button_event_handler</a> from ep_button.o(i.bsp_button_event_handler) referenced from ep_button.o(.constdata)
 <LI><a href="#[34]">conn_params_error_handler</a> from ep_ble_init.o(i.conn_params_error_handler) referenced from ep_ble_init.o(i.conn_params_init)
 <LI><a href="#[43]">data_page_erase_state_run</a> from pstorage.o(i.data_page_erase_state_run) referenced from pstorage.o(.constdata)
 <LI><a href="#[42]">data_to_swap_write_state_run</a> from pstorage.o(i.data_to_swap_write_state_run) referenced from pstorage.o(.constdata)
 <LI><a href="#[2d]">detection_delay_timeout_handler</a> from app_button.o(i.detection_delay_timeout_handler) referenced from app_button.o(i.app_button_init)
 <LI><a href="#[38]">device_ack_received</a> from nrf_impala.o(i.device_ack_received) referenced from nrf_impala.o(i.nrf_impl_state_fun_timeslot_start)
 <LI><a href="#[26]">device_info_data_handler</a> from ep_ble_device_info.o(i.device_info_data_handler) referenced from ep_ble_device_info.o(i.DeviceInfo_ble_init)
 <LI><a href="#[3a]">gazell_send_packet_timeout_handler</a> from ep_ble_init.o(i.gazell_send_packet_timeout_handler) referenced from ep_ble_init.o(i.timers_init)
 <LI><a href="#[2c]">gpiote_event_handler</a> from app_button.o(i.gpiote_event_handler) referenced from app_button.o(i.app_button_init)
 <LI><a href="#[45]">head_restore_state_run</a> from pstorage.o(i.head_restore_state_run) referenced from pstorage.o(.constdata)
 <LI><a href="#[35]">m_radio_callback</a> from ep_timeslot.o(i.m_radio_callback) referenced from ep_timeslot.o(i.gazell_sd_radio_init)
 <LI><a href="#[21]">main</a> from main.o(i.main) referenced from entry9a.o(.ARM.Collect$$$$0000000B)
 <LI><a href="#[27]">motor_data_handler</a> from ep_ble_motor.o(i.motor_data_handler) referenced from ep_ble_motor.o(i.MOTOR_ble_init)
 <LI><a href="#[28]">navig_data_handler</a> from ep_ble_navigation.o(i.navig_data_handler) referenced from ep_ble_navigation.o(i.NAVIG_ble_init)
 <LI><a href="#[28]">navig_data_handler</a> from ep_ble_navigation.o(i.navig_data_handler) referenced from ep_ble_navigation.o(i.NAVIG_service_init)
 <LI><a href="#[36]">notification_cb</a> from nrf_gzll.o(i.notification_cb) referenced from nrf_gzll.o(i.nrf_gzll_init)
 <LI><a href="#[1]">nrf_impl_state_fun_device_send_packet</a> from nrf_impala.o(i.nrf_impl_state_fun_device_send_packet) referenced 2 times from nrf_state_machine.o(.data)
 <LI><a href="#[0]">nrf_impl_state_fun_timeslot_start</a> from nrf_impala.o(i.nrf_impl_state_fun_timeslot_start) referenced 2 times from nrf_state_machine.o(.data)
 <LI><a href="#[37]">nrf_sm_execute</a> from nrf_state_machine.o(i.nrf_sm_execute) referenced from nrf_impala.o(i.nrf_impl_state_fun_device_send_packet)
 <LI><a href="#[37]">nrf_sm_execute</a> from nrf_state_machine.o(i.nrf_sm_execute) referenced 2 times from nrf_impala.o(i.nrf_impl_state_fun_timeslot_start)
 <LI><a href="#[37]">nrf_sm_execute</a> from nrf_state_machine.o(i.nrf_sm_execute) referenced from nrf_impala.o(i.sm_start)
 <LI><a href="#[2b]">on_adv_evt</a> from ep_ble_init.o(i.on_adv_evt) referenced from ep_ble_init.o(i.advertising_init)
 <LI><a href="#[33]">on_conn_params_evt</a> from ep_ble_init.o(i.on_conn_params_evt) referenced from ep_ble_init.o(i.conn_params_init)
 <LI><a href="#[29]">ps_cb_handler</a> from ep_pstorage.o(i.ps_cb_handler) referenced from ep_pstorage.o(i.PSTORAGE_Init)
 <LI><a href="#[39]">softdevice_assertion_handler</a> from softdevice_handler.o(i.softdevice_assertion_handler) referenced from softdevice_handler.o(i.softdevice_handler_init)
 <LI><a href="#[3e]">state_erase_data_page_entry_run</a> from pstorage.o(i.state_erase_data_page_entry_run) referenced from pstorage.o(.constdata)
 <LI><a href="#[40]">state_restore_head_entry_run</a> from pstorage.o(i.state_restore_head_entry_run) referenced from pstorage.o(.constdata)
 <LI><a href="#[3f]">state_restore_tail_entry_run</a> from pstorage.o(i.state_restore_tail_entry_run) referenced from pstorage.o(.constdata)
 <LI><a href="#[3c]">state_swap_erase_entry_run</a> from pstorage.o(i.state_swap_erase_entry_run) referenced from pstorage.o(.constdata)
 <LI><a href="#[3d]">state_write_data_swap_entry_run</a> from pstorage.o(i.state_write_data_swap_entry_run) referenced from pstorage.o(.constdata)
 <LI><a href="#[2a]">steer_data_handler</a> from ep_ble_steer.o(i.steer_data_handler) referenced from ep_ble_steer.o(i.STEER_ble_init)
 <LI><a href="#[41]">swap_erase_state_run</a> from pstorage.o(i.swap_erase_state_run) referenced from pstorage.o(.constdata)
 <LI><a href="#[32]">sys_evt_dispatch</a> from ep_ble_init.o(i.sys_evt_dispatch) referenced from ep_ble_init.o(i.ble_stack_init)
 <LI><a href="#[44]">tail_restore_state_run</a> from pstorage.o(i.tail_restore_state_run) referenced from pstorage.o(.constdata)
 <LI><a href="#[30]">update_timeout_handler</a> from ble_conn_params.o(i.update_timeout_handler) referenced from ble_conn_params.o(i.ble_conn_params_init)
</UL>
<P>
<H3>
Global Symbols
</H3>
<P><STRONG><a name="[23]"></a>__main</STRONG> (Thumb, 0 bytes, Stack size unknown bytes, entry.o(.ARM.Collect$$$$00000000))
<BR>[Address Reference Count : 1]<UL><LI> arm_startup_nrf51.o(.text)
</UL>
<P><STRONG><a name="[236]"></a>_main_stk</STRONG> (Thumb, 0 bytes, Stack size unknown bytes, entry2.o(.ARM.Collect$$$$00000001))

<P><STRONG><a name="[46]"></a>_main_scatterload</STRONG> (Thumb, 0 bytes, Stack size unknown bytes, entry5.o(.ARM.Collect$$$$00000004))
<BR><BR>[Calls]<UL><LI><a href="#[47]">&gt;&gt;</a>&nbsp;&nbsp;&nbsp;__scatterload
</UL>

<P><STRONG><a name="[53]"></a>__main_after_scatterload</STRONG> (Thumb, 0 bytes, Stack size unknown bytes, entry5.o(.ARM.Collect$$$$00000004))
<BR><BR>[Called By]<UL><LI><a href="#[47]">&gt;&gt;</a>&nbsp;&nbsp;&nbsp;__scatterload
</UL>

<P><STRONG><a name="[237]"></a>_main_clock</STRONG> (Thumb, 0 bytes, Stack size unknown bytes, entry7b.o(.ARM.Collect$$$$00000008))

<P><STRONG><a name="[238]"></a>_main_cpp_init</STRONG> (Thumb, 0 bytes, Stack size unknown bytes, entry8b.o(.ARM.Collect$$$$0000000A))

<P><STRONG><a name="[239]"></a>_main_init</STRONG> (Thumb, 0 bytes, Stack size unknown bytes, entry9a.o(.ARM.Collect$$$$0000000B))

<P><STRONG><a name="[23a]"></a>__rt_final_cpp</STRONG> (Thumb, 0 bytes, Stack size unknown bytes, entry10a.o(.ARM.Collect$$$$0000000D))

<P><STRONG><a name="[23b]"></a>__rt_final_exit</STRONG> (Thumb, 0 bytes, Stack size unknown bytes, entry11a.o(.ARM.Collect$$$$0000000F))

<P><STRONG><a name="[48]"></a>__asm___7_myiic_c_delay_us__nrf_delay_us</STRONG> (Thumb, 30 bytes, Stack size 0 bytes, myiic.o(.emb_text))
<BR><BR>[Calls]<UL><LI><a href="#[48]">&gt;&gt;</a>&nbsp;&nbsp;&nbsp;__asm___7_myiic_c_delay_us__nrf_delay_us
</UL>
<BR>[Called By]<UL><LI><a href="#[d4]">&gt;&gt;</a>&nbsp;&nbsp;&nbsp;delay_us
<LI><a href="#[48]">&gt;&gt;</a>&nbsp;&nbsp;&nbsp;__asm___7_myiic_c_delay_us__nrf_delay_us
</UL>

<P><STRONG><a name="[49]"></a>__asm___11_nrf_delay_c_532987f3__nrf_delay_us</STRONG> (Thumb, 30 bytes, Stack size 0 bytes, nrf_delay.o(.emb_text))
<BR><BR>[Calls]<UL><LI><a href="#[49]">&gt;&gt;</a>&nbsp;&nbsp;&nbsp;__asm___11_nrf_delay_c_532987f3__nrf_delay_us
</UL>
<BR>[Called By]<UL><LI><a href="#[10d]">&gt;&gt;</a>&nbsp;&nbsp;&nbsp;nrf_delay_ms
<LI><a href="#[49]">&gt;&gt;</a>&nbsp;&nbsp;&nbsp;__asm___11_nrf_delay_c_532987f3__nrf_delay_us
</UL>

<P><STRONG><a name="[4a]"></a>__asm___20_app_timer_ble_gzll_c_cd27f9c3__nrf_delay_us</STRONG> (Thumb, 30 bytes, Stack size 0 bytes, app_timer_ble_gzll.o(.emb_text))
<BR><BR>[Calls]<UL><LI><a href="#[4a]">&gt;&gt;</a>&nbsp;&nbsp;&nbsp;__asm___20_app_timer_ble_gzll_c_cd27f9c3__nrf_delay_us
</UL>
<BR>[Called By]<UL><LI><a href="#[4a]">&gt;&gt;</a>&nbsp;&nbsp;&nbsp;__asm___20_app_timer_ble_gzll_c_cd27f9c3__nrf_delay_us
<LI><a href="#[142]">&gt;&gt;</a>&nbsp;&nbsp;&nbsp;rtc1_stop
<LI><a href="#[191]">&gt;&gt;</a>&nbsp;&nbsp;&nbsp;rtc1_start
</UL>

<P><STRONG><a name="[4b]"></a>__asm___15_nrf_link_core_c_b93f5dba__nrf_delay_us</STRONG> (Thumb, 30 bytes, Stack size 0 bytes, nrf_link_core.o(.emb_text))
<BR><BR>[Calls]<UL><LI><a href="#[4b]">&gt;&gt;</a>&nbsp;&nbsp;&nbsp;__asm___15_nrf_link_core_c_b93f5dba__nrf_delay_us
</UL>
<BR>[Called By]<UL><LI><a href="#[4b]">&gt;&gt;</a>&nbsp;&nbsp;&nbsp;__asm___15_nrf_link_core_c_b93f5dba__nrf_delay_us
<LI><a href="#[14d]">&gt;&gt;</a>&nbsp;&nbsp;&nbsp;nrf_lcore_force_disable
</UL>

<P><STRONG><a name="[2]"></a>Reset_Handler</STRONG> (Thumb, 26 bytes, Stack size 0 bytes, arm_startup_nrf51.o(.text))
<BR>[Address Reference Count : 1]<UL><LI> arm_startup_nrf51.o(RESET)
</UL>
<P><STRONG><a name="[3]"></a>NMI_Handler</STRONG> (Thumb, 2 bytes, Stack size 0 bytes, arm_startup_nrf51.o(.text))
<BR><BR>[Calls]<UL><LI><a href="#[3]">&gt;&gt;</a>&nbsp;&nbsp;&nbsp;NMI_Handler
</UL>
<BR>[Called By]<UL><LI><a href="#[3]">&gt;&gt;</a>&nbsp;&nbsp;&nbsp;NMI_Handler
</UL>
<BR>[Address Reference Count : 1]<UL><LI> arm_startup_nrf51.o(RESET)
</UL>
<P><STRONG><a name="[5]"></a>SVC_Handler</STRONG> (Thumb, 2 bytes, Stack size 0 bytes, arm_startup_nrf51.o(.text))
<BR><BR>[Calls]<UL><LI><a href="#[5]">&gt;&gt;</a>&nbsp;&nbsp;&nbsp;SVC_Handler
</UL>
<BR>[Called By]<UL><LI><a href="#[5]">&gt;&gt;</a>&nbsp;&nbsp;&nbsp;SVC_Handler
</UL>
<BR>[Address Reference Count : 1]<UL><LI> arm_startup_nrf51.o(RESET)
</UL>
<P><STRONG><a name="[6]"></a>PendSV_Handler</STRONG> (Thumb, 2 bytes, Stack size 0 bytes, arm_startup_nrf51.o(.text))
<BR><BR>[Calls]<UL><LI><a href="#[6]">&gt;&gt;</a>&nbsp;&nbsp;&nbsp;PendSV_Handler
</UL>
<BR>[Called By]<UL><LI><a href="#[6]">&gt;&gt;</a>&nbsp;&nbsp;&nbsp;PendSV_Handler
</UL>
<BR>[Address Reference Count : 1]<UL><LI> arm_startup_nrf51.o(RESET)
</UL>
<P><STRONG><a name="[7]"></a>SysTick_Handler</STRONG> (Thumb, 2 bytes, Stack size 0 bytes, arm_startup_nrf51.o(.text))
<BR><BR>[Calls]<UL><LI><a href="#[7]">&gt;&gt;</a>&nbsp;&nbsp;&nbsp;SysTick_Handler
</UL>
<BR>[Called By]<UL><LI><a href="#[7]">&gt;&gt;</a>&nbsp;&nbsp;&nbsp;SysTick_Handler
</UL>
<BR>[Address Reference Count : 1]<UL><LI> arm_startup_nrf51.o(RESET)
</UL>
<P><STRONG><a name="[e]"></a>ADC_IRQHandler</STRONG> (Thumb, 0 bytes, Stack size 0 bytes, arm_startup_nrf51.o(.text))
<BR><BR>[Calls]<UL><LI><a href="#[e]">&gt;&gt;</a>&nbsp;&nbsp;&nbsp;ADC_IRQHandler
</UL>
<BR>[Called By]<UL><LI><a href="#[e]">&gt;&gt;</a>&nbsp;&nbsp;&nbsp;ADC_IRQHandler
</UL>
<BR>[Address Reference Count : 1]<UL><LI> arm_startup_nrf51.o(RESET)
</UL>
<P><STRONG><a name="[16]"></a>CCM_AAR_IRQHandler</STRONG> (Thumb, 0 bytes, Stack size 0 bytes, arm_startup_nrf51.o(.text))
<BR>[Address Reference Count : 1]<UL><LI> arm_startup_nrf51.o(RESET)
</UL>
<P><STRONG><a name="[15]"></a>ECB_IRQHandler</STRONG> (Thumb, 0 bytes, Stack size 0 bytes, arm_startup_nrf51.o(.text))
<BR>[Address Reference Count : 1]<UL><LI> arm_startup_nrf51.o(RESET)
</UL>
<P><STRONG><a name="[1a]"></a>LPCOMP_IRQHandler</STRONG> (Thumb, 0 bytes, Stack size 0 bytes, arm_startup_nrf51.o(.text))
<BR>[Address Reference Count : 1]<UL><LI> arm_startup_nrf51.o(RESET)
</UL>
<P><STRONG><a name="[8]"></a>POWER_CLOCK_IRQHandler</STRONG> (Thumb, 0 bytes, Stack size 0 bytes, arm_startup_nrf51.o(.text))
<BR>[Address Reference Count : 1]<UL><LI> arm_startup_nrf51.o(RESET)
</UL>
<P><STRONG><a name="[19]"></a>QDEC_IRQHandler</STRONG> (Thumb, 0 bytes, Stack size 0 bytes, arm_startup_nrf51.o(.text))
<BR>[Address Reference Count : 1]<UL><LI> arm_startup_nrf51.o(RESET)
</UL>
<P><STRONG><a name="[14]"></a>RNG_IRQHandler</STRONG> (Thumb, 0 bytes, Stack size 0 bytes, arm_startup_nrf51.o(.text))
<BR>[Address Reference Count : 1]<UL><LI> arm_startup_nrf51.o(RESET)
</UL>
<P><STRONG><a name="[12]"></a>RTC0_IRQHandler</STRONG> (Thumb, 0 bytes, Stack size 0 bytes, arm_startup_nrf51.o(.text))
<BR>[Address Reference Count : 1]<UL><LI> arm_startup_nrf51.o(RESET)
</UL>
<P><STRONG><a name="[b]"></a>SPI0_TWI0_IRQHandler</STRONG> (Thumb, 0 bytes, Stack size 0 bytes, arm_startup_nrf51.o(.text))
<BR>[Address Reference Count : 1]<UL><LI> arm_startup_nrf51.o(RESET)
</UL>
<P><STRONG><a name="[c]"></a>SPI1_TWI1_IRQHandler</STRONG> (Thumb, 0 bytes, Stack size 0 bytes, arm_startup_nrf51.o(.text))
<BR>[Address Reference Count : 1]<UL><LI> arm_startup_nrf51.o(RESET)
</UL>
<P><STRONG><a name="[1e]"></a>SWI3_IRQHandler</STRONG> (Thumb, 0 bytes, Stack size 0 bytes, arm_startup_nrf51.o(.text))
<BR>[Address Reference Count : 1]<UL><LI> arm_startup_nrf51.o(RESET)
</UL>
<P><STRONG><a name="[1f]"></a>SWI4_IRQHandler</STRONG> (Thumb, 0 bytes, Stack size 0 bytes, arm_startup_nrf51.o(.text))
<BR>[Address Reference Count : 1]<UL><LI> arm_startup_nrf51.o(RESET)
</UL>
<P><STRONG><a name="[20]"></a>SWI5_IRQHandler</STRONG> (Thumb, 0 bytes, Stack size 0 bytes, arm_startup_nrf51.o(.text))
<BR>[Address Reference Count : 1]<UL><LI> arm_startup_nrf51.o(RESET)
</UL>
<P><STRONG><a name="[13]"></a>TEMP_IRQHandler</STRONG> (Thumb, 0 bytes, Stack size 0 bytes, arm_startup_nrf51.o(.text))
<BR>[Address Reference Count : 1]<UL><LI> arm_startup_nrf51.o(RESET)
</UL>
<P><STRONG><a name="[f]"></a>TIMER0_IRQHandler</STRONG> (Thumb, 0 bytes, Stack size 0 bytes, arm_startup_nrf51.o(.text))
<BR>[Address Reference Count : 1]<UL><LI> arm_startup_nrf51.o(RESET)
</UL>
<P><STRONG><a name="[17]"></a>WDT_IRQHandler</STRONG> (Thumb, 0 bytes, Stack size 0 bytes, arm_startup_nrf51.o(.text))
<BR>[Address Reference Count : 1]<UL><LI> arm_startup_nrf51.o(RESET)
</UL>
<P><STRONG><a name="[23c]"></a>__aeabi_uidiv</STRONG> (Thumb, 0 bytes, Stack size 12 bytes, uidiv.o(.text), UNUSED)

<P><STRONG><a name="[4d]"></a>__aeabi_uidivmod</STRONG> (Thumb, 44 bytes, Stack size 12 bytes, uidiv.o(.text))
<BR><BR>[Stack]<UL><LI>Max Depth = 12<LI>Call Chain = __aeabi_uidivmod
</UL>
<BR>[Called By]<UL><LI><a href="#[57]">&gt;&gt;</a>&nbsp;&nbsp;&nbsp;ADC_GetBatVol
<LI><a href="#[fb]">&gt;&gt;</a>&nbsp;&nbsp;&nbsp;pstorage_clear
<LI><a href="#[c1]">&gt;&gt;</a>&nbsp;&nbsp;&nbsp;Gzll_ChannelTableSet
<LI><a href="#[3a]">&gt;&gt;</a>&nbsp;&nbsp;&nbsp;gazell_send_packet_timeout_handler
<LI><a href="#[10]">&gt;&gt;</a>&nbsp;&nbsp;&nbsp;TIMER1_IRQHandler
<LI><a href="#[3c]">&gt;&gt;</a>&nbsp;&nbsp;&nbsp;state_swap_erase_entry_run
<LI><a href="#[3f]">&gt;&gt;</a>&nbsp;&nbsp;&nbsp;state_restore_tail_entry_run
<LI><a href="#[22a]">&gt;&gt;</a>&nbsp;&nbsp;&nbsp;state_data_erase_swap_entry_run
<LI><a href="#[21d]">&gt;&gt;</a>&nbsp;&nbsp;&nbsp;pstorage_flash_page_end
<LI><a href="#[1b5]">&gt;&gt;</a>&nbsp;&nbsp;&nbsp;is_tail_data_page_swap_required
<LI><a href="#[197]">&gt;&gt;</a>&nbsp;&nbsp;&nbsp;is_page_erase_required
<LI><a href="#[182]">&gt;&gt;</a>&nbsp;&nbsp;&nbsp;clear_operation_execute
<LI><a href="#[184]">&gt;&gt;</a>&nbsp;&nbsp;&nbsp;tail_word_size_calculate
<LI><a href="#[4c]">&gt;&gt;</a>&nbsp;&nbsp;&nbsp;__aeabi_idivmod
</UL>

<P><STRONG><a name="[23d]"></a>__aeabi_idiv</STRONG> (Thumb, 0 bytes, Stack size 16 bytes, idiv.o(.text), UNUSED)

<P><STRONG><a name="[4c]"></a>__aeabi_idivmod</STRONG> (Thumb, 40 bytes, Stack size 16 bytes, idiv.o(.text))
<BR><BR>[Stack]<UL><LI>Max Depth = 28<LI>Call Chain = __aeabi_idivmod &rArr; __aeabi_uidivmod
</UL>
<BR>[Calls]<UL><LI><a href="#[4d]">&gt;&gt;</a>&nbsp;&nbsp;&nbsp;__aeabi_uidivmod
</UL>
<BR>[Called By]<UL><LI><a href="#[125]">&gt;&gt;</a>&nbsp;&nbsp;&nbsp;THROTTLE_Calc
<LI><a href="#[e5]">&gt;&gt;</a>&nbsp;&nbsp;&nbsp;LED_Display
<LI><a href="#[fe]">&gt;&gt;</a>&nbsp;&nbsp;&nbsp;pstorage_register
</UL>

<P><STRONG><a name="[94]"></a>__aeabi_memcpy</STRONG> (Thumb, 36 bytes, Stack size 0 bytes, memcpya.o(.text))
<BR><BR>[Called By]<UL><LI><a href="#[93]">&gt;&gt;</a>&nbsp;&nbsp;&nbsp;gzp_crypt_set_session_token
<LI><a href="#[95]">&gt;&gt;</a>&nbsp;&nbsp;&nbsp;gzp_crypt_set_dyn_key
<LI><a href="#[8e]">&gt;&gt;</a>&nbsp;&nbsp;&nbsp;gzp_crypt
<LI><a href="#[92]">&gt;&gt;</a>&nbsp;&nbsp;&nbsp;Gzll_SetTxData
<LI><a href="#[1b2]">&gt;&gt;</a>&nbsp;&nbsp;&nbsp;gzp_get_host_id
<LI><a href="#[82]">&gt;&gt;</a>&nbsp;&nbsp;&nbsp;CRYPT_UserData_TX
<LI><a href="#[89]">&gt;&gt;</a>&nbsp;&nbsp;&nbsp;CRYPT_UserData_RX
<LI><a href="#[90]">&gt;&gt;</a>&nbsp;&nbsp;&nbsp;gzp_set_host_id
<LI><a href="#[a2]">&gt;&gt;</a>&nbsp;&nbsp;&nbsp;nrf_gzll_add_packet_to_tx_fifo
<LI><a href="#[100]">&gt;&gt;</a>&nbsp;&nbsp;&nbsp;pstorage_load
<LI><a href="#[ca]">&gt;&gt;</a>&nbsp;&nbsp;&nbsp;nrf_gzll_set_channel_table
<LI><a href="#[c3]">&gt;&gt;</a>&nbsp;&nbsp;&nbsp;nrf_gzll_init
<LI><a href="#[1e9]">&gt;&gt;</a>&nbsp;&nbsp;&nbsp;nrf_gzll_fetch_packet_from_rx_fifo
<LI><a href="#[d0]">&gt;&gt;</a>&nbsp;&nbsp;&nbsp;Gzll_SetRxData
<LI><a href="#[166]">&gt;&gt;</a>&nbsp;&nbsp;&nbsp;ble_conn_params_init
<LI><a href="#[169]">&gt;&gt;</a>&nbsp;&nbsp;&nbsp;on_connect
<LI><a href="#[16b]">&gt;&gt;</a>&nbsp;&nbsp;&nbsp;on_conn_params_update
<LI><a href="#[135]">&gt;&gt;</a>&nbsp;&nbsp;&nbsp;service_data_encode
<LI><a href="#[134]">&gt;&gt;</a>&nbsp;&nbsp;&nbsp;manuf_specific_data_encode
</UL>

<P><STRONG><a name="[15b]"></a>__aeabi_memcpy4</STRONG> (Thumb, 0 bytes, Stack size 0 bytes, memcpya.o(.text))
<BR><BR>[Called By]<UL><LI><a href="#[166]">&gt;&gt;</a>&nbsp;&nbsp;&nbsp;ble_conn_params_init
<LI><a href="#[136]">&gt;&gt;</a>&nbsp;&nbsp;&nbsp;ble_advertising_init
</UL>

<P><STRONG><a name="[23e]"></a>__aeabi_memcpy8</STRONG> (Thumb, 0 bytes, Stack size 0 bytes, memcpya.o(.text), UNUSED)

<P><STRONG><a name="[4f]"></a>__aeabi_memset</STRONG> (Thumb, 14 bytes, Stack size 0 bytes, memseta.o(.text))
<BR><BR>[Called By]<UL><LI><a href="#[50]">&gt;&gt;</a>&nbsp;&nbsp;&nbsp;_memset$wrapper
<LI><a href="#[4e]">&gt;&gt;</a>&nbsp;&nbsp;&nbsp;__aeabi_memclr
<LI><a href="#[153]">&gt;&gt;</a>&nbsp;&nbsp;&nbsp;nrf_pm_start_prx
</UL>

<P><STRONG><a name="[23f]"></a>__aeabi_memset4</STRONG> (Thumb, 0 bytes, Stack size 0 bytes, memseta.o(.text), UNUSED)

<P><STRONG><a name="[240]"></a>__aeabi_memset8</STRONG> (Thumb, 0 bytes, Stack size 0 bytes, memseta.o(.text), UNUSED)

<P><STRONG><a name="[4e]"></a>__aeabi_memclr</STRONG> (Thumb, 4 bytes, Stack size 0 bytes, memseta.o(.text), UNUSED)
<BR><BR>[Calls]<UL><LI><a href="#[4f]">&gt;&gt;</a>&nbsp;&nbsp;&nbsp;__aeabi_memset
</UL>

<P><STRONG><a name="[55]"></a>__aeabi_memclr4</STRONG> (Thumb, 0 bytes, Stack size 0 bytes, memseta.o(.text))
<BR><BR>[Called By]<UL><LI><a href="#[73]">&gt;&gt;</a>&nbsp;&nbsp;&nbsp;conn_params_init
<LI><a href="#[72]">&gt;&gt;</a>&nbsp;&nbsp;&nbsp;advertising_init
<LI><a href="#[f2]">&gt;&gt;</a>&nbsp;&nbsp;&nbsp;ble_char_add
<LI><a href="#[68]">&gt;&gt;</a>&nbsp;&nbsp;&nbsp;BATTERY_char_add
<LI><a href="#[54]">&gt;&gt;</a>&nbsp;&nbsp;&nbsp;ACCESS_char_add
<LI><a href="#[ee]">&gt;&gt;</a>&nbsp;&nbsp;&nbsp;MOTOR_char_add
<LI><a href="#[110]">&gt;&gt;</a>&nbsp;&nbsp;&nbsp;STEER_char_add
<LI><a href="#[b7]">&gt;&gt;</a>&nbsp;&nbsp;&nbsp;DeviceInfo_char_add
<LI><a href="#[15e]">&gt;&gt;</a>&nbsp;&nbsp;&nbsp;ble_advertising_start
<LI><a href="#[136]">&gt;&gt;</a>&nbsp;&nbsp;&nbsp;ble_advertising_init
<LI><a href="#[15c]">&gt;&gt;</a>&nbsp;&nbsp;&nbsp;ble_advertising_peer_address_clear
</UL>

<P><STRONG><a name="[241]"></a>__aeabi_memclr8</STRONG> (Thumb, 0 bytes, Stack size 0 bytes, memseta.o(.text), UNUSED)

<P><STRONG><a name="[50]"></a>_memset$wrapper</STRONG> (Thumb, 18 bytes, Stack size 8 bytes, memseta.o(.text), UNUSED)
<BR><BR>[Calls]<UL><LI><a href="#[4f]">&gt;&gt;</a>&nbsp;&nbsp;&nbsp;__aeabi_memset
</UL>

<P><STRONG><a name="[17a]"></a>strlen</STRONG> (Thumb, 14 bytes, Stack size 0 bytes, strlen.o(.text))
<BR><BR>[Called By]<UL><LI><a href="#[b6]">&gt;&gt;</a>&nbsp;&nbsp;&nbsp;ble_srv_ascii_to_utf8
</UL>

<P><STRONG><a name="[1b4]"></a>memcmp</STRONG> (Thumb, 26 bytes, Stack size 12 bytes, memcmp.o(.text))
<BR><BR>[Stack]<UL><LI>Max Depth = 12<LI>Call Chain = memcmp
</UL>
<BR>[Called By]<UL><LI><a href="#[8f]">&gt;&gt;</a>&nbsp;&nbsp;&nbsp;gzp_validate_id
</UL>

<P><STRONG><a name="[5d]"></a>__aeabi_fmul</STRONG> (Thumb, 122 bytes, Stack size 16 bytes, fmul.o(.text))
<BR><BR>[Stack]<UL><LI>Max Depth = 16<LI>Call Chain = __aeabi_fmul
</UL>
<BR>[Called By]<UL><LI><a href="#[5b]">&gt;&gt;</a>&nbsp;&nbsp;&nbsp;AS5600_GetAngle
</UL>

<P><STRONG><a name="[5c]"></a>__ARM_scalbnf</STRONG> (Thumb, 24 bytes, Stack size 0 bytes, fscalb.o(.text))
<BR><BR>[Called By]<UL><LI><a href="#[5b]">&gt;&gt;</a>&nbsp;&nbsp;&nbsp;AS5600_GetAngle
</UL>

<P><STRONG><a name="[242]"></a>scalbnf</STRONG> (Thumb, 0 bytes, Stack size 0 bytes, fscalb.o(.text), UNUSED)

<P><STRONG><a name="[51]"></a>__aeabi_ui2f</STRONG> (Thumb, 14 bytes, Stack size 8 bytes, ffltui.o(.text))
<BR><BR>[Stack]<UL><LI>Max Depth = 20<LI>Call Chain = __aeabi_ui2f &rArr; _float_epilogue
</UL>
<BR>[Calls]<UL><LI><a href="#[52]">&gt;&gt;</a>&nbsp;&nbsp;&nbsp;_float_epilogue
</UL>
<BR>[Called By]<UL><LI><a href="#[5b]">&gt;&gt;</a>&nbsp;&nbsp;&nbsp;AS5600_GetAngle
</UL>

<P><STRONG><a name="[5e]"></a>__aeabi_f2iz</STRONG> (Thumb, 50 bytes, Stack size 0 bytes, ffixi.o(.text))
<BR><BR>[Called By]<UL><LI><a href="#[5b]">&gt;&gt;</a>&nbsp;&nbsp;&nbsp;AS5600_GetAngle
</UL>

<P><STRONG><a name="[243]"></a>__I$use$fp</STRONG> (Thumb, 0 bytes, Stack size 0 bytes, iusefp.o(.text), UNUSED)

<P><STRONG><a name="[244]"></a>_float_round</STRONG> (Thumb, 16 bytes, Stack size 0 bytes, fepilogue.o(.text), UNUSED)

<P><STRONG><a name="[52]"></a>_float_epilogue</STRONG> (Thumb, 114 bytes, Stack size 12 bytes, fepilogue.o(.text))
<BR><BR>[Stack]<UL><LI>Max Depth = 12<LI>Call Chain = _float_epilogue
</UL>
<BR>[Called By]<UL><LI><a href="#[51]">&gt;&gt;</a>&nbsp;&nbsp;&nbsp;__aeabi_ui2f
</UL>

<P><STRONG><a name="[47]"></a>__scatterload</STRONG> (Thumb, 28 bytes, Stack size 0 bytes, init.o(.text))
<BR><BR>[Calls]<UL><LI><a href="#[53]">&gt;&gt;</a>&nbsp;&nbsp;&nbsp;__main_after_scatterload
</UL>
<BR>[Called By]<UL><LI><a href="#[46]">&gt;&gt;</a>&nbsp;&nbsp;&nbsp;_main_scatterload
</UL>

<P><STRONG><a name="[245]"></a>__scatterload_rt2</STRONG> (Thumb, 0 bytes, Stack size 0 bytes, init.o(.text), UNUSED)

<P><STRONG><a name="[246]"></a>__decompress</STRONG> (Thumb, 0 bytes, Stack size unknown bytes, __dczerorl2.o(.text), UNUSED)

<P><STRONG><a name="[247]"></a>__decompress1</STRONG> (Thumb, 86 bytes, Stack size unknown bytes, __dczerorl2.o(.text), UNUSED)

<P><STRONG><a name="[220]"></a>ACCESS_ble_init</STRONG> (Thumb, 60 bytes, Stack size 12 bytes, ep_ble_access.o(i.ACCESS_ble_init))
<BR><BR>[Stack]<UL><LI>Max Depth = 12<LI>Call Chain = ACCESS_ble_init
</UL>
<BR>[Called By]<UL><LI><a href="#[71]">&gt;&gt;</a>&nbsp;&nbsp;&nbsp;services_init
</UL>

<P><STRONG><a name="[56]"></a>ACCESS_service_init</STRONG> (Thumb, 110 bytes, Stack size 32 bytes, ep_ble_access.o(i.ACCESS_service_init))
<BR><BR>[Stack]<UL><LI>Max Depth = 112<LI>Call Chain = ACCESS_service_init &rArr; ACCESS_char_add
</UL>
<BR>[Calls]<UL><LI><a href="#[54]">&gt;&gt;</a>&nbsp;&nbsp;&nbsp;ACCESS_char_add
</UL>
<BR>[Called By]<UL><LI><a href="#[71]">&gt;&gt;</a>&nbsp;&nbsp;&nbsp;services_init
</UL>

<P><STRONG><a name="[57]"></a>ADC_GetBatVol</STRONG> (Thumb, 76 bytes, Stack size 24 bytes, ep_powerswitch.o(i.ADC_GetBatVol))
<BR><BR>[Stack]<UL><LI>Max Depth = 36<LI>Call Chain = ADC_GetBatVol &rArr; __aeabi_uidivmod
</UL>
<BR>[Calls]<UL><LI><a href="#[4d]">&gt;&gt;</a>&nbsp;&nbsp;&nbsp;__aeabi_uidivmod
</UL>
<BR>[Called By]<UL><LI><a href="#[21]">&gt;&gt;</a>&nbsp;&nbsp;&nbsp;main
</UL>

<P><STRONG><a name="[107]"></a>ADC_init</STRONG> (Thumb, 20 bytes, Stack size 0 bytes, ep_powerswitch.o(i.ADC_init))
<BR><BR>[Called By]<UL><LI><a href="#[106]">&gt;&gt;</a>&nbsp;&nbsp;&nbsp;PowerSwitch_Init
</UL>

<P><STRONG><a name="[58]"></a>AS5600_EnableWd</STRONG> (Thumb, 24 bytes, Stack size 8 bytes, as5600.o(i.AS5600_EnableWd))
<BR><BR>[Stack]<UL><LI>Max Depth = 64<LI>Call Chain = AS5600_EnableWd &rArr; AS5600_WriteOneByte &rArr; IIC_Wait_Ack &rArr; IIC_Stop &rArr; delay_us
</UL>
<BR>[Calls]<UL><LI><a href="#[5a]">&gt;&gt;</a>&nbsp;&nbsp;&nbsp;AS5600_WriteOneByte
<LI><a href="#[59]">&gt;&gt;</a>&nbsp;&nbsp;&nbsp;AS5600_ReadOneByte
</UL>
<BR>[Called By]<UL><LI><a href="#[21]">&gt;&gt;</a>&nbsp;&nbsp;&nbsp;main
</UL>

<P><STRONG><a name="[5b]"></a>AS5600_GetAngle</STRONG> (Thumb, 46 bytes, Stack size 8 bytes, as5600.o(i.AS5600_GetAngle))
<BR><BR>[Stack]<UL><LI>Max Depth = 64<LI>Call Chain = AS5600_GetAngle &rArr; AS5600_ReadOneByte &rArr; IIC_Read_Byte &rArr; IIC_NAck &rArr; delay_us
</UL>
<BR>[Calls]<UL><LI><a href="#[51]">&gt;&gt;</a>&nbsp;&nbsp;&nbsp;__aeabi_ui2f
<LI><a href="#[5d]">&gt;&gt;</a>&nbsp;&nbsp;&nbsp;__aeabi_fmul
<LI><a href="#[5e]">&gt;&gt;</a>&nbsp;&nbsp;&nbsp;__aeabi_f2iz
<LI><a href="#[5c]">&gt;&gt;</a>&nbsp;&nbsp;&nbsp;__ARM_scalbnf
<LI><a href="#[59]">&gt;&gt;</a>&nbsp;&nbsp;&nbsp;AS5600_ReadOneByte
</UL>
<BR>[Called By]<UL><LI><a href="#[21]">&gt;&gt;</a>&nbsp;&nbsp;&nbsp;main
</UL>

<P><STRONG><a name="[5f]"></a>AS5600_GetStatus</STRONG> (Thumb, 14 bytes, Stack size 8 bytes, as5600.o(i.AS5600_GetStatus))
<BR><BR>[Stack]<UL><LI>Max Depth = 64<LI>Call Chain = AS5600_GetStatus &rArr; AS5600_ReadOneByte &rArr; IIC_Read_Byte &rArr; IIC_NAck &rArr; delay_us
</UL>
<BR>[Calls]<UL><LI><a href="#[59]">&gt;&gt;</a>&nbsp;&nbsp;&nbsp;AS5600_ReadOneByte
</UL>
<BR>[Called By]<UL><LI><a href="#[117]">&gt;&gt;</a>&nbsp;&nbsp;&nbsp;SYS_ErrCheck
</UL>

<P><STRONG><a name="[1ca]"></a>AS5600_Init</STRONG> (Thumb, 24 bytes, Stack size 0 bytes, as5600.o(i.AS5600_Init))
<BR><BR>[Called By]<UL><LI><a href="#[21]">&gt;&gt;</a>&nbsp;&nbsp;&nbsp;main
</UL>

<P><STRONG><a name="[59]"></a>AS5600_ReadOneByte</STRONG> (Thumb, 58 bytes, Stack size 8 bytes, as5600.o(i.AS5600_ReadOneByte))
<BR><BR>[Stack]<UL><LI>Max Depth = 56<LI>Call Chain = AS5600_ReadOneByte &rArr; IIC_Read_Byte &rArr; IIC_NAck &rArr; delay_us
</UL>
<BR>[Calls]<UL><LI><a href="#[62]">&gt;&gt;</a>&nbsp;&nbsp;&nbsp;IIC_Wait_Ack
<LI><a href="#[64]">&gt;&gt;</a>&nbsp;&nbsp;&nbsp;IIC_Stop
<LI><a href="#[60]">&gt;&gt;</a>&nbsp;&nbsp;&nbsp;IIC_Start
<LI><a href="#[61]">&gt;&gt;</a>&nbsp;&nbsp;&nbsp;IIC_Send_Byte
<LI><a href="#[63]">&gt;&gt;</a>&nbsp;&nbsp;&nbsp;IIC_Read_Byte
</UL>
<BR>[Called By]<UL><LI><a href="#[66]">&gt;&gt;</a>&nbsp;&nbsp;&nbsp;AS5600_SetPMMode
<LI><a href="#[65]">&gt;&gt;</a>&nbsp;&nbsp;&nbsp;AS5600_SetOutputStage
<LI><a href="#[5b]">&gt;&gt;</a>&nbsp;&nbsp;&nbsp;AS5600_GetAngle
<LI><a href="#[58]">&gt;&gt;</a>&nbsp;&nbsp;&nbsp;AS5600_EnableWd
<LI><a href="#[5f]">&gt;&gt;</a>&nbsp;&nbsp;&nbsp;AS5600_GetStatus
</UL>

<P><STRONG><a name="[65]"></a>AS5600_SetOutputStage</STRONG> (Thumb, 30 bytes, Stack size 8 bytes, as5600.o(i.AS5600_SetOutputStage))
<BR><BR>[Stack]<UL><LI>Max Depth = 64<LI>Call Chain = AS5600_SetOutputStage &rArr; AS5600_WriteOneByte &rArr; IIC_Wait_Ack &rArr; IIC_Stop &rArr; delay_us
</UL>
<BR>[Calls]<UL><LI><a href="#[5a]">&gt;&gt;</a>&nbsp;&nbsp;&nbsp;AS5600_WriteOneByte
<LI><a href="#[59]">&gt;&gt;</a>&nbsp;&nbsp;&nbsp;AS5600_ReadOneByte
</UL>
<BR>[Called By]<UL><LI><a href="#[21]">&gt;&gt;</a>&nbsp;&nbsp;&nbsp;main
</UL>

<P><STRONG><a name="[66]"></a>AS5600_SetPMMode</STRONG> (Thumb, 28 bytes, Stack size 8 bytes, as5600.o(i.AS5600_SetPMMode))
<BR><BR>[Stack]<UL><LI>Max Depth = 64<LI>Call Chain = AS5600_SetPMMode &rArr; AS5600_WriteOneByte &rArr; IIC_Wait_Ack &rArr; IIC_Stop &rArr; delay_us
</UL>
<BR>[Calls]<UL><LI><a href="#[5a]">&gt;&gt;</a>&nbsp;&nbsp;&nbsp;AS5600_WriteOneByte
<LI><a href="#[59]">&gt;&gt;</a>&nbsp;&nbsp;&nbsp;AS5600_ReadOneByte
</UL>
<BR>[Called By]<UL><LI><a href="#[21]">&gt;&gt;</a>&nbsp;&nbsp;&nbsp;main
</UL>

<P><STRONG><a name="[5a]"></a>AS5600_WriteOneByte</STRONG> (Thumb, 52 bytes, Stack size 16 bytes, as5600.o(i.AS5600_WriteOneByte))
<BR><BR>[Stack]<UL><LI>Max Depth = 56<LI>Call Chain = AS5600_WriteOneByte &rArr; IIC_Wait_Ack &rArr; IIC_Stop &rArr; delay_us
</UL>
<BR>[Calls]<UL><LI><a href="#[67]">&gt;&gt;</a>&nbsp;&nbsp;&nbsp;delay_ms
<LI><a href="#[62]">&gt;&gt;</a>&nbsp;&nbsp;&nbsp;IIC_Wait_Ack
<LI><a href="#[64]">&gt;&gt;</a>&nbsp;&nbsp;&nbsp;IIC_Stop
<LI><a href="#[60]">&gt;&gt;</a>&nbsp;&nbsp;&nbsp;IIC_Start
<LI><a href="#[61]">&gt;&gt;</a>&nbsp;&nbsp;&nbsp;IIC_Send_Byte
</UL>
<BR>[Called By]<UL><LI><a href="#[66]">&gt;&gt;</a>&nbsp;&nbsp;&nbsp;AS5600_SetPMMode
<LI><a href="#[65]">&gt;&gt;</a>&nbsp;&nbsp;&nbsp;AS5600_SetOutputStage
<LI><a href="#[58]">&gt;&gt;</a>&nbsp;&nbsp;&nbsp;AS5600_EnableWd
</UL>

<P><STRONG><a name="[222]"></a>BATTERY_ble_init</STRONG> (Thumb, 164 bytes, Stack size 20 bytes, ep_ble_battery.o(i.BATTERY_ble_init))
<BR><BR>[Stack]<UL><LI>Max Depth = 20<LI>Call Chain = BATTERY_ble_init
</UL>
<BR>[Called By]<UL><LI><a href="#[71]">&gt;&gt;</a>&nbsp;&nbsp;&nbsp;services_init
</UL>

<P><STRONG><a name="[69]"></a>BATTERY_service_init</STRONG> (Thumb, 222 bytes, Stack size 32 bytes, ep_ble_battery.o(i.BATTERY_service_init))
<BR><BR>[Stack]<UL><LI>Max Depth = 112<LI>Call Chain = BATTERY_service_init &rArr; BATTERY_char_add
</UL>
<BR>[Calls]<UL><LI><a href="#[68]">&gt;&gt;</a>&nbsp;&nbsp;&nbsp;BATTERY_char_add
</UL>
<BR>[Called By]<UL><LI><a href="#[71]">&gt;&gt;</a>&nbsp;&nbsp;&nbsp;services_init
</UL>

<P><STRONG><a name="[6a]"></a>BLE_Init</STRONG> (Thumb, 60 bytes, Stack size 8 bytes, ep_ble_init.o(i.BLE_Init))
<BR><BR>[Stack]<UL><LI>Max Depth = 360<LI>Call Chain = BLE_Init &rArr; advertising_init &rArr; ble_advertising_init &rArr; ble_advdata_set &rArr; adv_data_encode &rArr; uuid_list_encode &rArr; uuid_list_sized_encode
</UL>
<BR>[Calls]<UL><LI><a href="#[6f]">&gt;&gt;</a>&nbsp;&nbsp;&nbsp;button_init
<LI><a href="#[6d]">&gt;&gt;</a>&nbsp;&nbsp;&nbsp;timers_init
<LI><a href="#[71]">&gt;&gt;</a>&nbsp;&nbsp;&nbsp;services_init
<LI><a href="#[70]">&gt;&gt;</a>&nbsp;&nbsp;&nbsp;gap_params_init
<LI><a href="#[73]">&gt;&gt;</a>&nbsp;&nbsp;&nbsp;conn_params_init
<LI><a href="#[6c]">&gt;&gt;</a>&nbsp;&nbsp;&nbsp;ble_stack_init
<LI><a href="#[72]">&gt;&gt;</a>&nbsp;&nbsp;&nbsp;advertising_init
<LI><a href="#[6e]">&gt;&gt;</a>&nbsp;&nbsp;&nbsp;app_timer_start
<LI><a href="#[6b]">&gt;&gt;</a>&nbsp;&nbsp;&nbsp;BLE_ParamInit
</UL>
<BR>[Called By]<UL><LI><a href="#[21]">&gt;&gt;</a>&nbsp;&nbsp;&nbsp;main
</UL>

<P><STRONG><a name="[6b]"></a>BLE_ParamInit</STRONG> (Thumb, 12 bytes, Stack size 0 bytes, ep_ble_init.o(i.BLE_ParamInit))
<BR><BR>[Called By]<UL><LI><a href="#[6a]">&gt;&gt;</a>&nbsp;&nbsp;&nbsp;BLE_Init
</UL>

<P><STRONG><a name="[215]"></a>BLE_SetStatus</STRONG> (Thumb, 6 bytes, Stack size 0 bytes, ep_ble_init.o(i.BLE_SetStatus))
<BR><BR>[Called By]<UL><LI><a href="#[173]">&gt;&gt;</a>&nbsp;&nbsp;&nbsp;on_ble_evt
</UL>

<P><STRONG><a name="[74]"></a>BUTTON_Press</STRONG> (Thumb, 20 bytes, Stack size 8 bytes, ep_button.o(i.BUTTON_Press))
<BR><BR>[Stack]<UL><LI>Max Depth = 8<LI>Call Chain = BUTTON_Press
</UL>
<BR>[Calls]<UL><LI><a href="#[75]">&gt;&gt;</a>&nbsp;&nbsp;&nbsp;PowerSwitch_OffCountClear
</UL>
<BR>[Called By]<UL><LI><a href="#[3b]">&gt;&gt;</a>&nbsp;&nbsp;&nbsp;bsp_button_event_handler
</UL>

<P><STRONG><a name="[181]"></a>BUTTON_Release</STRONG> (Thumb, 12 bytes, Stack size 0 bytes, ep_button.o(i.BUTTON_Release))
<BR><BR>[Called By]<UL><LI><a href="#[3b]">&gt;&gt;</a>&nbsp;&nbsp;&nbsp;bsp_button_event_handler
</UL>

<P><STRONG><a name="[76]"></a>BUTTON_UpdateKeyCounter</STRONG> (Thumb, 38 bytes, Stack size 8 bytes, ep_button.o(i.BUTTON_UpdateKeyCounter))
<BR><BR>[Stack]<UL><LI>Max Depth = 68<LI>Call Chain = BUTTON_UpdateKeyCounter &rArr; BUTTON_get_touch_type &rArr; LCD_Next_Menu_Config &rArr; LED_SysOff &rArr; LED_DisplayNum &rArr; __ARM_common_switch8
</UL>
<BR>[Calls]<UL><LI><a href="#[77]">&gt;&gt;</a>&nbsp;&nbsp;&nbsp;BUTTON_get_touch_type
</UL>
<BR>[Called By]<UL><LI><a href="#[21]">&gt;&gt;</a>&nbsp;&nbsp;&nbsp;main
</UL>

<P><STRONG><a name="[77]"></a>BUTTON_get_touch_type</STRONG> (Thumb, 80 bytes, Stack size 8 bytes, ep_button.o(i.BUTTON_get_touch_type))
<BR><BR>[Stack]<UL><LI>Max Depth = 60<LI>Call Chain = BUTTON_get_touch_type &rArr; LCD_Next_Menu_Config &rArr; LED_SysOff &rArr; LED_DisplayNum &rArr; __ARM_common_switch8
</UL>
<BR>[Calls]<UL><LI><a href="#[78]">&gt;&gt;</a>&nbsp;&nbsp;&nbsp;LCD_Next_Menu_Config
<LI><a href="#[79]">&gt;&gt;</a>&nbsp;&nbsp;&nbsp;BUTTON_pressCountClear
</UL>
<BR>[Called By]<UL><LI><a href="#[76]">&gt;&gt;</a>&nbsp;&nbsp;&nbsp;BUTTON_UpdateKeyCounter
</UL>

<P><STRONG><a name="[79]"></a>BUTTON_pressCountClear</STRONG> (Thumb, 14 bytes, Stack size 0 bytes, ep_button.o(i.BUTTON_pressCountClear))
<BR><BR>[Called By]<UL><LI><a href="#[77]">&gt;&gt;</a>&nbsp;&nbsp;&nbsp;BUTTON_get_touch_type
</UL>

<P><STRONG><a name="[7a]"></a>BUZZER_Err</STRONG> (Thumb, 146 bytes, Stack size 4 bytes, ep_buzzer.o(i.BUZZER_Err))
<BR><BR>[Stack]<UL><LI>Max Depth = 4<LI>Call Chain = BUZZER_Err
</UL>
<BR>[Calls]<UL><LI><a href="#[7c]">&gt;&gt;</a>&nbsp;&nbsp;&nbsp;BUZZER_On
<LI><a href="#[7b]">&gt;&gt;</a>&nbsp;&nbsp;&nbsp;BUZZER_Off
</UL>
<BR>[Called By]<UL><LI><a href="#[21]">&gt;&gt;</a>&nbsp;&nbsp;&nbsp;main
</UL>

<P><STRONG><a name="[1c8]"></a>BUZZER_Init</STRONG> (Thumb, 8 bytes, Stack size 0 bytes, ep_buzzer.o(i.BUZZER_Init))
<BR><BR>[Called By]<UL><LI><a href="#[21]">&gt;&gt;</a>&nbsp;&nbsp;&nbsp;main
</UL>

<P><STRONG><a name="[7b]"></a>BUZZER_Off</STRONG> (Thumb, 10 bytes, Stack size 0 bytes, ep_buzzer.o(i.BUZZER_Off))
<BR><BR>[Called By]<UL><LI><a href="#[10b]">&gt;&gt;</a>&nbsp;&nbsp;&nbsp;PowerSwitch_onCheck
<LI><a href="#[7a]">&gt;&gt;</a>&nbsp;&nbsp;&nbsp;BUZZER_Err
</UL>

<P><STRONG><a name="[7c]"></a>BUZZER_On</STRONG> (Thumb, 10 bytes, Stack size 0 bytes, ep_buzzer.o(i.BUZZER_On))
<BR><BR>[Called By]<UL><LI><a href="#[10b]">&gt;&gt;</a>&nbsp;&nbsp;&nbsp;PowerSwitch_onCheck
<LI><a href="#[7a]">&gt;&gt;</a>&nbsp;&nbsp;&nbsp;BUZZER_Err
</UL>

<P><STRONG><a name="[db]"></a>BUZZER_beep_once</STRONG> (Thumb, 12 bytes, Stack size 0 bytes, ep_buzzer.o(i.BUZZER_beep_once))
<BR><BR>[Called By]<UL><LI><a href="#[78]">&gt;&gt;</a>&nbsp;&nbsp;&nbsp;LCD_Next_Menu_Config
</UL>

<P><STRONG><a name="[d9]"></a>BUZZER_beep_twice</STRONG> (Thumb, 18 bytes, Stack size 0 bytes, ep_buzzer.o(i.BUZZER_beep_twice))
<BR><BR>[Called By]<UL><LI><a href="#[78]">&gt;&gt;</a>&nbsp;&nbsp;&nbsp;LCD_Next_Menu_Config
<LI><a href="#[e5]">&gt;&gt;</a>&nbsp;&nbsp;&nbsp;LED_Display
</UL>

<P><STRONG><a name="[7d]"></a>CRPTY_HostIdReq_FailCheck</STRONG> (Thumb, 24 bytes, Stack size 4 bytes, ep_crypt_device.o(i.CRPTY_HostIdReq_FailCheck))
<BR><BR>[Stack]<UL><LI>Max Depth = 4<LI>Call Chain = CRPTY_HostIdReq_FailCheck
</UL>
<BR>[Calls]<UL><LI><a href="#[7e]">&gt;&gt;</a>&nbsp;&nbsp;&nbsp;CRYPT_CmdSet
</UL>
<BR>[Called By]<UL><LI><a href="#[7f]">&gt;&gt;</a>&nbsp;&nbsp;&nbsp;CRYPT_CmdRequest
</UL>

<P><STRONG><a name="[7f]"></a>CRYPT_CmdRequest</STRONG> (Thumb, 74 bytes, Stack size 8 bytes, ep_crypt_device.o(i.CRYPT_CmdRequest))
<BR><BR>[Stack]<UL><LI>Max Depth = 112<LI>Call Chain = CRYPT_CmdRequest &rArr; CRYPT_keyUpdate &rArr; gzp_crypt &rArr; gzp_xor_cipher
</UL>
<BR>[Calls]<UL><LI><a href="#[85]">&gt;&gt;</a>&nbsp;&nbsp;&nbsp;CRYPT_keyUpdate_Prepare
<LI><a href="#[80]">&gt;&gt;</a>&nbsp;&nbsp;&nbsp;CRYPT_keyUpdate
<LI><a href="#[82]">&gt;&gt;</a>&nbsp;&nbsp;&nbsp;CRYPT_UserData_TX
<LI><a href="#[81]">&gt;&gt;</a>&nbsp;&nbsp;&nbsp;CRYPT_KeyUpdateFailCheck
<LI><a href="#[83]">&gt;&gt;</a>&nbsp;&nbsp;&nbsp;CRYPT_HostID_req_send
<LI><a href="#[84]">&gt;&gt;</a>&nbsp;&nbsp;&nbsp;CRYPT_HostID_fetch_send
<LI><a href="#[7d]">&gt;&gt;</a>&nbsp;&nbsp;&nbsp;CRPTY_HostIdReq_FailCheck
</UL>
<BR>[Called By]<UL><LI><a href="#[21]">&gt;&gt;</a>&nbsp;&nbsp;&nbsp;main
</UL>

<P><STRONG><a name="[7e]"></a>CRYPT_CmdSet</STRONG> (Thumb, 6 bytes, Stack size 0 bytes, ep_crypt_device.o(i.CRYPT_CmdSet))
<BR><BR>[Called By]<UL><LI><a href="#[81]">&gt;&gt;</a>&nbsp;&nbsp;&nbsp;CRYPT_KeyUpdateFailCheck
<LI><a href="#[7d]">&gt;&gt;</a>&nbsp;&nbsp;&nbsp;CRPTY_HostIdReq_FailCheck
<LI><a href="#[86]">&gt;&gt;</a>&nbsp;&nbsp;&nbsp;CRYPT_CommFailCheck
<LI><a href="#[87]">&gt;&gt;</a>&nbsp;&nbsp;&nbsp;CRYPT_Decode
</UL>

<P><STRONG><a name="[86]"></a>CRYPT_CommFailCheck</STRONG> (Thumb, 22 bytes, Stack size 4 bytes, ep_crypt_device.o(i.CRYPT_CommFailCheck))
<BR><BR>[Stack]<UL><LI>Max Depth = 4<LI>Call Chain = CRYPT_CommFailCheck
</UL>
<BR>[Calls]<UL><LI><a href="#[7e]">&gt;&gt;</a>&nbsp;&nbsp;&nbsp;CRYPT_CmdSet
</UL>
<BR>[Called By]<UL><LI><a href="#[a1]">&gt;&gt;</a>&nbsp;&nbsp;&nbsp;Comm_GzllModeSend
</UL>

<P><STRONG><a name="[87]"></a>CRYPT_Decode</STRONG> (Thumb, 82 bytes, Stack size 8 bytes, ep_crypt_device.o(i.CRYPT_Decode))
<BR><BR>[Stack]<UL><LI>Max Depth = 96<LI>Call Chain = CRYPT_Decode &rArr; CRYPT_UserData_RX &rArr; gzp_crypt &rArr; gzp_xor_cipher
</UL>
<BR>[Calls]<UL><LI><a href="#[88]">&gt;&gt;</a>&nbsp;&nbsp;&nbsp;__ARM_common_switch8
<LI><a href="#[8c]">&gt;&gt;</a>&nbsp;&nbsp;&nbsp;CRYPT_keyUpdate_PrepareResp
<LI><a href="#[89]">&gt;&gt;</a>&nbsp;&nbsp;&nbsp;CRYPT_UserData_RX
<LI><a href="#[8b]">&gt;&gt;</a>&nbsp;&nbsp;&nbsp;CRYPT_HostID_fetchResp_process
<LI><a href="#[7e]">&gt;&gt;</a>&nbsp;&nbsp;&nbsp;CRYPT_CmdSet
<LI><a href="#[8a]">&gt;&gt;</a>&nbsp;&nbsp;&nbsp;Comm_Decode
</UL>
<BR>[Called By]<UL><LI><a href="#[21]">&gt;&gt;</a>&nbsp;&nbsp;&nbsp;main
</UL>

<P><STRONG><a name="[8b]"></a>CRYPT_HostID_fetchResp_process</STRONG> (Thumb, 38 bytes, Stack size 8 bytes, ep_crypt_device.o(i.CRYPT_HostID_fetchResp_process))
<BR><BR>[Stack]<UL><LI>Max Depth = 88<LI>Call Chain = CRYPT_HostID_fetchResp_process &rArr; gzp_crypt &rArr; gzp_xor_cipher
</UL>
<BR>[Calls]<UL><LI><a href="#[8f]">&gt;&gt;</a>&nbsp;&nbsp;&nbsp;gzp_validate_id
<LI><a href="#[8d]">&gt;&gt;</a>&nbsp;&nbsp;&nbsp;gzp_crypt_select_key
<LI><a href="#[8e]">&gt;&gt;</a>&nbsp;&nbsp;&nbsp;gzp_crypt
<LI><a href="#[90]">&gt;&gt;</a>&nbsp;&nbsp;&nbsp;gzp_set_host_id
</UL>
<BR>[Called By]<UL><LI><a href="#[87]">&gt;&gt;</a>&nbsp;&nbsp;&nbsp;CRYPT_Decode
</UL>

<P><STRONG><a name="[84]"></a>CRYPT_HostID_fetch_send</STRONG> (Thumb, 42 bytes, Stack size 16 bytes, ep_crypt_device.o(i.CRYPT_HostID_fetch_send))
<BR><BR>[Stack]<UL><LI>Max Depth = 96<LI>Call Chain = CRYPT_HostID_fetch_send &rArr; gzp_crypt &rArr; gzp_xor_cipher
</UL>
<BR>[Calls]<UL><LI><a href="#[8d]">&gt;&gt;</a>&nbsp;&nbsp;&nbsp;gzp_crypt_select_key
<LI><a href="#[8e]">&gt;&gt;</a>&nbsp;&nbsp;&nbsp;gzp_crypt
<LI><a href="#[91]">&gt;&gt;</a>&nbsp;&nbsp;&nbsp;gzp_add_validation_id
<LI><a href="#[92]">&gt;&gt;</a>&nbsp;&nbsp;&nbsp;Gzll_SetTxData
</UL>
<BR>[Called By]<UL><LI><a href="#[7f]">&gt;&gt;</a>&nbsp;&nbsp;&nbsp;CRYPT_CmdRequest
</UL>

<P><STRONG><a name="[83]"></a>CRYPT_HostID_req_send</STRONG> (Thumb, 32 bytes, Stack size 16 bytes, ep_crypt_device.o(i.CRYPT_HostID_req_send))
<BR><BR>[Stack]<UL><LI>Max Depth = 24<LI>Call Chain = CRYPT_HostID_req_send &rArr; gzp_crypt_set_session_token
</UL>
<BR>[Calls]<UL><LI><a href="#[93]">&gt;&gt;</a>&nbsp;&nbsp;&nbsp;gzp_crypt_set_session_token
<LI><a href="#[92]">&gt;&gt;</a>&nbsp;&nbsp;&nbsp;Gzll_SetTxData
</UL>
<BR>[Called By]<UL><LI><a href="#[7f]">&gt;&gt;</a>&nbsp;&nbsp;&nbsp;CRYPT_CmdRequest
</UL>

<P><STRONG><a name="[1c7]"></a>CRYPT_Init</STRONG> (Thumb, 12 bytes, Stack size 0 bytes, ep_crypt_device.o(i.CRYPT_Init))
<BR><BR>[Called By]<UL><LI><a href="#[21]">&gt;&gt;</a>&nbsp;&nbsp;&nbsp;main
</UL>

<P><STRONG><a name="[81]"></a>CRYPT_KeyUpdateFailCheck</STRONG> (Thumb, 24 bytes, Stack size 4 bytes, ep_crypt_device.o(i.CRYPT_KeyUpdateFailCheck))
<BR><BR>[Stack]<UL><LI>Max Depth = 4<LI>Call Chain = CRYPT_KeyUpdateFailCheck
</UL>
<BR>[Calls]<UL><LI><a href="#[7e]">&gt;&gt;</a>&nbsp;&nbsp;&nbsp;CRYPT_CmdSet
</UL>
<BR>[Called By]<UL><LI><a href="#[7f]">&gt;&gt;</a>&nbsp;&nbsp;&nbsp;CRYPT_CmdRequest
</UL>

<P><STRONG><a name="[89]"></a>CRYPT_UserData_RX</STRONG> (Thumb, 42 bytes, Stack size 8 bytes, ep_crypt_device.o(i.CRYPT_UserData_RX))
<BR><BR>[Stack]<UL><LI>Max Depth = 88<LI>Call Chain = CRYPT_UserData_RX &rArr; gzp_crypt &rArr; gzp_xor_cipher
</UL>
<BR>[Calls]<UL><LI><a href="#[8f]">&gt;&gt;</a>&nbsp;&nbsp;&nbsp;gzp_validate_id
<LI><a href="#[8d]">&gt;&gt;</a>&nbsp;&nbsp;&nbsp;gzp_crypt_select_key
<LI><a href="#[8e]">&gt;&gt;</a>&nbsp;&nbsp;&nbsp;gzp_crypt
<LI><a href="#[94]">&gt;&gt;</a>&nbsp;&nbsp;&nbsp;__aeabi_memcpy
</UL>
<BR>[Called By]<UL><LI><a href="#[87]">&gt;&gt;</a>&nbsp;&nbsp;&nbsp;CRYPT_Decode
</UL>

<P><STRONG><a name="[82]"></a>CRYPT_UserData_TX</STRONG> (Thumb, 54 bytes, Stack size 24 bytes, ep_crypt_device.o(i.CRYPT_UserData_TX))
<BR><BR>[Stack]<UL><LI>Max Depth = 104<LI>Call Chain = CRYPT_UserData_TX &rArr; gzp_crypt &rArr; gzp_xor_cipher
</UL>
<BR>[Calls]<UL><LI><a href="#[8d]">&gt;&gt;</a>&nbsp;&nbsp;&nbsp;gzp_crypt_select_key
<LI><a href="#[8e]">&gt;&gt;</a>&nbsp;&nbsp;&nbsp;gzp_crypt
<LI><a href="#[91]">&gt;&gt;</a>&nbsp;&nbsp;&nbsp;gzp_add_validation_id
<LI><a href="#[92]">&gt;&gt;</a>&nbsp;&nbsp;&nbsp;Gzll_SetTxData
<LI><a href="#[94]">&gt;&gt;</a>&nbsp;&nbsp;&nbsp;__aeabi_memcpy
</UL>
<BR>[Called By]<UL><LI><a href="#[7f]">&gt;&gt;</a>&nbsp;&nbsp;&nbsp;CRYPT_CmdRequest
</UL>

<P><STRONG><a name="[80]"></a>CRYPT_keyUpdate</STRONG> (Thumb, 54 bytes, Stack size 24 bytes, ep_crypt_device.o(i.CRYPT_keyUpdate))
<BR><BR>[Stack]<UL><LI>Max Depth = 104<LI>Call Chain = CRYPT_keyUpdate &rArr; gzp_crypt &rArr; gzp_xor_cipher
</UL>
<BR>[Calls]<UL><LI><a href="#[95]">&gt;&gt;</a>&nbsp;&nbsp;&nbsp;gzp_crypt_set_dyn_key
<LI><a href="#[8d]">&gt;&gt;</a>&nbsp;&nbsp;&nbsp;gzp_crypt_select_key
<LI><a href="#[8e]">&gt;&gt;</a>&nbsp;&nbsp;&nbsp;gzp_crypt
<LI><a href="#[91]">&gt;&gt;</a>&nbsp;&nbsp;&nbsp;gzp_add_validation_id
<LI><a href="#[92]">&gt;&gt;</a>&nbsp;&nbsp;&nbsp;Gzll_SetTxData
</UL>
<BR>[Called By]<UL><LI><a href="#[7f]">&gt;&gt;</a>&nbsp;&nbsp;&nbsp;CRYPT_CmdRequest
</UL>

<P><STRONG><a name="[85]"></a>CRYPT_keyUpdate_Prepare</STRONG> (Thumb, 22 bytes, Stack size 8 bytes, ep_crypt_device.o(i.CRYPT_keyUpdate_Prepare))
<BR><BR>[Stack]<UL><LI>Max Depth = 16<LI>Call Chain = CRYPT_keyUpdate_Prepare &rArr; Gzll_SetTxData
</UL>
<BR>[Calls]<UL><LI><a href="#[92]">&gt;&gt;</a>&nbsp;&nbsp;&nbsp;Gzll_SetTxData
</UL>
<BR>[Called By]<UL><LI><a href="#[7f]">&gt;&gt;</a>&nbsp;&nbsp;&nbsp;CRYPT_CmdRequest
</UL>

<P><STRONG><a name="[8c]"></a>CRYPT_keyUpdate_PrepareResp</STRONG> (Thumb, 10 bytes, Stack size 8 bytes, ep_crypt_device.o(i.CRYPT_keyUpdate_PrepareResp))
<BR><BR>[Stack]<UL><LI>Max Depth = 16<LI>Call Chain = CRYPT_keyUpdate_PrepareResp &rArr; gzp_crypt_set_session_token
</UL>
<BR>[Calls]<UL><LI><a href="#[93]">&gt;&gt;</a>&nbsp;&nbsp;&nbsp;gzp_crypt_set_session_token
</UL>
<BR>[Called By]<UL><LI><a href="#[87]">&gt;&gt;</a>&nbsp;&nbsp;&nbsp;CRYPT_Decode
</UL>

<P><STRONG><a name="[96]"></a>Comm_CheckSum</STRONG> (Thumb, 24 bytes, Stack size 8 bytes, ep_comm.o(i.Comm_CheckSum))
<BR><BR>[Stack]<UL><LI>Max Depth = 8<LI>Call Chain = Comm_CheckSum
</UL>
<BR>[Called By]<UL><LI><a href="#[8a]">&gt;&gt;</a>&nbsp;&nbsp;&nbsp;Comm_Decode
<LI><a href="#[a9]">&gt;&gt;</a>&nbsp;&nbsp;&nbsp;Comm_PrepareTxData
</UL>

<P><STRONG><a name="[a0]"></a>Comm_ClearFailCnt</STRONG> (Thumb, 6 bytes, Stack size 0 bytes, ep_comm.o(i.Comm_ClearFailCnt))
<BR><BR>[Called By]<UL><LI><a href="#[8a]">&gt;&gt;</a>&nbsp;&nbsp;&nbsp;Comm_Decode
<LI><a href="#[a5]">&gt;&gt;</a>&nbsp;&nbsp;&nbsp;Comm_Init
<LI><a href="#[d6]">&gt;&gt;</a>&nbsp;&nbsp;&nbsp;LCD_GzllPairCountDown
<LI><a href="#[1ce]">&gt;&gt;</a>&nbsp;&nbsp;&nbsp;nrf_gzll_device_tx_success
</UL>

<P><STRONG><a name="[98]"></a>Comm_DataTypeSet</STRONG> (Thumb, 6 bytes, Stack size 0 bytes, ep_comm.o(i.Comm_DataTypeSet))
<BR><BR>[Called By]<UL><LI><a href="#[97]">&gt;&gt;</a>&nbsp;&nbsp;&nbsp;MOTOR_comm_RX_decode
<LI><a href="#[8a]">&gt;&gt;</a>&nbsp;&nbsp;&nbsp;Comm_Decode
<LI><a href="#[78]">&gt;&gt;</a>&nbsp;&nbsp;&nbsp;LCD_Next_Menu_Config
<LI><a href="#[117]">&gt;&gt;</a>&nbsp;&nbsp;&nbsp;SYS_ErrCheck
<LI><a href="#[10b]">&gt;&gt;</a>&nbsp;&nbsp;&nbsp;PowerSwitch_onCheck
<LI><a href="#[af]">&gt;&gt;</a>&nbsp;&nbsp;&nbsp;Comm_UpdateSendData
<LI><a href="#[d6]">&gt;&gt;</a>&nbsp;&nbsp;&nbsp;LCD_GzllPairCountDown
</UL>

<P><STRONG><a name="[8a]"></a>Comm_Decode</STRONG> (Thumb, 268 bytes, Stack size 24 bytes, ep_comm.o(i.Comm_Decode))
<BR><BR>[Stack]<UL><LI>Max Depth = 48<LI>Call Chain = Comm_Decode &rArr; MOTOR_comm_RX_decode &rArr; __ARM_common_switch8
</UL>
<BR>[Calls]<UL><LI><a href="#[9e]">&gt;&gt;</a>&nbsp;&nbsp;&nbsp;PSTORAGE_set_Wflag
<LI><a href="#[9d]">&gt;&gt;</a>&nbsp;&nbsp;&nbsp;PSTORAGE_set_CurHandle
<LI><a href="#[97]">&gt;&gt;</a>&nbsp;&nbsp;&nbsp;MOTOR_comm_RX_decode
<LI><a href="#[9b]">&gt;&gt;</a>&nbsp;&nbsp;&nbsp;Gzll_SetPairState
<LI><a href="#[99]">&gt;&gt;</a>&nbsp;&nbsp;&nbsp;Gzll_SetGzllAddr1
<LI><a href="#[9f]">&gt;&gt;</a>&nbsp;&nbsp;&nbsp;Gzll_SetCommStatus
<LI><a href="#[9a]">&gt;&gt;</a>&nbsp;&nbsp;&nbsp;Gzll_ReadPairState
<LI><a href="#[9c]">&gt;&gt;</a>&nbsp;&nbsp;&nbsp;Gzll_Backup_gzllAddr1
<LI><a href="#[98]">&gt;&gt;</a>&nbsp;&nbsp;&nbsp;Comm_DataTypeSet
<LI><a href="#[a0]">&gt;&gt;</a>&nbsp;&nbsp;&nbsp;Comm_ClearFailCnt
<LI><a href="#[96]">&gt;&gt;</a>&nbsp;&nbsp;&nbsp;Comm_CheckSum
</UL>
<BR>[Called By]<UL><LI><a href="#[a]">&gt;&gt;</a>&nbsp;&nbsp;&nbsp;UART0_IRQHandler
<LI><a href="#[87]">&gt;&gt;</a>&nbsp;&nbsp;&nbsp;CRYPT_Decode
</UL>

<P><STRONG><a name="[a1]"></a>Comm_GzllModeSend</STRONG> (Thumb, 104 bytes, Stack size 16 bytes, ep_comm.o(i.Comm_GzllModeSend))
<BR><BR>[Stack]<UL><LI>Max Depth = 112<LI>Call Chain = Comm_GzllModeSend &rArr; nrf_gzll_add_packet_to_tx_fifo &rArr; nrf_impl_put_tx_fifo &rArr; nrf_pm_put_tx_fifo &rArr; nrf_pm_search_for_ptx_pipe_to_service &rArr; nrf_fifo_get_packet_count &rArr; NRF_ASSERT_INTERNAL_parse_and_forward
</UL>
<BR>[Calls]<UL><LI><a href="#[a2]">&gt;&gt;</a>&nbsp;&nbsp;&nbsp;nrf_gzll_add_packet_to_tx_fifo
<LI><a href="#[a3]">&gt;&gt;</a>&nbsp;&nbsp;&nbsp;THROTTLE_Backup_PercentMax
<LI><a href="#[9e]">&gt;&gt;</a>&nbsp;&nbsp;&nbsp;PSTORAGE_set_Wflag
<LI><a href="#[9d]">&gt;&gt;</a>&nbsp;&nbsp;&nbsp;PSTORAGE_set_CurHandle
<LI><a href="#[a4]">&gt;&gt;</a>&nbsp;&nbsp;&nbsp;Motor_SetMotStatus
<LI><a href="#[86]">&gt;&gt;</a>&nbsp;&nbsp;&nbsp;CRYPT_CommFailCheck
</UL>
<BR>[Called By]<UL><LI><a href="#[35]">&gt;&gt;</a>&nbsp;&nbsp;&nbsp;m_radio_callback
</UL>

<P><STRONG><a name="[a5]"></a>Comm_Init</STRONG> (Thumb, 66 bytes, Stack size 16 bytes, ep_comm.o(i.Comm_Init))
<BR><BR>[Stack]<UL><LI>Max Depth = 24<LI>Call Chain = Comm_Init &rArr; gazell_sd_radio_init
</UL>
<BR>[Calls]<UL><LI><a href="#[a8]">&gt;&gt;</a>&nbsp;&nbsp;&nbsp;gazell_sd_radio_init
<LI><a href="#[a0]">&gt;&gt;</a>&nbsp;&nbsp;&nbsp;Comm_ClearFailCnt
<LI><a href="#[a6]">&gt;&gt;</a>&nbsp;&nbsp;&nbsp;nrf_gpio_pin_read
<LI><a href="#[a7]">&gt;&gt;</a>&nbsp;&nbsp;&nbsp;RS485_Init
</UL>
<BR>[Called By]<UL><LI><a href="#[21]">&gt;&gt;</a>&nbsp;&nbsp;&nbsp;main
</UL>

<P><STRONG><a name="[a9]"></a>Comm_PrepareTxData</STRONG> (Thumb, 48 bytes, Stack size 12 bytes, ep_comm.o(i.Comm_PrepareTxData))
<BR><BR>[Stack]<UL><LI>Max Depth = 20<LI>Call Chain = Comm_PrepareTxData &rArr; Comm_CheckSum
</UL>
<BR>[Calls]<UL><LI><a href="#[96]">&gt;&gt;</a>&nbsp;&nbsp;&nbsp;Comm_CheckSum
</UL>
<BR>[Called By]<UL><LI><a href="#[21]">&gt;&gt;</a>&nbsp;&nbsp;&nbsp;main
</UL>

<P><STRONG><a name="[aa]"></a>Comm_RS485ModeSend</STRONG> (Thumb, 90 bytes, Stack size 16 bytes, ep_comm.o(i.Comm_RS485ModeSend))
<BR><BR>[Stack]<UL><LI>Max Depth = 32<LI>Call Chain = Comm_RS485ModeSend &rArr; THROTTLE_Backup_PercentMax &rArr; PSTORAGE_CheckSum
</UL>
<BR>[Calls]<UL><LI><a href="#[a3]">&gt;&gt;</a>&nbsp;&nbsp;&nbsp;THROTTLE_Backup_PercentMax
<LI><a href="#[9e]">&gt;&gt;</a>&nbsp;&nbsp;&nbsp;PSTORAGE_set_Wflag
<LI><a href="#[9d]">&gt;&gt;</a>&nbsp;&nbsp;&nbsp;PSTORAGE_set_CurHandle
<LI><a href="#[ab]">&gt;&gt;</a>&nbsp;&nbsp;&nbsp;RS485_SetTx
<LI><a href="#[a7]">&gt;&gt;</a>&nbsp;&nbsp;&nbsp;RS485_Init
</UL>
<BR>[Called By]<UL><LI><a href="#[21]">&gt;&gt;</a>&nbsp;&nbsp;&nbsp;main
</UL>

<P><STRONG><a name="[ac]"></a>Comm_RS485_Check</STRONG> (Thumb, 66 bytes, Stack size 8 bytes, ep_comm.o(i.Comm_RS485_Check))
<BR><BR>[Stack]<UL><LI>Max Depth = 16<LI>Call Chain = Comm_RS485_Check &rArr; gazell_sd_radio_init
</UL>
<BR>[Calls]<UL><LI><a href="#[a8]">&gt;&gt;</a>&nbsp;&nbsp;&nbsp;gazell_sd_radio_init
<LI><a href="#[ae]">&gt;&gt;</a>&nbsp;&nbsp;&nbsp;PowerSwitch_BatUVcountClear
<LI><a href="#[a6]">&gt;&gt;</a>&nbsp;&nbsp;&nbsp;nrf_gpio_pin_read
<LI><a href="#[a7]">&gt;&gt;</a>&nbsp;&nbsp;&nbsp;RS485_Init
<LI><a href="#[ad]">&gt;&gt;</a>&nbsp;&nbsp;&nbsp;RS485_Disable
</UL>
<BR>[Called By]<UL><LI><a href="#[21]">&gt;&gt;</a>&nbsp;&nbsp;&nbsp;main
</UL>

<P><STRONG><a name="[b4]"></a>Comm_ReadState</STRONG> (Thumb, 6 bytes, Stack size 0 bytes, ep_comm.o(i.Comm_ReadState))
<BR><BR>[Called By]<UL><LI><a href="#[78]">&gt;&gt;</a>&nbsp;&nbsp;&nbsp;LCD_Next_Menu_Config
<LI><a href="#[117]">&gt;&gt;</a>&nbsp;&nbsp;&nbsp;SYS_ErrCheck
<LI><a href="#[e5]">&gt;&gt;</a>&nbsp;&nbsp;&nbsp;LED_Display
<LI><a href="#[af]">&gt;&gt;</a>&nbsp;&nbsp;&nbsp;Comm_UpdateSendData
<LI><a href="#[109]">&gt;&gt;</a>&nbsp;&nbsp;&nbsp;PowerSwitch_OffCountAdd
<LI><a href="#[3a]">&gt;&gt;</a>&nbsp;&nbsp;&nbsp;gazell_send_packet_timeout_handler
</UL>

<P><STRONG><a name="[b1]"></a>Comm_TxDatSet</STRONG> (Thumb, 6 bytes, Stack size 0 bytes, ep_comm.o(i.Comm_TxDatSet))
<BR><BR>[Called By]<UL><LI><a href="#[af]">&gt;&gt;</a>&nbsp;&nbsp;&nbsp;Comm_UpdateSendData
</UL>

<P><STRONG><a name="[af]"></a>Comm_UpdateSendData</STRONG> (Thumb, 344 bytes, Stack size 16 bytes, ep_comm.o(i.Comm_UpdateSendData))
<BR><BR>[Stack]<UL><LI>Max Depth = 16<LI>Call Chain = Comm_UpdateSendData
</UL>
<BR>[Calls]<UL><LI><a href="#[b3]">&gt;&gt;</a>&nbsp;&nbsp;&nbsp;THROTTLE_GetPercent
<LI><a href="#[b2]">&gt;&gt;</a>&nbsp;&nbsp;&nbsp;THROTTLE_GetDir
<LI><a href="#[9f]">&gt;&gt;</a>&nbsp;&nbsp;&nbsp;Gzll_SetCommStatus
<LI><a href="#[9a]">&gt;&gt;</a>&nbsp;&nbsp;&nbsp;Gzll_ReadPairState
<LI><a href="#[b0]">&gt;&gt;</a>&nbsp;&nbsp;&nbsp;Gzll_ReadCommStatus
<LI><a href="#[b1]">&gt;&gt;</a>&nbsp;&nbsp;&nbsp;Comm_TxDatSet
<LI><a href="#[b4]">&gt;&gt;</a>&nbsp;&nbsp;&nbsp;Comm_ReadState
<LI><a href="#[98]">&gt;&gt;</a>&nbsp;&nbsp;&nbsp;Comm_DataTypeSet
</UL>
<BR>[Called By]<UL><LI><a href="#[21]">&gt;&gt;</a>&nbsp;&nbsp;&nbsp;main
</UL>

<P><STRONG><a name="[b5]"></a>DeviceInfo_ble_init</STRONG> (Thumb, 210 bytes, Stack size 24 bytes, ep_ble_device_info.o(i.DeviceInfo_ble_init))
<BR><BR>[Stack]<UL><LI>Max Depth = 40<LI>Call Chain = DeviceInfo_ble_init &rArr; ble_srv_ascii_to_utf8
</UL>
<BR>[Calls]<UL><LI><a href="#[b6]">&gt;&gt;</a>&nbsp;&nbsp;&nbsp;ble_srv_ascii_to_utf8
</UL>
<BR>[Called By]<UL><LI><a href="#[71]">&gt;&gt;</a>&nbsp;&nbsp;&nbsp;services_init
</UL>

<P><STRONG><a name="[b8]"></a>DeviceInfo_service_init</STRONG> (Thumb, 152 bytes, Stack size 32 bytes, ep_ble_device_info.o(i.DeviceInfo_service_init))
<BR><BR>[Stack]<UL><LI>Max Depth = 112<LI>Call Chain = DeviceInfo_service_init &rArr; DeviceInfo_char_add
</UL>
<BR>[Calls]<UL><LI><a href="#[b7]">&gt;&gt;</a>&nbsp;&nbsp;&nbsp;DeviceInfo_char_add
</UL>
<BR>[Called By]<UL><LI><a href="#[71]">&gt;&gt;</a>&nbsp;&nbsp;&nbsp;services_init
</UL>

<P><STRONG><a name="[b9]"></a>EventTimeOutCheckProcess</STRONG> (Thumb, 52 bytes, Stack size 8 bytes, ep_tick.o(i.EventTimeOutCheckProcess))
<BR><BR>[Stack]<UL><LI>Max Depth = 12<LI>Call Chain = EventTimeOutCheckProcess &rArr; LED_AllOff
</UL>
<BR>[Calls]<UL><LI><a href="#[bc]">&gt;&gt;</a>&nbsp;&nbsp;&nbsp;THROTTLE_SetState
<LI><a href="#[bb]">&gt;&gt;</a>&nbsp;&nbsp;&nbsp;LED_AllOff
<LI><a href="#[ba]">&gt;&gt;</a>&nbsp;&nbsp;&nbsp;LCD_SetMenu
</UL>
<BR>[Called By]<UL><LI><a href="#[21]">&gt;&gt;</a>&nbsp;&nbsp;&nbsp;main
</UL>

<P><STRONG><a name="[d]"></a>GPIOTE_IRQHandler</STRONG> (Thumb, 240 bytes, Stack size 24 bytes, nrf_drv_gpiote.o(i.GPIOTE_IRQHandler))
<BR><BR>[Stack]<UL><LI>Max Depth = 24<LI>Call Chain = GPIOTE_IRQHandler
</UL>
<BR>[Calls]<UL><LI><a href="#[bd]">&gt;&gt;</a>&nbsp;&nbsp;&nbsp;nrf_gpiote_event_is_set
<LI><a href="#[bf]">&gt;&gt;</a>&nbsp;&nbsp;&nbsp;nrf_gpio_cfg_sense_set
<LI><a href="#[be]">&gt;&gt;</a>&nbsp;&nbsp;&nbsp;channel_port_get
</UL>
<BR>[Address Reference Count : 1]<UL><LI> arm_startup_nrf51.o(RESET)
</UL>
<P><STRONG><a name="[9c]"></a>Gzll_Backup_gzllAddr1</STRONG> (Thumb, 32 bytes, Stack size 8 bytes, ep_gzll.o(i.Gzll_Backup_gzllAddr1))
<BR><BR>[Stack]<UL><LI>Max Depth = 16<LI>Call Chain = Gzll_Backup_gzllAddr1 &rArr; PSTORAGE_CheckSum
</UL>
<BR>[Calls]<UL><LI><a href="#[c0]">&gt;&gt;</a>&nbsp;&nbsp;&nbsp;PSTORAGE_CheckSum
</UL>
<BR>[Called By]<UL><LI><a href="#[8a]">&gt;&gt;</a>&nbsp;&nbsp;&nbsp;Comm_Decode
<LI><a href="#[d6]">&gt;&gt;</a>&nbsp;&nbsp;&nbsp;LCD_GzllPairCountDown
</UL>

<P><STRONG><a name="[c1]"></a>Gzll_ChannelTableSet</STRONG> (Thumb, 310 bytes, Stack size 16 bytes, ep_gzll.o(i.Gzll_ChannelTableSet))
<BR><BR>[Stack]<UL><LI>Max Depth = 28<LI>Call Chain = Gzll_ChannelTableSet &rArr; __aeabi_uidivmod
</UL>
<BR>[Calls]<UL><LI><a href="#[4d]">&gt;&gt;</a>&nbsp;&nbsp;&nbsp;__aeabi_uidivmod
</UL>
<BR>[Called By]<UL><LI><a href="#[c2]">&gt;&gt;</a>&nbsp;&nbsp;&nbsp;Gzll_Init
</UL>

<P><STRONG><a name="[c2]"></a>Gzll_Init</STRONG> (Thumb, 174 bytes, Stack size 16 bytes, ep_gzll.o(i.Gzll_Init))
<BR><BR>[Stack]<UL><LI>Max Depth = 200<LI>Call Chain = Gzll_Init &rArr; nrf_gzll_init &rArr; nrf_impl_init &rArr; update_mode &rArr; nrf_pm_end_prx &rArr; nrf_pm_search_for_ptx_pipe_to_service &rArr; nrf_fifo_get_packet_count &rArr; NRF_ASSERT_INTERNAL_parse_and_forward
</UL>
<BR>[Calls]<UL><LI><a href="#[cc]">&gt;&gt;</a>&nbsp;&nbsp;&nbsp;nrf_gzll_set_xosc_ctl
<LI><a href="#[c5]">&gt;&gt;</a>&nbsp;&nbsp;&nbsp;nrf_gzll_set_tx_power
<LI><a href="#[cd]">&gt;&gt;</a>&nbsp;&nbsp;&nbsp;nrf_gzll_set_timeslots_per_channel_when_device_out_of_sync
<LI><a href="#[cb]">&gt;&gt;</a>&nbsp;&nbsp;&nbsp;nrf_gzll_set_timeslots_per_channel
<LI><a href="#[c8]">&gt;&gt;</a>&nbsp;&nbsp;&nbsp;nrf_gzll_set_timeslot_period
<LI><a href="#[c6]">&gt;&gt;</a>&nbsp;&nbsp;&nbsp;nrf_gzll_set_max_tx_attempts
<LI><a href="#[ce]">&gt;&gt;</a>&nbsp;&nbsp;&nbsp;nrf_gzll_set_device_channel_selection_policy
<LI><a href="#[c7]">&gt;&gt;</a>&nbsp;&nbsp;&nbsp;nrf_gzll_set_datarate
<LI><a href="#[ca]">&gt;&gt;</a>&nbsp;&nbsp;&nbsp;nrf_gzll_set_channel_table
<LI><a href="#[c9]">&gt;&gt;</a>&nbsp;&nbsp;&nbsp;nrf_gzll_set_base_address_1
<LI><a href="#[c4]">&gt;&gt;</a>&nbsp;&nbsp;&nbsp;nrf_gzll_set_address_prefix_byte
<LI><a href="#[c3]">&gt;&gt;</a>&nbsp;&nbsp;&nbsp;nrf_gzll_init
<LI><a href="#[cf]">&gt;&gt;</a>&nbsp;&nbsp;&nbsp;nrf_gzll_enable
<LI><a href="#[c1]">&gt;&gt;</a>&nbsp;&nbsp;&nbsp;Gzll_ChannelTableSet
</UL>
<BR>[Called By]<UL><LI><a href="#[1c0]">&gt;&gt;</a>&nbsp;&nbsp;&nbsp;m_on_start
</UL>

<P><STRONG><a name="[d8]"></a>Gzll_PairTimeCountDown</STRONG> (Thumb, 38 bytes, Stack size 0 bytes, ep_gzll.o(i.Gzll_PairTimeCountDown))
<BR><BR>[Called By]<UL><LI><a href="#[d6]">&gt;&gt;</a>&nbsp;&nbsp;&nbsp;LCD_GzllPairCountDown
</UL>

<P><STRONG><a name="[1c6]"></a>Gzll_ParamInit</STRONG> (Thumb, 58 bytes, Stack size 0 bytes, ep_gzll.o(i.Gzll_ParamInit))
<BR><BR>[Called By]<UL><LI><a href="#[21]">&gt;&gt;</a>&nbsp;&nbsp;&nbsp;main
</UL>

<P><STRONG><a name="[b0]"></a>Gzll_ReadCommStatus</STRONG> (Thumb, 6 bytes, Stack size 0 bytes, ep_gzll.o(i.Gzll_ReadCommStatus))
<BR><BR>[Called By]<UL><LI><a href="#[af]">&gt;&gt;</a>&nbsp;&nbsp;&nbsp;Comm_UpdateSendData
<LI><a href="#[d6]">&gt;&gt;</a>&nbsp;&nbsp;&nbsp;LCD_GzllPairCountDown
</UL>

<P><STRONG><a name="[d7]"></a>Gzll_ReadCountDownSec</STRONG> (Thumb, 6 bytes, Stack size 0 bytes, ep_gzll.o(i.Gzll_ReadCountDownSec))
<BR><BR>[Called By]<UL><LI><a href="#[d6]">&gt;&gt;</a>&nbsp;&nbsp;&nbsp;LCD_GzllPairCountDown
</UL>

<P><STRONG><a name="[9a]"></a>Gzll_ReadPairState</STRONG> (Thumb, 6 bytes, Stack size 0 bytes, ep_gzll.o(i.Gzll_ReadPairState))
<BR><BR>[Called By]<UL><LI><a href="#[8a]">&gt;&gt;</a>&nbsp;&nbsp;&nbsp;Comm_Decode
<LI><a href="#[e5]">&gt;&gt;</a>&nbsp;&nbsp;&nbsp;LED_Display
<LI><a href="#[af]">&gt;&gt;</a>&nbsp;&nbsp;&nbsp;Comm_UpdateSendData
<LI><a href="#[d6]">&gt;&gt;</a>&nbsp;&nbsp;&nbsp;LCD_GzllPairCountDown
</UL>

<P><STRONG><a name="[d2]"></a>Gzll_SetAddrState</STRONG> (Thumb, 6 bytes, Stack size 0 bytes, ep_gzll.o(i.Gzll_SetAddrState))
<BR><BR>[Called By]<UL><LI><a href="#[d6]">&gt;&gt;</a>&nbsp;&nbsp;&nbsp;LCD_GzllPairCountDown
<LI><a href="#[d1]">&gt;&gt;</a>&nbsp;&nbsp;&nbsp;Gzll_Update_gzllAddr1
</UL>

<P><STRONG><a name="[9f]"></a>Gzll_SetCommStatus</STRONG> (Thumb, 6 bytes, Stack size 0 bytes, ep_gzll.o(i.Gzll_SetCommStatus))
<BR><BR>[Called By]<UL><LI><a href="#[8a]">&gt;&gt;</a>&nbsp;&nbsp;&nbsp;Comm_Decode
<LI><a href="#[78]">&gt;&gt;</a>&nbsp;&nbsp;&nbsp;LCD_Next_Menu_Config
<LI><a href="#[af]">&gt;&gt;</a>&nbsp;&nbsp;&nbsp;Comm_UpdateSendData
<LI><a href="#[115]">&gt;&gt;</a>&nbsp;&nbsp;&nbsp;SYS_DataInit
<LI><a href="#[d6]">&gt;&gt;</a>&nbsp;&nbsp;&nbsp;LCD_GzllPairCountDown
</UL>

<P><STRONG><a name="[de]"></a>Gzll_SetCountDownSec</STRONG> (Thumb, 6 bytes, Stack size 0 bytes, ep_gzll.o(i.Gzll_SetCountDownSec))
<BR><BR>[Called By]<UL><LI><a href="#[78]">&gt;&gt;</a>&nbsp;&nbsp;&nbsp;LCD_Next_Menu_Config
</UL>

<P><STRONG><a name="[99]"></a>Gzll_SetGzllAddr1</STRONG> (Thumb, 6 bytes, Stack size 0 bytes, ep_gzll.o(i.Gzll_SetGzllAddr1))
<BR><BR>[Called By]<UL><LI><a href="#[8a]">&gt;&gt;</a>&nbsp;&nbsp;&nbsp;Comm_Decode
</UL>

<P><STRONG><a name="[9b]"></a>Gzll_SetPairState</STRONG> (Thumb, 6 bytes, Stack size 0 bytes, ep_gzll.o(i.Gzll_SetPairState))
<BR><BR>[Called By]<UL><LI><a href="#[8a]">&gt;&gt;</a>&nbsp;&nbsp;&nbsp;Comm_Decode
<LI><a href="#[78]">&gt;&gt;</a>&nbsp;&nbsp;&nbsp;LCD_Next_Menu_Config
<LI><a href="#[d6]">&gt;&gt;</a>&nbsp;&nbsp;&nbsp;LCD_GzllPairCountDown
</UL>

<P><STRONG><a name="[d0]"></a>Gzll_SetRxData</STRONG> (Thumb, 22 bytes, Stack size 8 bytes, ep_gzll.o(i.Gzll_SetRxData))
<BR><BR>[Stack]<UL><LI>Max Depth = 8<LI>Call Chain = Gzll_SetRxData
</UL>
<BR>[Calls]<UL><LI><a href="#[94]">&gt;&gt;</a>&nbsp;&nbsp;&nbsp;__aeabi_memcpy
</UL>
<BR>[Called By]<UL><LI><a href="#[1ce]">&gt;&gt;</a>&nbsp;&nbsp;&nbsp;nrf_gzll_device_tx_success
</UL>

<P><STRONG><a name="[92]"></a>Gzll_SetTxData</STRONG> (Thumb, 22 bytes, Stack size 8 bytes, ep_gzll.o(i.Gzll_SetTxData))
<BR><BR>[Stack]<UL><LI>Max Depth = 8<LI>Call Chain = Gzll_SetTxData
</UL>
<BR>[Calls]<UL><LI><a href="#[94]">&gt;&gt;</a>&nbsp;&nbsp;&nbsp;__aeabi_memcpy
</UL>
<BR>[Called By]<UL><LI><a href="#[85]">&gt;&gt;</a>&nbsp;&nbsp;&nbsp;CRYPT_keyUpdate_Prepare
<LI><a href="#[80]">&gt;&gt;</a>&nbsp;&nbsp;&nbsp;CRYPT_keyUpdate
<LI><a href="#[82]">&gt;&gt;</a>&nbsp;&nbsp;&nbsp;CRYPT_UserData_TX
<LI><a href="#[83]">&gt;&gt;</a>&nbsp;&nbsp;&nbsp;CRYPT_HostID_req_send
<LI><a href="#[84]">&gt;&gt;</a>&nbsp;&nbsp;&nbsp;CRYPT_HostID_fetch_send
</UL>

<P><STRONG><a name="[d1]"></a>Gzll_Update_gzllAddr1</STRONG> (Thumb, 56 bytes, Stack size 16 bytes, ep_gzll.o(i.Gzll_Update_gzllAddr1))
<BR><BR>[Stack]<UL><LI>Max Depth = 24<LI>Call Chain = Gzll_Update_gzllAddr1 &rArr; PSTORAGE_CheckSum
</UL>
<BR>[Calls]<UL><LI><a href="#[c0]">&gt;&gt;</a>&nbsp;&nbsp;&nbsp;PSTORAGE_CheckSum
<LI><a href="#[d2]">&gt;&gt;</a>&nbsp;&nbsp;&nbsp;Gzll_SetAddrState
</UL>
<BR>[Called By]<UL><LI><a href="#[f6]">&gt;&gt;</a>&nbsp;&nbsp;&nbsp;PSTORAGE_DataUdate
</UL>

<P><STRONG><a name="[4]"></a>HardFault_Handler</STRONG> (Thumb, 30 bytes, Stack size 0 bytes, main.o(i.HardFault_Handler))
<BR><BR>[Calls]<UL><LI><a href="#[67]">&gt;&gt;</a>&nbsp;&nbsp;&nbsp;delay_ms
</UL>
<BR>[Address Reference Count : 1]<UL><LI> arm_startup_nrf51.o(RESET)
</UL>
<P><STRONG><a name="[d3]"></a>IIC_Ack</STRONG> (Thumb, 38 bytes, Stack size 16 bytes, myiic.o(i.IIC_Ack))
<BR><BR>[Stack]<UL><LI>Max Depth = 24<LI>Call Chain = IIC_Ack &rArr; delay_us
</UL>
<BR>[Calls]<UL><LI><a href="#[d4]">&gt;&gt;</a>&nbsp;&nbsp;&nbsp;delay_us
</UL>
<BR>[Called By]<UL><LI><a href="#[63]">&gt;&gt;</a>&nbsp;&nbsp;&nbsp;IIC_Read_Byte
</UL>

<P><STRONG><a name="[d5]"></a>IIC_NAck</STRONG> (Thumb, 38 bytes, Stack size 16 bytes, myiic.o(i.IIC_NAck))
<BR><BR>[Stack]<UL><LI>Max Depth = 24<LI>Call Chain = IIC_NAck &rArr; delay_us
</UL>
<BR>[Calls]<UL><LI><a href="#[d4]">&gt;&gt;</a>&nbsp;&nbsp;&nbsp;delay_us
</UL>
<BR>[Called By]<UL><LI><a href="#[63]">&gt;&gt;</a>&nbsp;&nbsp;&nbsp;IIC_Read_Byte
</UL>

<P><STRONG><a name="[63]"></a>IIC_Read_Byte</STRONG> (Thumb, 80 bytes, Stack size 24 bytes, myiic.o(i.IIC_Read_Byte))
<BR><BR>[Stack]<UL><LI>Max Depth = 48<LI>Call Chain = IIC_Read_Byte &rArr; IIC_NAck &rArr; delay_us
</UL>
<BR>[Calls]<UL><LI><a href="#[d4]">&gt;&gt;</a>&nbsp;&nbsp;&nbsp;delay_us
<LI><a href="#[d5]">&gt;&gt;</a>&nbsp;&nbsp;&nbsp;IIC_NAck
<LI><a href="#[d3]">&gt;&gt;</a>&nbsp;&nbsp;&nbsp;IIC_Ack
</UL>
<BR>[Called By]<UL><LI><a href="#[59]">&gt;&gt;</a>&nbsp;&nbsp;&nbsp;AS5600_ReadOneByte
</UL>

<P><STRONG><a name="[61]"></a>IIC_Send_Byte</STRONG> (Thumb, 76 bytes, Stack size 24 bytes, myiic.o(i.IIC_Send_Byte))
<BR><BR>[Stack]<UL><LI>Max Depth = 32<LI>Call Chain = IIC_Send_Byte &rArr; delay_us
</UL>
<BR>[Calls]<UL><LI><a href="#[d4]">&gt;&gt;</a>&nbsp;&nbsp;&nbsp;delay_us
</UL>
<BR>[Called By]<UL><LI><a href="#[5a]">&gt;&gt;</a>&nbsp;&nbsp;&nbsp;AS5600_WriteOneByte
<LI><a href="#[59]">&gt;&gt;</a>&nbsp;&nbsp;&nbsp;AS5600_ReadOneByte
</UL>

<P><STRONG><a name="[60]"></a>IIC_Start</STRONG> (Thumb, 38 bytes, Stack size 16 bytes, myiic.o(i.IIC_Start))
<BR><BR>[Stack]<UL><LI>Max Depth = 24<LI>Call Chain = IIC_Start &rArr; delay_us
</UL>
<BR>[Calls]<UL><LI><a href="#[d4]">&gt;&gt;</a>&nbsp;&nbsp;&nbsp;delay_us
</UL>
<BR>[Called By]<UL><LI><a href="#[5a]">&gt;&gt;</a>&nbsp;&nbsp;&nbsp;AS5600_WriteOneByte
<LI><a href="#[59]">&gt;&gt;</a>&nbsp;&nbsp;&nbsp;AS5600_ReadOneByte
</UL>

<P><STRONG><a name="[64]"></a>IIC_Stop</STRONG> (Thumb, 38 bytes, Stack size 16 bytes, myiic.o(i.IIC_Stop))
<BR><BR>[Stack]<UL><LI>Max Depth = 24<LI>Call Chain = IIC_Stop &rArr; delay_us
</UL>
<BR>[Calls]<UL><LI><a href="#[d4]">&gt;&gt;</a>&nbsp;&nbsp;&nbsp;delay_us
</UL>
<BR>[Called By]<UL><LI><a href="#[5a]">&gt;&gt;</a>&nbsp;&nbsp;&nbsp;AS5600_WriteOneByte
<LI><a href="#[59]">&gt;&gt;</a>&nbsp;&nbsp;&nbsp;AS5600_ReadOneByte
<LI><a href="#[62]">&gt;&gt;</a>&nbsp;&nbsp;&nbsp;IIC_Wait_Ack
</UL>

<P><STRONG><a name="[62]"></a>IIC_Wait_Ack</STRONG> (Thumb, 68 bytes, Stack size 16 bytes, myiic.o(i.IIC_Wait_Ack))
<BR><BR>[Stack]<UL><LI>Max Depth = 40<LI>Call Chain = IIC_Wait_Ack &rArr; IIC_Stop &rArr; delay_us
</UL>
<BR>[Calls]<UL><LI><a href="#[d4]">&gt;&gt;</a>&nbsp;&nbsp;&nbsp;delay_us
<LI><a href="#[64]">&gt;&gt;</a>&nbsp;&nbsp;&nbsp;IIC_Stop
</UL>
<BR>[Called By]<UL><LI><a href="#[5a]">&gt;&gt;</a>&nbsp;&nbsp;&nbsp;AS5600_WriteOneByte
<LI><a href="#[59]">&gt;&gt;</a>&nbsp;&nbsp;&nbsp;AS5600_ReadOneByte
</UL>

<P><STRONG><a name="[d6]"></a>LCD_GzllPairCountDown</STRONG> (Thumb, 182 bytes, Stack size 16 bytes, ep_lcd_6kw.o(i.LCD_GzllPairCountDown))
<BR><BR>[Stack]<UL><LI>Max Depth = 32<LI>Call Chain = LCD_GzllPairCountDown &rArr; PSTORAGE_set_CurHandle
</UL>
<BR>[Calls]<UL><LI><a href="#[9e]">&gt;&gt;</a>&nbsp;&nbsp;&nbsp;PSTORAGE_set_Wflag
<LI><a href="#[9d]">&gt;&gt;</a>&nbsp;&nbsp;&nbsp;PSTORAGE_set_CurHandle
<LI><a href="#[9b]">&gt;&gt;</a>&nbsp;&nbsp;&nbsp;Gzll_SetPairState
<LI><a href="#[9f]">&gt;&gt;</a>&nbsp;&nbsp;&nbsp;Gzll_SetCommStatus
<LI><a href="#[9a]">&gt;&gt;</a>&nbsp;&nbsp;&nbsp;Gzll_ReadPairState
<LI><a href="#[b0]">&gt;&gt;</a>&nbsp;&nbsp;&nbsp;Gzll_ReadCommStatus
<LI><a href="#[9c]">&gt;&gt;</a>&nbsp;&nbsp;&nbsp;Gzll_Backup_gzllAddr1
<LI><a href="#[98]">&gt;&gt;</a>&nbsp;&nbsp;&nbsp;Comm_DataTypeSet
<LI><a href="#[a0]">&gt;&gt;</a>&nbsp;&nbsp;&nbsp;Comm_ClearFailCnt
<LI><a href="#[ba]">&gt;&gt;</a>&nbsp;&nbsp;&nbsp;LCD_SetMenu
<LI><a href="#[d2]">&gt;&gt;</a>&nbsp;&nbsp;&nbsp;Gzll_SetAddrState
<LI><a href="#[d7]">&gt;&gt;</a>&nbsp;&nbsp;&nbsp;Gzll_ReadCountDownSec
<LI><a href="#[d8]">&gt;&gt;</a>&nbsp;&nbsp;&nbsp;Gzll_PairTimeCountDown
</UL>
<BR>[Called By]<UL><LI><a href="#[e5]">&gt;&gt;</a>&nbsp;&nbsp;&nbsp;LED_Display
</UL>

<P><STRONG><a name="[1c3]"></a>LCD_Init</STRONG> (Thumb, 10 bytes, Stack size 0 bytes, ep_lcd_6kw.o(i.LCD_Init))
<BR><BR>[Called By]<UL><LI><a href="#[21]">&gt;&gt;</a>&nbsp;&nbsp;&nbsp;main
</UL>

<P><STRONG><a name="[78]"></a>LCD_Next_Menu_Config</STRONG> (Thumb, 604 bytes, Stack size 24 bytes, ep_lcd_6kw.o(i.LCD_Next_Menu_Config))
<BR><BR>[Stack]<UL><LI>Max Depth = 52<LI>Call Chain = LCD_Next_Menu_Config &rArr; LED_SysOff &rArr; LED_DisplayNum &rArr; __ARM_common_switch8
</UL>
<BR>[Calls]<UL><LI><a href="#[a3]">&gt;&gt;</a>&nbsp;&nbsp;&nbsp;THROTTLE_Backup_PercentMax
<LI><a href="#[9e]">&gt;&gt;</a>&nbsp;&nbsp;&nbsp;PSTORAGE_set_Wflag
<LI><a href="#[9d]">&gt;&gt;</a>&nbsp;&nbsp;&nbsp;PSTORAGE_set_CurHandle
<LI><a href="#[9b]">&gt;&gt;</a>&nbsp;&nbsp;&nbsp;Gzll_SetPairState
<LI><a href="#[9f]">&gt;&gt;</a>&nbsp;&nbsp;&nbsp;Gzll_SetCommStatus
<LI><a href="#[b4]">&gt;&gt;</a>&nbsp;&nbsp;&nbsp;Comm_ReadState
<LI><a href="#[98]">&gt;&gt;</a>&nbsp;&nbsp;&nbsp;Comm_DataTypeSet
<LI><a href="#[d9]">&gt;&gt;</a>&nbsp;&nbsp;&nbsp;BUZZER_beep_twice
<LI><a href="#[db]">&gt;&gt;</a>&nbsp;&nbsp;&nbsp;BUZZER_beep_once
<LI><a href="#[dc]">&gt;&gt;</a>&nbsp;&nbsp;&nbsp;THROTTLE_cal_state
<LI><a href="#[bc]">&gt;&gt;</a>&nbsp;&nbsp;&nbsp;THROTTLE_SetState
<LI><a href="#[dd]">&gt;&gt;</a>&nbsp;&nbsp;&nbsp;THROTTLE_SetCalErrFlag
<LI><a href="#[df]">&gt;&gt;</a>&nbsp;&nbsp;&nbsp;THROTTLE_ReadCalErrFlag
<LI><a href="#[e0]">&gt;&gt;</a>&nbsp;&nbsp;&nbsp;THROTTLE_Cal_Next
<LI><a href="#[e1]">&gt;&gt;</a>&nbsp;&nbsp;&nbsp;THROTTLE_Backup_cal
<LI><a href="#[da]">&gt;&gt;</a>&nbsp;&nbsp;&nbsp;LED_SysOff
<LI><a href="#[bb]">&gt;&gt;</a>&nbsp;&nbsp;&nbsp;LED_AllOff
<LI><a href="#[de]">&gt;&gt;</a>&nbsp;&nbsp;&nbsp;Gzll_SetCountDownSec
</UL>
<BR>[Called By]<UL><LI><a href="#[77]">&gt;&gt;</a>&nbsp;&nbsp;&nbsp;BUTTON_get_touch_type
</UL>

<P><STRONG><a name="[ba]"></a>LCD_SetMenu</STRONG> (Thumb, 6 bytes, Stack size 0 bytes, ep_lcd_6kw.o(i.LCD_SetMenu))
<BR><BR>[Called By]<UL><LI><a href="#[97]">&gt;&gt;</a>&nbsp;&nbsp;&nbsp;MOTOR_comm_RX_decode
<LI><a href="#[b9]">&gt;&gt;</a>&nbsp;&nbsp;&nbsp;EventTimeOutCheckProcess
<LI><a href="#[d6]">&gt;&gt;</a>&nbsp;&nbsp;&nbsp;LCD_GzllPairCountDown
</UL>

<P><STRONG><a name="[bb]"></a>LED_AllOff</STRONG> (Thumb, 58 bytes, Stack size 4 bytes, ep_led.o(i.LED_AllOff))
<BR><BR>[Stack]<UL><LI>Max Depth = 4<LI>Call Chain = LED_AllOff
</UL>
<BR>[Calls]<UL><LI><a href="#[e2]">&gt;&gt;</a>&nbsp;&nbsp;&nbsp;LED_OFF
</UL>
<BR>[Called By]<UL><LI><a href="#[97]">&gt;&gt;</a>&nbsp;&nbsp;&nbsp;MOTOR_comm_RX_decode
<LI><a href="#[78]">&gt;&gt;</a>&nbsp;&nbsp;&nbsp;LCD_Next_Menu_Config
<LI><a href="#[e5]">&gt;&gt;</a>&nbsp;&nbsp;&nbsp;LED_Display
<LI><a href="#[b9]">&gt;&gt;</a>&nbsp;&nbsp;&nbsp;EventTimeOutCheckProcess
<LI><a href="#[ec]">&gt;&gt;</a>&nbsp;&nbsp;&nbsp;LED_SysON
<LI><a href="#[e0]">&gt;&gt;</a>&nbsp;&nbsp;&nbsp;THROTTLE_Cal_Next
</UL>

<P><STRONG><a name="[e3]"></a>LED_AllOn</STRONG> (Thumb, 58 bytes, Stack size 4 bytes, ep_led.o(i.LED_AllOn))
<BR><BR>[Stack]<UL><LI>Max Depth = 4<LI>Call Chain = LED_AllOn
</UL>
<BR>[Calls]<UL><LI><a href="#[e4]">&gt;&gt;</a>&nbsp;&nbsp;&nbsp;LED_ON
</UL>
<BR>[Called By]<UL><LI><a href="#[e5]">&gt;&gt;</a>&nbsp;&nbsp;&nbsp;LED_Display
<LI><a href="#[da]">&gt;&gt;</a>&nbsp;&nbsp;&nbsp;LED_SysOff
</UL>

<P><STRONG><a name="[e5]"></a>LED_Display</STRONG> (Thumb, 420 bytes, Stack size 24 bytes, ep_led.o(i.LED_Display))
<BR><BR>[Stack]<UL><LI>Max Depth = 56<LI>Call Chain = LED_Display &rArr; LCD_GzllPairCountDown &rArr; PSTORAGE_set_CurHandle
</UL>
<BR>[Calls]<UL><LI><a href="#[88]">&gt;&gt;</a>&nbsp;&nbsp;&nbsp;__ARM_common_switch8
<LI><a href="#[9a]">&gt;&gt;</a>&nbsp;&nbsp;&nbsp;Gzll_ReadPairState
<LI><a href="#[b4]">&gt;&gt;</a>&nbsp;&nbsp;&nbsp;Comm_ReadState
<LI><a href="#[d9]">&gt;&gt;</a>&nbsp;&nbsp;&nbsp;BUZZER_beep_twice
<LI><a href="#[bb]">&gt;&gt;</a>&nbsp;&nbsp;&nbsp;LED_AllOff
<LI><a href="#[d6]">&gt;&gt;</a>&nbsp;&nbsp;&nbsp;LCD_GzllPairCountDown
<LI><a href="#[e7]">&gt;&gt;</a>&nbsp;&nbsp;&nbsp;LED_nBlink_Slow
<LI><a href="#[e9]">&gt;&gt;</a>&nbsp;&nbsp;&nbsp;LED_nBlink_Fast
<LI><a href="#[e8]">&gt;&gt;</a>&nbsp;&nbsp;&nbsp;LED_blink
<LI><a href="#[ea]">&gt;&gt;</a>&nbsp;&nbsp;&nbsp;LED_DisplayPosition
<LI><a href="#[e6]">&gt;&gt;</a>&nbsp;&nbsp;&nbsp;LED_DisplayPercent
<LI><a href="#[e3]">&gt;&gt;</a>&nbsp;&nbsp;&nbsp;LED_AllOn
<LI><a href="#[4c]">&gt;&gt;</a>&nbsp;&nbsp;&nbsp;__aeabi_idivmod
</UL>
<BR>[Called By]<UL><LI><a href="#[21]">&gt;&gt;</a>&nbsp;&nbsp;&nbsp;main
</UL>

<P><STRONG><a name="[eb]"></a>LED_DisplayNum</STRONG> (Thumb, 524 bytes, Stack size 4 bytes, ep_led.o(i.LED_DisplayNum))
<BR><BR>[Stack]<UL><LI>Max Depth = 12<LI>Call Chain = LED_DisplayNum &rArr; __ARM_common_switch8
</UL>
<BR>[Calls]<UL><LI><a href="#[88]">&gt;&gt;</a>&nbsp;&nbsp;&nbsp;__ARM_common_switch8
<LI><a href="#[e4]">&gt;&gt;</a>&nbsp;&nbsp;&nbsp;LED_ON
<LI><a href="#[e2]">&gt;&gt;</a>&nbsp;&nbsp;&nbsp;LED_OFF
</UL>
<BR>[Called By]<UL><LI><a href="#[ec]">&gt;&gt;</a>&nbsp;&nbsp;&nbsp;LED_SysON
<LI><a href="#[da]">&gt;&gt;</a>&nbsp;&nbsp;&nbsp;LED_SysOff
</UL>

<P><STRONG><a name="[e6]"></a>LED_DisplayPercent</STRONG> (Thumb, 466 bytes, Stack size 4 bytes, ep_led.o(i.LED_DisplayPercent))
<BR><BR>[Stack]<UL><LI>Max Depth = 12<LI>Call Chain = LED_DisplayPercent &rArr; __ARM_common_switch8
</UL>
<BR>[Calls]<UL><LI><a href="#[88]">&gt;&gt;</a>&nbsp;&nbsp;&nbsp;__ARM_common_switch8
<LI><a href="#[e4]">&gt;&gt;</a>&nbsp;&nbsp;&nbsp;LED_ON
<LI><a href="#[e2]">&gt;&gt;</a>&nbsp;&nbsp;&nbsp;LED_OFF
</UL>
<BR>[Called By]<UL><LI><a href="#[e5]">&gt;&gt;</a>&nbsp;&nbsp;&nbsp;LED_Display
</UL>

<P><STRONG><a name="[ea]"></a>LED_DisplayPosition</STRONG> (Thumb, 82 bytes, Stack size 20 bytes, ep_led.o(i.LED_DisplayPosition))
<BR><BR>[Stack]<UL><LI>Max Depth = 20<LI>Call Chain = LED_DisplayPosition
</UL>
<BR>[Calls]<UL><LI><a href="#[e4]">&gt;&gt;</a>&nbsp;&nbsp;&nbsp;LED_ON
<LI><a href="#[e2]">&gt;&gt;</a>&nbsp;&nbsp;&nbsp;LED_OFF
</UL>
<BR>[Called By]<UL><LI><a href="#[e5]">&gt;&gt;</a>&nbsp;&nbsp;&nbsp;LED_Display
</UL>

<P><STRONG><a name="[e2]"></a>LED_OFF</STRONG> (Thumb, 10 bytes, Stack size 0 bytes, ep_led.o(i.LED_OFF))
<BR><BR>[Called By]<UL><LI><a href="#[bb]">&gt;&gt;</a>&nbsp;&nbsp;&nbsp;LED_AllOff
<LI><a href="#[ea]">&gt;&gt;</a>&nbsp;&nbsp;&nbsp;LED_DisplayPosition
<LI><a href="#[e6]">&gt;&gt;</a>&nbsp;&nbsp;&nbsp;LED_DisplayPercent
<LI><a href="#[eb]">&gt;&gt;</a>&nbsp;&nbsp;&nbsp;LED_DisplayNum
</UL>

<P><STRONG><a name="[e4]"></a>LED_ON</STRONG> (Thumb, 10 bytes, Stack size 0 bytes, ep_led.o(i.LED_ON))
<BR><BR>[Called By]<UL><LI><a href="#[ea]">&gt;&gt;</a>&nbsp;&nbsp;&nbsp;LED_DisplayPosition
<LI><a href="#[e6]">&gt;&gt;</a>&nbsp;&nbsp;&nbsp;LED_DisplayPercent
<LI><a href="#[eb]">&gt;&gt;</a>&nbsp;&nbsp;&nbsp;LED_DisplayNum
<LI><a href="#[e3]">&gt;&gt;</a>&nbsp;&nbsp;&nbsp;LED_AllOn
</UL>

<P><STRONG><a name="[ec]"></a>LED_SysON</STRONG> (Thumb, 30 bytes, Stack size 8 bytes, ep_led.o(i.LED_SysON))
<BR><BR>[Stack]<UL><LI>Max Depth = 20<LI>Call Chain = LED_SysON &rArr; LED_DisplayNum &rArr; __ARM_common_switch8
</UL>
<BR>[Calls]<UL><LI><a href="#[67]">&gt;&gt;</a>&nbsp;&nbsp;&nbsp;delay_ms
<LI><a href="#[bb]">&gt;&gt;</a>&nbsp;&nbsp;&nbsp;LED_AllOff
<LI><a href="#[eb]">&gt;&gt;</a>&nbsp;&nbsp;&nbsp;LED_DisplayNum
</UL>
<BR>[Called By]<UL><LI><a href="#[10b]">&gt;&gt;</a>&nbsp;&nbsp;&nbsp;PowerSwitch_onCheck
</UL>

<P><STRONG><a name="[da]"></a>LED_SysOff</STRONG> (Thumb, 34 bytes, Stack size 16 bytes, ep_led.o(i.LED_SysOff))
<BR><BR>[Stack]<UL><LI>Max Depth = 28<LI>Call Chain = LED_SysOff &rArr; LED_DisplayNum &rArr; __ARM_common_switch8
</UL>
<BR>[Calls]<UL><LI><a href="#[67]">&gt;&gt;</a>&nbsp;&nbsp;&nbsp;delay_ms
<LI><a href="#[eb]">&gt;&gt;</a>&nbsp;&nbsp;&nbsp;LED_DisplayNum
<LI><a href="#[e3]">&gt;&gt;</a>&nbsp;&nbsp;&nbsp;LED_AllOn
</UL>
<BR>[Called By]<UL><LI><a href="#[78]">&gt;&gt;</a>&nbsp;&nbsp;&nbsp;LCD_Next_Menu_Config
</UL>

<P><STRONG><a name="[e8]"></a>LED_blink</STRONG> (Thumb, 44 bytes, Stack size 24 bytes, ep_led.o(i.LED_blink))
<BR><BR>[Stack]<UL><LI>Max Depth = 24<LI>Call Chain = LED_blink
</UL>
<BR>[Calls]<UL><LI><a href="#[ed]">&gt;&gt;</a>&nbsp;&nbsp;&nbsp;nrf_gpio_pin_toggle
</UL>
<BR>[Called By]<UL><LI><a href="#[e5]">&gt;&gt;</a>&nbsp;&nbsp;&nbsp;LED_Display
</UL>

<P><STRONG><a name="[1c9]"></a>LED_init</STRONG> (Thumb, 50 bytes, Stack size 0 bytes, ep_led.o(i.LED_init))
<BR><BR>[Called By]<UL><LI><a href="#[21]">&gt;&gt;</a>&nbsp;&nbsp;&nbsp;main
</UL>

<P><STRONG><a name="[e9]"></a>LED_nBlink_Fast</STRONG> (Thumb, 58 bytes, Stack size 32 bytes, ep_led.o(i.LED_nBlink_Fast))
<BR><BR>[Stack]<UL><LI>Max Depth = 32<LI>Call Chain = LED_nBlink_Fast
</UL>
<BR>[Calls]<UL><LI><a href="#[ed]">&gt;&gt;</a>&nbsp;&nbsp;&nbsp;nrf_gpio_pin_toggle
</UL>
<BR>[Called By]<UL><LI><a href="#[e5]">&gt;&gt;</a>&nbsp;&nbsp;&nbsp;LED_Display
</UL>

<P><STRONG><a name="[e7]"></a>LED_nBlink_Slow</STRONG> (Thumb, 60 bytes, Stack size 32 bytes, ep_led.o(i.LED_nBlink_Slow))
<BR><BR>[Stack]<UL><LI>Max Depth = 32<LI>Call Chain = LED_nBlink_Slow
</UL>
<BR>[Calls]<UL><LI><a href="#[ed]">&gt;&gt;</a>&nbsp;&nbsp;&nbsp;nrf_gpio_pin_toggle
</UL>
<BR>[Called By]<UL><LI><a href="#[e5]">&gt;&gt;</a>&nbsp;&nbsp;&nbsp;LED_Display
</UL>

[...]
<BR><BR>[Called By]<UL><LI><a href="#[196]">&gt;&gt;</a>&nbsp;&nbsp;&nbsp;swap_sub_state_state_change
</UL>

<P><STRONG><a name="[199]"></a>swap_sub_state_err_busy_process</STRONG> (Thumb, 20 bytes, Stack size 8 bytes, pstorage.o(i.swap_sub_state_err_busy_process))
<BR><BR>[Stack]<UL><LI>Max Depth = 16<LI>Call Chain = swap_sub_state_err_busy_process &rArr; swap_sub_state_state_change
</UL>
<BR>[Calls]<UL><LI><a href="#[196]">&gt;&gt;</a>&nbsp;&nbsp;&nbsp;swap_sub_state_state_change
</UL>
<BR>[Called By]<UL><LI><a href="#[44]">&gt;&gt;</a>&nbsp;&nbsp;&nbsp;tail_restore_state_run
<LI><a href="#[41]">&gt;&gt;</a>&nbsp;&nbsp;&nbsp;swap_erase_state_run
<LI><a href="#[45]">&gt;&gt;</a>&nbsp;&nbsp;&nbsp;head_restore_state_run
<LI><a href="#[42]">&gt;&gt;</a>&nbsp;&nbsp;&nbsp;data_to_swap_write_state_run
<LI><a href="#[43]">&gt;&gt;</a>&nbsp;&nbsp;&nbsp;data_page_erase_state_run
</UL>

<P><STRONG><a name="[1a7]"></a>swap_sub_state_sm_run</STRONG> (Thumb, 12 bytes, Stack size 0 bytes, pstorage.o(i.swap_sub_state_sm_run))
<BR><BR>[Called By]<UL><LI><a href="#[1a5]">&gt;&gt;</a>&nbsp;&nbsp;&nbsp;flash_operation_success_run
</UL>

<P><STRONG><a name="[196]"></a>swap_sub_state_state_change</STRONG> (Thumb, 12 bytes, Stack size 8 bytes, pstorage.o(i.swap_sub_state_state_change))
<BR><BR>[Stack]<UL><LI>Max Depth = 8<LI>Call Chain = swap_sub_state_state_change
</UL>
<BR>[Calls]<UL><LI><a href="#[22e]">&gt;&gt;</a>&nbsp;&nbsp;&nbsp;swap_sub_state_entry_action_run
</UL>
<BR>[Called By]<UL><LI><a href="#[199]">&gt;&gt;</a>&nbsp;&nbsp;&nbsp;swap_sub_state_err_busy_process
<LI><a href="#[41]">&gt;&gt;</a>&nbsp;&nbsp;&nbsp;swap_erase_state_run
<LI><a href="#[22a]">&gt;&gt;</a>&nbsp;&nbsp;&nbsp;state_data_erase_swap_entry_run
<LI><a href="#[45]">&gt;&gt;</a>&nbsp;&nbsp;&nbsp;head_restore_state_run
<LI><a href="#[1a4]">&gt;&gt;</a>&nbsp;&nbsp;&nbsp;flash_operation_failure_run
<LI><a href="#[42]">&gt;&gt;</a>&nbsp;&nbsp;&nbsp;data_to_swap_write_state_run
<LI><a href="#[43]">&gt;&gt;</a>&nbsp;&nbsp;&nbsp;data_page_erase_state_run
</UL>

<P><STRONG><a name="[44]"></a>tail_restore_state_run</STRONG> (Thumb, 22 bytes, Stack size 8 bytes, pstorage.o(i.tail_restore_state_run))
<BR><BR>[Stack]<UL><LI>Max Depth = 112<LI>Call Chain = tail_restore_state_run &rArr; swap_sub_sm_exit_action_run &rArr; clear_post_processing_run &rArr; store_operation_execute &rArr; sm_state_change &rArr; state_entry_action_run &rArr; state_store_entry_run &rArr; store_cmd_flash_write_execute &rArr; flash_write &rArr; flash_api_err_code_process &rArr; app_notify_error_state_transit &rArr;  sm_state_change (Cycle)
</UL>
<BR>[Calls]<UL><LI><a href="#[199]">&gt;&gt;</a>&nbsp;&nbsp;&nbsp;swap_sub_state_err_busy_process
<LI><a href="#[198]">&gt;&gt;</a>&nbsp;&nbsp;&nbsp;swap_sub_sm_exit_action_run
</UL>
<BR>[Address Reference Count : 1]<UL><LI> pstorage.o(.constdata)
</UL>
<P><STRONG><a name="[184]"></a>tail_word_size_calculate</STRONG> (Thumb, 72 bytes, Stack size 24 bytes, pstorage.o(i.tail_word_size_calculate))
<BR><BR>[Stack]<UL><LI>Max Depth = 36<LI>Call Chain = tail_word_size_calculate &rArr; __aeabi_uidivmod
</UL>
<BR>[Calls]<UL><LI><a href="#[183]">&gt;&gt;</a>&nbsp;&nbsp;&nbsp;pstorage_flash_page_size
<LI><a href="#[4d]">&gt;&gt;</a>&nbsp;&nbsp;&nbsp;__aeabi_uidivmod
</UL>
<BR>[Called By]<UL><LI><a href="#[182]">&gt;&gt;</a>&nbsp;&nbsp;&nbsp;clear_operation_execute
</UL>

<P><STRONG><a name="[189]"></a>update_operation_execute</STRONG> (Thumb, 8 bytes, Stack size 8 bytes, pstorage.o(i.update_operation_execute))
<BR><BR>[Stack]<UL><LI>Max Depth = 120<LI>Call Chain = update_operation_execute &rArr; clear_operation_execute &rArr; sm_state_change &rArr; state_entry_action_run &rArr; state_store_entry_run &rArr; store_cmd_flash_write_execute &rArr; flash_write &rArr; flash_api_err_code_process &rArr; app_notify_error_state_transit &rArr;  sm_state_change (Cycle)
</UL>
<BR>[Calls]<UL><LI><a href="#[182]">&gt;&gt;</a>&nbsp;&nbsp;&nbsp;clear_operation_execute
</UL>
<BR>[Called By]<UL><LI><a href="#[188]">&gt;&gt;</a>&nbsp;&nbsp;&nbsp;cmd_process
</UL>

<P><STRONG><a name="[2d]"></a>detection_delay_timeout_handler</STRONG> (Thumb, 90 bytes, Stack size 24 bytes, app_button.o(i.detection_delay_timeout_handler))
<BR><BR>[Stack]<UL><LI>Max Depth = 24<LI>Call Chain = detection_delay_timeout_handler
</UL>
<BR>[Calls]<UL><LI><a href="#[19a]">&gt;&gt;</a>&nbsp;&nbsp;&nbsp;nrf_drv_gpiote_in_is_set
</UL>
<BR>[Address Reference Count : 1]<UL><LI> app_button.o(i.app_button_init)
</UL>
<P><STRONG><a name="[2c]"></a>gpiote_event_handler</STRONG> (Thumb, 74 bytes, Stack size 16 bytes, app_button.o(i.gpiote_event_handler))
<BR><BR>[Stack]<UL><LI>Max Depth = 72<LI>Call Chain = gpiote_event_handler &rArr; app_timer_start &rArr; timer_start_op_schedule &rArr; user_op_alloc
</UL>
<BR>[Calls]<UL><LI><a href="#[6e]">&gt;&gt;</a>&nbsp;&nbsp;&nbsp;app_timer_start
<LI><a href="#[19a]">&gt;&gt;</a>&nbsp;&nbsp;&nbsp;nrf_drv_gpiote_in_is_set
<LI><a href="#[147]">&gt;&gt;</a>&nbsp;&nbsp;&nbsp;app_timer_stop
</UL>
<BR>[Address Reference Count : 1]<UL><LI> app_button.o(i.app_button_init)
</UL>
<P><STRONG><a name="[143]"></a>NVIC_SetPriority</STRONG> (Thumb, 60 bytes, Stack size 0 bytes, app_timer_ble_gzll.o(i.NVIC_SetPriority))
<BR><BR>[Called By]<UL><LI><a href="#[141]">&gt;&gt;</a>&nbsp;&nbsp;&nbsp;app_timer_init
<LI><a href="#[144]">&gt;&gt;</a>&nbsp;&nbsp;&nbsp;rtc1_init
</UL>

<P><STRONG><a name="[18f]"></a>compare_reg_update</STRONG> (Thumb, 102 bytes, Stack size 32 bytes, app_timer_ble_gzll.o(i.compare_reg_update))
<BR><BR>[Stack]<UL><LI>Max Depth = 40<LI>Call Chain = compare_reg_update &rArr; rtc1_stop
</UL>
<BR>[Calls]<UL><LI><a href="#[192]">&gt;&gt;</a>&nbsp;&nbsp;&nbsp;timer_timeouts_check_sched
<LI><a href="#[190]">&gt;&gt;</a>&nbsp;&nbsp;&nbsp;ticks_diff_get
<LI><a href="#[142]">&gt;&gt;</a>&nbsp;&nbsp;&nbsp;rtc1_stop
<LI><a href="#[191]">&gt;&gt;</a>&nbsp;&nbsp;&nbsp;rtc1_start
</UL>
<BR>[Called By]<UL><LI><a href="#[112]">&gt;&gt;</a>&nbsp;&nbsp;&nbsp;timer_list_handler
</UL>

<P><STRONG><a name="[230]"></a>elapsed_ticks_acquire</STRONG> (Thumb, 56 bytes, Stack size 12 bytes, app_timer_ble_gzll.o(i.elapsed_ticks_acquire))
<BR><BR>[Stack]<UL><LI>Max Depth = 12<LI>Call Chain = elapsed_ticks_acquire
</UL>
<BR>[Called By]<UL><LI><a href="#[112]">&gt;&gt;</a>&nbsp;&nbsp;&nbsp;timer_list_handler
</UL>

<P><STRONG><a name="[231]"></a>expired_timers_handler</STRONG> (Thumb, 74 bytes, Stack size 20 bytes, app_timer_ble_gzll.o(i.expired_timers_handler))
<BR><BR>[Stack]<UL><LI>Max Depth = 20<LI>Call Chain = expired_timers_handler
</UL>
<BR>[Called By]<UL><LI><a href="#[112]">&gt;&gt;</a>&nbsp;&nbsp;&nbsp;timer_list_handler
</UL>

<P><STRONG><a name="[1b6]"></a>list_deletions_handler</STRONG> (Thumb, 144 bytes, Stack size 24 bytes, app_timer_ble_gzll.o(i.list_deletions_handler))
<BR><BR>[Stack]<UL><LI>Max Depth = 40<LI>Call Chain = list_deletions_handler &rArr; timer_list_remove
</UL>
<BR>[Calls]<UL><LI><a href="#[1b7]">&gt;&gt;</a>&nbsp;&nbsp;&nbsp;timer_list_remove
</UL>
<BR>[Called By]<UL><LI><a href="#[112]">&gt;&gt;</a>&nbsp;&nbsp;&nbsp;timer_list_handler
</UL>

<P><STRONG><a name="[1b8]"></a>list_insertions_handler</STRONG> (Thumb, 232 bytes, Stack size 32 bytes, app_timer_ble_gzll.o(i.list_insertions_handler))
<BR><BR>[Stack]<UL><LI>Max Depth = 52<LI>Call Chain = list_insertions_handler &rArr; timer_list_insert
</UL>
<BR>[Calls]<UL><LI><a href="#[1b9]">&gt;&gt;</a>&nbsp;&nbsp;&nbsp;timer_list_insert
<LI><a href="#[190]">&gt;&gt;</a>&nbsp;&nbsp;&nbsp;ticks_diff_get
</UL>
<BR>[Called By]<UL><LI><a href="#[112]">&gt;&gt;</a>&nbsp;&nbsp;&nbsp;timer_list_handler
</UL>

<P><STRONG><a name="[144]"></a>rtc1_init</STRONG> (Thumb, 16 bytes, Stack size 8 bytes, app_timer_ble_gzll.o(i.rtc1_init))
<BR><BR>[Stack]<UL><LI>Max Depth = 8<LI>Call Chain = rtc1_init
</UL>
<BR>[Calls]<UL><LI><a href="#[143]">&gt;&gt;</a>&nbsp;&nbsp;&nbsp;NVIC_SetPriority
</UL>
<BR>[Called By]<UL><LI><a href="#[141]">&gt;&gt;</a>&nbsp;&nbsp;&nbsp;app_timer_init
</UL>

<P><STRONG><a name="[191]"></a>rtc1_start</STRONG> (Thumb, 40 bytes, Stack size 8 bytes, app_timer_ble_gzll.o(i.rtc1_start))
<BR><BR>[Stack]<UL><LI>Max Depth = 8<LI>Call Chain = rtc1_start
</UL>
<BR>[Calls]<UL><LI><a href="#[4a]">&gt;&gt;</a>&nbsp;&nbsp;&nbsp;__asm___20_app_timer_ble_gzll_c_cd27f9c3__nrf_delay_us
</UL>
<BR>[Called By]<UL><LI><a href="#[18f]">&gt;&gt;</a>&nbsp;&nbsp;&nbsp;compare_reg_update
</UL>

<P><STRONG><a name="[142]"></a>rtc1_stop</STRONG> (Thumb, 34 bytes, Stack size 8 bytes, app_timer_ble_gzll.o(i.rtc1_stop))
<BR><BR>[Stack]<UL><LI>Max Depth = 8<LI>Call Chain = rtc1_stop
</UL>
<BR>[Calls]<UL><LI><a href="#[4a]">&gt;&gt;</a>&nbsp;&nbsp;&nbsp;__asm___20_app_timer_ble_gzll_c_cd27f9c3__nrf_delay_us
</UL>
<BR>[Called By]<UL><LI><a href="#[141]">&gt;&gt;</a>&nbsp;&nbsp;&nbsp;app_timer_init
<LI><a href="#[18f]">&gt;&gt;</a>&nbsp;&nbsp;&nbsp;compare_reg_update
</UL>

<P><STRONG><a name="[190]"></a>ticks_diff_get</STRONG> (Thumb, 18 bytes, Stack size 0 bytes, app_timer_ble_gzll.o(i.ticks_diff_get))
<BR><BR>[Called By]<UL><LI><a href="#[10f]">&gt;&gt;</a>&nbsp;&nbsp;&nbsp;timer_timeouts_check
<LI><a href="#[1b8]">&gt;&gt;</a>&nbsp;&nbsp;&nbsp;list_insertions_handler
<LI><a href="#[18f]">&gt;&gt;</a>&nbsp;&nbsp;&nbsp;compare_reg_update
</UL>

<P><STRONG><a name="[234]"></a>timeout_handler_exec</STRONG> (Thumb, 20 bytes, Stack size 0 bytes, app_timer_ble_gzll.o(i.timeout_handler_exec))
<BR><BR>[Called By]<UL><LI><a href="#[10f]">&gt;&gt;</a>&nbsp;&nbsp;&nbsp;timer_timeouts_check
</UL>

<P><STRONG><a name="[112]"></a>timer_list_handler</STRONG> (Thumb, 68 bytes, Stack size 32 bytes, app_timer_ble_gzll.o(i.timer_list_handler))
<BR><BR>[Stack]<UL><LI>Max Depth = 84<LI>Call Chain = timer_list_handler &rArr; list_insertions_handler &rArr; timer_list_insert
</UL>
<BR>[Calls]<UL><LI><a href="#[1b8]">&gt;&gt;</a>&nbsp;&nbsp;&nbsp;list_insertions_handler
<LI><a href="#[1b6]">&gt;&gt;</a>&nbsp;&nbsp;&nbsp;list_deletions_handler
<LI><a href="#[231]">&gt;&gt;</a>&nbsp;&nbsp;&nbsp;expired_timers_handler
<LI><a href="#[230]">&gt;&gt;</a>&nbsp;&nbsp;&nbsp;elapsed_ticks_acquire
<LI><a href="#[18f]">&gt;&gt;</a>&nbsp;&nbsp;&nbsp;compare_reg_update
</UL>
<BR>[Called By]<UL><LI><a href="#[1c]">&gt;&gt;</a>&nbsp;&nbsp;&nbsp;SWI1_IRQHandler
</UL>

<P><STRONG><a name="[233]"></a>timer_list_handler_sched</STRONG> (Thumb, 10 bytes, Stack size 0 bytes, app_timer_ble_gzll.o(i.timer_list_handler_sched))
<BR><BR>[Called By]<UL><LI><a href="#[10f]">&gt;&gt;</a>&nbsp;&nbsp;&nbsp;timer_timeouts_check
<LI><a href="#[148]">&gt;&gt;</a>&nbsp;&nbsp;&nbsp;timer_stop_op_schedule
<LI><a href="#[146]">&gt;&gt;</a>&nbsp;&nbsp;&nbsp;timer_start_op_schedule
</UL>

<P><STRONG><a name="[1b9]"></a>timer_list_insert</STRONG> (Thumb, 102 bytes, Stack size 20 bytes, app_timer_ble_gzll.o(i.timer_list_insert))
<BR><BR>[Stack]<UL><LI>Max Depth = 20<LI>Call Chain = timer_list_insert
</UL>
<BR>[Called By]<UL><LI><a href="#[1b8]">&gt;&gt;</a>&nbsp;&nbsp;&nbsp;list_insertions_handler
</UL>

<P><STRONG><a name="[1b7]"></a>timer_list_remove</STRONG> (Thumb, 88 bytes, Stack size 16 bytes, app_timer_ble_gzll.o(i.timer_list_remove))
<BR><BR>[Stack]<UL><LI>Max Depth = 16<LI>Call Chain = timer_list_remove
</UL>
<BR>[Called By]<UL><LI><a href="#[1b6]">&gt;&gt;</a>&nbsp;&nbsp;&nbsp;list_deletions_handler
</UL>

<P><STRONG><a name="[146]"></a>timer_start_op_schedule</STRONG> (Thumb, 56 bytes, Stack size 24 bytes, app_timer_ble_gzll.o(i.timer_start_op_schedule))
<BR><BR>[Stack]<UL><LI>Max Depth = 32<LI>Call Chain = timer_start_op_schedule &rArr; user_op_alloc
</UL>
<BR>[Calls]<UL><LI><a href="#[232]">&gt;&gt;</a>&nbsp;&nbsp;&nbsp;user_op_alloc
<LI><a href="#[233]">&gt;&gt;</a>&nbsp;&nbsp;&nbsp;timer_list_handler_sched
</UL>
<BR>[Called By]<UL><LI><a href="#[6e]">&gt;&gt;</a>&nbsp;&nbsp;&nbsp;app_timer_start
</UL>

<P><STRONG><a name="[148]"></a>timer_stop_op_schedule</STRONG> (Thumb, 38 bytes, Stack size 8 bytes, app_timer_ble_gzll.o(i.timer_stop_op_schedule))
<BR><BR>[Stack]<UL><LI>Max Depth = 16<LI>Call Chain = timer_stop_op_schedule &rArr; user_op_alloc
</UL>
<BR>[Calls]<UL><LI><a href="#[232]">&gt;&gt;</a>&nbsp;&nbsp;&nbsp;user_op_alloc
<LI><a href="#[233]">&gt;&gt;</a>&nbsp;&nbsp;&nbsp;timer_list_handler_sched
</UL>
<BR>[Called By]<UL><LI><a href="#[147]">&gt;&gt;</a>&nbsp;&nbsp;&nbsp;app_timer_stop
</UL>

<P><STRONG><a name="[10f]"></a>timer_timeouts_check</STRONG> (Thumb, 100 bytes, Stack size 24 bytes, app_timer_ble_gzll.o(i.timer_timeouts_check))
<BR><BR>[Stack]<UL><LI>Max Depth = 24<LI>Call Chain = timer_timeouts_check
</UL>
<BR>[Calls]<UL><LI><a href="#[233]">&gt;&gt;</a>&nbsp;&nbsp;&nbsp;timer_list_handler_sched
<LI><a href="#[234]">&gt;&gt;</a>&nbsp;&nbsp;&nbsp;timeout_handler_exec
<LI><a href="#[190]">&gt;&gt;</a>&nbsp;&nbsp;&nbsp;ticks_diff_get
</UL>
<BR>[Called By]<UL><LI><a href="#[18]">&gt;&gt;</a>&nbsp;&nbsp;&nbsp;RTC1_IRQHandler
</UL>

<P><STRONG><a name="[192]"></a>timer_timeouts_check_sched</STRONG> (Thumb, 10 bytes, Stack size 0 bytes, app_timer_ble_gzll.o(i.timer_timeouts_check_sched))
<BR><BR>[Called By]<UL><LI><a href="#[18f]">&gt;&gt;</a>&nbsp;&nbsp;&nbsp;compare_reg_update
</UL>

<P><STRONG><a name="[145]"></a>user_id_get</STRONG> (Thumb, 92 bytes, Stack size 0 bytes, app_timer_ble_gzll.o(i.user_id_get))
<BR><BR>[Called By]<UL><LI><a href="#[6e]">&gt;&gt;</a>&nbsp;&nbsp;&nbsp;app_timer_start
<LI><a href="#[147]">&gt;&gt;</a>&nbsp;&nbsp;&nbsp;app_timer_stop
</UL>

<P><STRONG><a name="[232]"></a>user_op_alloc</STRONG> (Thumb, 40 bytes, Stack size 8 bytes, app_timer_ble_gzll.o(i.user_op_alloc))
<BR><BR>[Stack]<UL><LI>Max Depth = 8<LI>Call Chain = user_op_alloc
</UL>
<BR>[Called By]<UL><LI><a href="#[148]">&gt;&gt;</a>&nbsp;&nbsp;&nbsp;timer_stop_op_schedule
<LI><a href="#[146]">&gt;&gt;</a>&nbsp;&nbsp;&nbsp;timer_start_op_schedule
</UL>

<P><STRONG><a name="[38]"></a>device_ack_received</STRONG> (Thumb, 278 bytes, Stack size 40 bytes, nrf_impala.o(i.device_ack_received))
<BR><BR>[Stack]<UL><LI>Max Depth = 104<LI>Call Chain = device_ack_received &rArr; nrf_pm_end_ptx &rArr; nrf_pm_search_for_ptx_pipe_to_service &rArr; nrf_fifo_get_packet_count &rArr; NRF_ASSERT_INTERNAL_parse_and_forward
</UL>
<BR>[Calls]<UL><LI><a href="#[f3]">&gt;&gt;</a>&nbsp;&nbsp;&nbsp;NRF_ASSERT_INTERNAL_parse_and_forward
<LI><a href="#[14f]">&gt;&gt;</a>&nbsp;&nbsp;&nbsp;nrf_pm_get_state
<LI><a href="#[19e]">&gt;&gt;</a>&nbsp;&nbsp;&nbsp;nrf_pm_get_current_ptx_pipe
<LI><a href="#[19d]">&gt;&gt;</a>&nbsp;&nbsp;&nbsp;nrf_pm_get_current_ptx_packet
<LI><a href="#[19c]">&gt;&gt;</a>&nbsp;&nbsp;&nbsp;nrf_pm_end_ptx
<LI><a href="#[14c]">&gt;&gt;</a>&nbsp;&nbsp;&nbsp;nrf_nm_add
<LI><a href="#[14d]">&gt;&gt;</a>&nbsp;&nbsp;&nbsp;nrf_lcore_force_disable
<LI><a href="#[19b]">&gt;&gt;</a>&nbsp;&nbsp;&nbsp;nrf_flw_task_is_delayed
<LI><a href="#[1a0]">&gt;&gt;</a>&nbsp;&nbsp;&nbsp;nrf_chm_set_current_timeslot
<LI><a href="#[19f]">&gt;&gt;</a>&nbsp;&nbsp;&nbsp;nrf_chm_get_current_channel_index
</UL>
<BR>[Address Reference Count : 1]<UL><LI> nrf_impala.o(i.nrf_impl_state_fun_timeslot_start)
</UL>
<P><STRONG><a name="[1ae]"></a>goto_disable</STRONG> (Thumb, 144 bytes, Stack size 24 bytes, nrf_impala.o(i.goto_disable))
<BR><BR>[Stack]<UL><LI>Max Depth = 120<LI>Call Chain = goto_disable &rArr; nrf_pm_end_prx &rArr; nrf_pm_search_for_ptx_pipe_to_service &rArr; nrf_fifo_get_packet_count &rArr; NRF_ASSERT_INTERNAL_parse_and_forward
</UL>
<BR>[Calls]<UL><LI><a href="#[f3]">&gt;&gt;</a>&nbsp;&nbsp;&nbsp;NRF_ASSERT_INTERNAL_parse_and_forward
<LI><a href="#[1b1]">&gt;&gt;</a>&nbsp;&nbsp;&nbsp;nrf_sm_set_next_state
<LI><a href="#[14f]">&gt;&gt;</a>&nbsp;&nbsp;&nbsp;nrf_pm_get_state
<LI><a href="#[19c]">&gt;&gt;</a>&nbsp;&nbsp;&nbsp;nrf_pm_end_ptx
<LI><a href="#[14a]">&gt;&gt;</a>&nbsp;&nbsp;&nbsp;nrf_pm_end_prx
<LI><a href="#[14c]">&gt;&gt;</a>&nbsp;&nbsp;&nbsp;nrf_nm_add
<LI><a href="#[14d]">&gt;&gt;</a>&nbsp;&nbsp;&nbsp;nrf_lcore_force_disable
<LI><a href="#[1b0]">&gt;&gt;</a>&nbsp;&nbsp;&nbsp;nrf_flw_stop
<LI><a href="#[1af]">&gt;&gt;</a>&nbsp;&nbsp;&nbsp;nrf_flw_get_runstate
</UL>
<BR>[Called By]<UL><LI><a href="#[0]">&gt;&gt;</a>&nbsp;&nbsp;&nbsp;nrf_impl_state_fun_timeslot_start
</UL>

<P><STRONG><a name="[1ba]"></a>m_nrf_impl_restore_all_hw_params</STRONG> (Thumb, 682 bytes, Stack size 24 bytes, nrf_impala.o(i.m_nrf_impl_restore_all_hw_params))
<BR><BR>[Stack]<UL><LI>Max Depth = 56<LI>Call Chain = m_nrf_impl_restore_all_hw_params &rArr; nrf_lcore_init &rArr; nrf_lcore_force_disable
</UL>
<BR>[Calls]<UL><LI><a href="#[f3]">&gt;&gt;</a>&nbsp;&nbsp;&nbsp;NRF_ASSERT_INTERNAL_parse_and_forward
<LI><a href="#[1bc]">&gt;&gt;</a>&nbsp;&nbsp;&nbsp;nrf_lcore_init
<LI><a href="#[1bb]">&gt;&gt;</a>&nbsp;&nbsp;&nbsp;nrf_flw_get_ext_capture_task
</UL>
<BR>[Called By]<UL><LI><a href="#[1ee]">&gt;&gt;</a>&nbsp;&nbsp;&nbsp;nrf_impl_init
<LI><a href="#[1ea]">&gt;&gt;</a>&nbsp;&nbsp;&nbsp;nrf_impl_enable
<LI><a href="#[206]">&gt;&gt;</a>&nbsp;&nbsp;&nbsp;update_mode
</UL>

<P><STRONG><a name="[1fd]"></a>sm_start</STRONG> (Thumb, 78 bytes, Stack size 8 bytes, nrf_impala.o(i.sm_start))
<BR><BR>[Stack]<UL><LI>Max Depth = 48<LI>Call Chain = sm_start &rArr; NRF_flw_prepare_call &rArr; NRF_ASSERT_INTERNAL_parse_and_forward
</UL>
<BR>[Calls]<UL><LI><a href="#[f3]">&gt;&gt;</a>&nbsp;&nbsp;&nbsp;NRF_ASSERT_INTERNAL_parse_and_forward
<LI><a href="#[225]">&gt;&gt;</a>&nbsp;&nbsp;&nbsp;nrf_sm_get_next_state
<LI><a href="#[226]">&gt;&gt;</a>&nbsp;&nbsp;&nbsp;nrf_flw_start
<LI><a href="#[1af]">&gt;&gt;</a>&nbsp;&nbsp;&nbsp;nrf_flw_get_runstate
<LI><a href="#[f5]">&gt;&gt;</a>&nbsp;&nbsp;&nbsp;NRF_flw_prepare_call
</UL>
<BR>[Called By]<UL><LI><a href="#[1f0]">&gt;&gt;</a>&nbsp;&nbsp;&nbsp;nrf_impl_set_mode
<LI><a href="#[1e8]">&gt;&gt;</a>&nbsp;&nbsp;&nbsp;nrf_impl_put_tx_fifo
<LI><a href="#[1ee]">&gt;&gt;</a>&nbsp;&nbsp;&nbsp;nrf_impl_init
<LI><a href="#[1ea]">&gt;&gt;</a>&nbsp;&nbsp;&nbsp;nrf_impl_enable
<LI><a href="#[1d4]">&gt;&gt;</a>&nbsp;&nbsp;&nbsp;nrf_impl_disable
</UL>

<P><STRONG><a name="[206]"></a>update_mode</STRONG> (Thumb, 240 bytes, Stack size 32 bytes, nrf_impala.o(i.update_mode))
<BR><BR>[Stack]<UL><LI>Max Depth = 128<LI>Call Chain = update_mode &rArr; nrf_pm_end_prx &rArr; nrf_pm_search_for_ptx_pipe_to_service &rArr; nrf_fifo_get_packet_count &rArr; NRF_ASSERT_INTERNAL_parse_and_forward
</UL>
<BR>[Calls]<UL><LI><a href="#[1ba]">&gt;&gt;</a>&nbsp;&nbsp;&nbsp;m_nrf_impl_restore_all_hw_params
<LI><a href="#[f3]">&gt;&gt;</a>&nbsp;&nbsp;&nbsp;NRF_ASSERT_INTERNAL_parse_and_forward
<LI><a href="#[14f]">&gt;&gt;</a>&nbsp;&nbsp;&nbsp;nrf_pm_get_state
<LI><a href="#[19c]">&gt;&gt;</a>&nbsp;&nbsp;&nbsp;nrf_pm_end_ptx
<LI><a href="#[14a]">&gt;&gt;</a>&nbsp;&nbsp;&nbsp;nrf_pm_end_prx
<LI><a href="#[14c]">&gt;&gt;</a>&nbsp;&nbsp;&nbsp;nrf_nm_add
<LI><a href="#[14d]">&gt;&gt;</a>&nbsp;&nbsp;&nbsp;nrf_lcore_force_disable
</UL>
<BR>[Called By]<UL><LI><a href="#[1f0]">&gt;&gt;</a>&nbsp;&nbsp;&nbsp;nrf_impl_set_mode
<LI><a href="#[1ee]">&gt;&gt;</a>&nbsp;&nbsp;&nbsp;nrf_impl_init
<LI><a href="#[0]">&gt;&gt;</a>&nbsp;&nbsp;&nbsp;nrf_impl_state_fun_timeslot_start
</UL>

<P><STRONG><a name="[10e]"></a>nrf_lcore_handler_rx_enable_start_tx_enable_start_disable</STRONG> (Thumb, 208 bytes, Stack size 24 bytes, nrf_link_core.o(i.nrf_lcore_handler_rx_enable_start_tx_enable_start_disable))
<BR><BR>[Stack]<UL><LI>Max Depth = 32<LI>Call Chain = nrf_lcore_handler_rx_enable_start_tx_enable_start_disable &rArr; NRF_ASSERT_INTERNAL_parse_and_forward
</UL>
<BR>[Calls]<UL><LI><a href="#[f3]">&gt;&gt;</a>&nbsp;&nbsp;&nbsp;NRF_ASSERT_INTERNAL_parse_and_forward
</UL>
<BR>[Called By]<UL><LI><a href="#[9]">&gt;&gt;</a>&nbsp;&nbsp;&nbsp;RADIO_IRQHandler
</UL>
<P>
<H3>
Undefined Global Symbols
</H3>
<P><STRONG><a name="[228]"></a>assert_nrf_callback</STRONG> (ARM, 0 bytes, Stack size 0 bytes, UNDEFINED)
<BR><BR>[Called By]<UL><LI><a href="#[39]">&gt;&gt;</a>&nbsp;&nbsp;&nbsp;softdevice_assertion_handler
</UL>
<HR></body></html>
