<html>
<body>
<pre>
<h1>礦ision Build Log</h1>
<h2>Tool Versions:</h2>
IDE-Version: μVision V5.14.0.0
Copyright (C) 2015 ARM Ltd and ARM Germany GmbH. All rights reserved.
License Information: zhu user2019, SZU, LIC=DSNLQ-NLNJ9-48GFA-1K914-HPE1T-7XZ3A
 
Tool Versions:
Toolchain:       MDK-ARM Professional  Version: 5.14.0.0
Toolchain Path:  C:\Keil_v5\ARM\ARMCC\Bin
C Compiler:      Armcc.exe V5.05 update 1 (build 106)
Assembler:       Armasm.exe V5.05 update 1 (build 106)
Linker/Locator:  ArmLink.exe V5.05 update 1 (build 106)
Library Manager: ArmAr.exe V5.05 update 1 (build 106)
Hex Converter:   FromElf.exe V5.05 update 1 (build 106)
CPU DLL:         
Dialog DLL:      
Target DLL:      Segger\JL2CM3.dll V2.99.13.0
Dialog DLL:      TARMCM1.DLL V1.9.0.0
 
<h2>Project:</h2>
D:\备份电转向代码\电转向_方向盘\ESS_AG_V1.0_20191116_beta_方向盘 - 改动定时器10ms\project\Navy6.0_handle.uvprojx
Project File Date:  10/28/2019

<h2>Output:</h2>
Build target 'nrf51422_xxac_s110'
compiling main.c...
compiling ep_button.c...
compiling ep_buzzer.c...
compiling ep_comm.c...
compiling ep_crypt_device.c...
compiling ep_gzll.c...
compiling ep_hall.c...
compiling ep_lcd_6kw.c...
compiling ep_motor.c...
compiling ep_PowerSwitch.c...
compiling ep_pstorage.c...
compiling ep_sys.c...
compiling ep_throttle.c...
compiling ep_timeSlot.c...
compiling ep_wdt.c...
compiling nrf_gzp.c...
compiling ep_ble_access.c...
compiling ble_nus.c...
compiling ep_ble_admin.c...
compiling ep_ble_battery.c...
compiling ep_ble_navigation.c...
compiling ep_ble_init.c...
compiling ep_ble_Device_Info.c...
compiling ep_ble_steer.c...
compiling ep_ble_motor.c...
compiling ep_ble_comm.c...
compiling ep_version.c...
compiling ep_tick.c...
compiling ep_led.c...
compiling myiic.c...
compiling as5600.c...
assembling arm_startup_nrf51.s...
compiling system_nrf51.c...
compiling ble_srv_common.c...
compiling ble_advdata.c...
compiling ble_advertising.c...
compiling ble_conn_params.c...
compiling nrf_drv_clock.c...
compiling nrf_drv_common.c...
compiling nrf_drv_gpiote.c...
compiling nrf_delay.c...
compiling nrf_ecb.c...
compiling nrf_nvmc.c...
compiling pstorage.c...
compiling app_button.c...
compiling app_error.c...
compiling app_timer_ble_gzll.c...
compiling app_trace.c...
compiling nrf_assert.c...
compiling softdevice_handler.c...
linking...
Program Size: Code=39796 RO-data=456 RW-data=492 ZI-data=5268  
FromELF: creating hex file...
".\_build\nrf51422_xxac_s110.axf" - 0 Error(s), 0 Warning(s).

<h2>Software Packages used:</h2>

Package Vendor: ARM
                http://www.keil.com/pack/ARM.CMSIS.4.2.0.pack
                ARM::CMSIS:CORE:3.40.0
                CMSIS (Cortex Microcontroller Software Interface Standard)
   * Component: CORE Version: 3.40.0

Package Vendor: NordicSemiconductor
                http://developer.nordicsemi.com/nRF51_SDK/pieces/nRF_BLE/NordicSemiconductor.nRF_BLE.3.0.1.pack
                NordicSemiconductor::nRF_BLE:BLE_Modules:ble_conn_params:3.0.1
                Bluetooth Low Energy (Bluetooth Smart) services and software modules for Nordic Semiconductor nRF family.
   * Component: ble_conn_params Version: 3.0.1
   * Component: ble_service_common Version: 3.0.1
   * Component: ble_common Version: 3.0.1

Package Vendor: NordicSemiconductor
                http://developer.nordicsemi.com/nRF5_SDK/pieces/nRF_DeviceFamilyPack/NordicSemiconductor.nRF_DeviceFamilyPack.8.24.1.pack
                NordicSemiconductor::Device:Startup:8.24.1
                Nordic Semiconductor nRF ARM devices Device Family Pack.
   * Component: Startup Version: 8.24.1
   * Component: ble_advertising Version: 3.0.1
   * Component: ble_advdata Version: 3.0.1

Package Vendor: NordicSemiconductor
                http://developer.nordicsemi.com/nRF51_SDK/pieces/nRF_Drivers/NordicSemiconductor.nRF_Drivers.3.0.1.pack
                NordicSemiconductor::nRF_Drivers:pstorage:default:3.0.1
                Drivers for Nordic Semiconductor nRF family.
   * Component: pstorage Variant: default Version: 3.0.1
   * Component: nrf_ecb Version: 3.0.1
   * Component: nrf_gpiote Version: 3.0.1
   * Component: nrf_nvmc Version: 3.0.1
   * Component: nrf_gpio Version: 3.0.1
   * Component: nrf_error Variant: default Version: 3.0.1
   * Component: nrf_drv_clock Version: 3.0.1
   * Component: nrf_delay Version: 3.0.1
   * Component: nrf_drv_common Version: 3.0.1
   * Component: nrf_soc Variant: default Version: 3.0.1
   * Component: nrf_drv_gpiote Version: 3.0.1

Package Vendor: NordicSemiconductor
                http://developer.nordicsemi.com/nRF51_SDK/pieces/nRF_Libraries/NordicSemiconductor.nRF_Libraries.3.0.1.pack
                NordicSemiconductor::nRF_Libraries:app_error:3.0.1
                Software modules for Nordic Semiconductor nRF family.
   * Component: app_error Version: 3.0.1
   * Component: app_button Version: 3.0.1

Package Vendor: NordicSemiconductor
                http://developer.nordicsemi.com/nRF51_SDK/pieces/nRF_Properitary_RF/NordicSemiconductor.nRF_Properitary_RF.1.2.1.pack
                NordicSemiconductor::nRF_Properitary_RF:gzll:default:1.2.1
                Proprietary RF protocols for Nordic Semiconductor nRF family.
   * Component: gzll Variant: default Version: 1.2.1
   * Component: nrf_assert Version: 3.0.1
   * Component: app_util Variant: default Version: 3.0.1
   * Component: app_timer Variant: Gzll Version: 3.0.1
   * Component: app_trace Variant: default Version: 3.0.1

Package Vendor: NordicSemiconductor
                http://developer.nordicsemi.com/nRF51_SDK/pieces/nRF_SoftDevice_Common/NordicSemiconductor.nRF_SoftDevice_Common.1.1.4.pack
                NordicSemiconductor::nRF_SoftDevice:Internal:sd_common:default:1.1.4
                Common components for Nordic Semiconductor nRF family SoftDevices.
   * Component: sd_common Variant: default Version: 1.1.4

Package Vendor: NordicSemiconductor
                http://developer.nordicsemi.com/nRF51_SDK/pieces/nRF_SoftDevice_S110/NordicSemiconductor.nRF_SoftDevice_S110.8.0.2.pack
                NordicSemiconductor::nRF_SoftDevice:s110_hex:8.0.2
                Components for Bluetooth Low Energy (Bluetooth Smart) S110 SoftDevice for Nordic Semiconductor nRF family.
   * Component: s110_hex Version: 8.0.2
   * Component: softdevice_hex Variant: S110 Version: 1.1.4
   * Component: s110 Variant: default Version: 8.0.2
   * Component: softdevice_present Version: 1.1.4

<h2>Collection of Component include folders:</h2>
  D:\备份电转向代码\电转向_方向盘\ESS_AG_V1.0_20191116_beta_方向盘 - 改动定时器10ms\project\RTE
  D:\备份电转向代码\电转向_方向盘\ESS_AG_V1.0_20191116_beta_方向盘 - 改动定时器10ms\project\RTE\nRF_BLE\nRF51422_xxAC
  D:\备份电转向代码\电转向_方向盘\ESS_AG_V1.0_20191116_beta_方向盘 - 改动定时器10ms\project\RTE\nRF_Drivers\nRF51422_xxAC
  D:\备份电转向代码\电转向_方向盘\ESS_AG_V1.0_20191116_beta_方向盘 - 改动定时器10ms\project\RTE\nRF_Libraries\nRF51422_xxAC
  C:\Keil_v5\ARM\PACK\ARM\CMSIS\4.2.0\CMSIS\Include
  C:\Keil_v5\ARM\PACK\NordicSemiconductor\nRF_BLE\3.0.1\ble_advertising
  C:\Keil_v5\ARM\PACK\NordicSemiconductor\nRF_BLE\3.0.1\common
  C:\Keil_v5\ARM\PACK\NordicSemiconductor\nRF_DeviceFamilyPack\8.24.1\Device\Include
  C:\Keil_v5\ARM\PACK\NordicSemiconductor\nRF_Drivers\3.0.1\clock
  C:\Keil_v5\ARM\PACK\NordicSemiconductor\nRF_Drivers\3.0.1\common
  C:\Keil_v5\ARM\PACK\NordicSemiconductor\nRF_Drivers\3.0.1\config
  C:\Keil_v5\ARM\PACK\NordicSemiconductor\nRF_Drivers\3.0.1\gpiote
  C:\Keil_v5\ARM\PACK\NordicSemiconductor\nRF_Drivers\3.0.1\hal
  C:\Keil_v5\ARM\PACK\NordicSemiconductor\nRF_Drivers\3.0.1\pstorage
  C:\Keil_v5\ARM\PACK\NordicSemiconductor\nRF_Libraries\3.0.1\button
  C:\Keil_v5\ARM\PACK\NordicSemiconductor\nRF_Libraries\3.0.1\timer
  C:\Keil_v5\ARM\PACK\NordicSemiconductor\nRF_Libraries\3.0.1\trace
  C:\Keil_v5\ARM\PACK\NordicSemiconductor\nRF_Libraries\3.0.1\util
  C:\Keil_v5\ARM\PACK\NordicSemiconductor\nRF_Properitary_RF\1.2.1\gzll
  C:\Keil_v5\ARM\PACK\NordicSemiconductor\nRF_SoftDevice_Common\1.1.4\softdevice_handler
  C:\Keil_v5\ARM\PACK\NordicSemiconductor\nRF_SoftDevice_S110\8.0.2\headers

<h2>Collection of Component Files used:</h2>

   * Component: ARM::CMSIS:CORE:3.40.0
      Source file:   CMSIS\UserCodeTemplates\ARM\ITM_Retarget.c

   * Component: NordicSemiconductor::nRF_BLE:BLE_Modules:ble_conn_params:3.0.1
      Source file:   common\ble_conn_params.c
      Include file:  common\ble_conn_params.h

   * Component: NordicSemiconductor::nRF_BLE:BLE_Modules:ble_service_common:3.0.1
      Include file:  common\ble_srv_common.h
      Source file:   common\ble_srv_common.c

   * Component: NordicSemiconductor::nRF_BLE:BLE_Modules:ble_common:3.0.1

   * Component: NordicSemiconductor::Device:Startup:8.24.1
      Source file:   Device\Source\arm\arm_startup_nrf51.s
      Include file:  Device\Include\system_nrf51.h
      Source file:   Device\Source\system_nrf51.c

   * Component: NordicSemiconductor::nRF_BLE:BLE_Modules:ble_advertising:3.0.1
      Include file:  ble_advertising\ble_advertising.h
      Source file:   ble_advertising\ble_advertising.c

   * Component: NordicSemiconductor::nRF_BLE:BLE_Modules:ble_advdata:3.0.1
      Source file:   common\ble_advdata.c
      Include file:  common\ble_advdata.h

   * Component: NordicSemiconductor::nRF_Drivers:pstorage:default:3.0.1
      Include file:  pstorage\pstorage.h
      Source file:   pstorage\pstorage.c
      Include file:  pstorage\config\pstorage_platform.h

   * Component: NordicSemiconductor::nRF_Drivers:nrf_ecb:3.0.1
      Include file:  hal\nrf_ecb.h
      Source file:   hal\nrf_ecb.c

   * Component: NordicSemiconductor::nRF_Drivers:nrf_gpiote:3.0.1
      Include file:  hal\nrf_gpiote.h

   * Component: NordicSemiconductor::nRF_Drivers:nrf_nvmc:3.0.1
      Include file:  hal\nrf_nvmc.h
      Source file:   hal\nrf_nvmc.c

   * Component: NordicSemiconductor::nRF_Drivers:nrf_gpio:3.0.1
      Include file:  hal\nrf_gpio.h

   * Component: NordicSemiconductor::nRF_Drivers:nrf_error:default:3.0.1

   * Component: NordicSemiconductor::nRF_Drivers:nrf_drv_clock:3.0.1
      Include file:  config\nrf_drv_config.h
      Include file:  clock\nrf_drv_clock.h
      Source file:   clock\nrf_drv_clock.c

   * Component: NordicSemiconductor::nRF_Drivers:nrf_delay:3.0.1
      Source file:   hal\nrf_delay.c
      Include file:  hal\nrf_delay.h

   * Component: NordicSemiconductor::nRF_Drivers:nrf_drv_common:3.0.1
      Source file:   common\nrf_drv_common.c
      Include file:  common\nrf_drv_common.h

   * Component: NordicSemiconductor::nRF_Drivers:nrf_soc:default:3.0.1

   * Component: NordicSemiconductor::nRF_Drivers:nrf_drv_gpiote:3.0.1
      Include file:  gpiote\nrf_drv_gpiote.h
      Source file:   gpiote\nrf_drv_gpiote.c
      Include file:  config\nrf_drv_config.h

   * Component: NordicSemiconductor::nRF_Libraries:app_error:3.0.1
      Include file:  util\app_error.h
      Source file:   util\app_error.c

   * Component: NordicSemiconductor::nRF_Libraries:app_button:3.0.1
      Include file:  button\app_button.h
      Source file:   button\app_button.c

   * Component: NordicSemiconductor::nRF_Properitary_RF:gzll:default:1.2.1
      Library file:  gzll\arm\gzll_arm.lib

   * Component: NordicSemiconductor::nRF_Libraries:nrf_assert:3.0.1
      Source file:   util\nrf_assert.c
      Include file:  util\nrf_assert.h

   * Component: NordicSemiconductor::nRF_Libraries:app_util:default:3.0.1

   * Component: NordicSemiconductor::nRF_Libraries:app_timer:Gzll:3.0.1
      Source file:   timer\app_timer_ble_gzll.c
      Include file:  timer\app_timer.h

   * Component: NordicSemiconductor::nRF_Libraries:app_trace:default:3.0.1
      Source file:   trace\app_trace.c
      Include file:  trace\app_trace.h

   * Component: NordicSemiconductor::nRF_SoftDevice:Internal:sd_common:default:1.1.4
      Source file:   softdevice_handler\softdevice_handler.c

   * Component: NordicSemiconductor::nRF_SoftDevice:s110_hex:8.0.2

   * Component: NordicSemiconductor::nRF_SoftDevice:softdevice_hex:S110:1.1.4

   * Component: NordicSemiconductor::nRF_SoftDevice:s110:default:8.0.2
      Include file:  headers\ble.h
      Include file:  headers\ble_gatt.h
      Include file:  headers\ble_hci.h
      Include file:  headers\nrf_soc.h
      Include file:  headers\nrf_error_soc.h
      Include file:  headers\ble_l2cap.h
      Include file:  headers\nrf_svc.h
      Include file:  headers\nrf_mbr.h
      Include file:  headers\ble_types.h
      Include file:  headers\ble_gattc.h
      Include file:  headers\ble_gap.h
      Include file:  headers\ble_gatts.h
      Include file:  headers\ble_ranges.h
      Include file:  headers\nrf_error_sdm.h
      Include file:  headers\nrf_sdm.h
      Include file:  headers\softdevice_assert.h
      Include file:  headers\ble_err.h
      Include file:  headers\nrf_error.h
      Include file:  headers\nrf_sd_def.h

   * Component: NordicSemiconductor::nRF_SoftDevice:Internal:softdevice_present:1.1.4
</pre>
</body>
</html>
