Component: ARM Compiler 5.05 update 1 (build 106) Tool: armlink [4d0efa]

==============================================================================

Section Cross References

    main.o(i.HardFault_Handler) refers to main.o(i.delay_ms) for delay_ms
    main.o(i.main) refers to main.o(i.POWER_Disable) for POWER_Disable
    main.o(i.main) refers to ep_lcd_6kw.o(i.LCD_Init) for LCD_Init
    main.o(i.main) refers to ep_motor.o(i.MOTOR_Init) for MOTOR_Init
    main.o(i.main) refers to ep_sys.o(i.SYS_Init) for SYS_Init
    main.o(i.main) refers to ep_gzll.o(i.Gzll_ParamInit) for Gzll_ParamInit
    main.o(i.main) refers to ep_throttle.o(i.THROTTLE_Init) for THROTTLE_Init
    main.o(i.main) refers to ep_powerswitch.o(i.PowerSwitch_Init) for PowerSwitch_Init
    main.o(i.main) refers to ep_crypt_device.o(i.CRYPT_Init) for CRYPT_Init
    main.o(i.main) refers to ep_ble_init.o(i.BLE_Init) for BLE_Init
    main.o(i.main) refers to ep_buzzer.o(i.BUZZER_Init) for BUZZER_Init
    main.o(i.main) refers to ep_led.o(i.LED_init) for LED_init
    main.o(i.main) refers to ep_powerswitch.o(i.PowerSwitch_onCheck) for PowerSwitch_onCheck
    main.o(i.main) refers to ep_pstorage.o(i.PSTORAGE_Init) for PSTORAGE_Init
    main.o(i.main) refers to ep_pstorage.o(i.PSTORAGE_DataUdate) for PSTORAGE_DataUdate
    main.o(i.main) refers to ep_comm.o(i.Comm_Init) for Comm_Init
    main.o(i.main) refers to as5600.o(i.AS5600_Init) for AS5600_Init
    main.o(i.main) refers to ep_tick.o(i.Systick_Init) for Systick_Init
    main.o(i.main) refers to as5600.o(i.AS5600_SetOutputStage) for AS5600_SetOutputStage
    main.o(i.main) refers to as5600.o(i.AS5600_SetPMMode) for AS5600_SetPMMode
    main.o(i.main) refers to as5600.o(i.AS5600_EnableWd) for AS5600_EnableWd
    main.o(i.main) refers to ep_wdt.o(i.WDT_Init) for WDT_Init
    main.o(i.main) refers to as5600.o(i.AS5600_GetAngle) for AS5600_GetAngle
    main.o(i.main) refers to ep_throttle.o(i.THROTTLE_Calc) for THROTTLE_Calc
    main.o(i.main) refers to ep_pstorage.o(i.PSTORAGE_read_Wflag) for PSTORAGE_read_Wflag
    main.o(i.main) refers to ep_pstorage.o(i.PSTORAGE_SaveData) for PSTORAGE_SaveData
    main.o(i.main) refers to ep_comm.o(i.Comm_UpdateSendData) for Comm_UpdateSendData
    main.o(i.main) refers to ep_comm.o(i.Comm_PrepareTxData) for Comm_PrepareTxData
    main.o(i.main) refers to ep_comm.o(i.Comm_RS485ModeSend) for Comm_RS485ModeSend
    main.o(i.main) refers to ep_powerswitch.o(i.PowerSwitch_offCheck) for PowerSwitch_offCheck
    main.o(i.main) refers to ep_crypt_device.o(i.CRYPT_Decode) for CRYPT_Decode
    main.o(i.main) refers to ep_crypt_device.o(i.CRYPT_CmdRequest) for CRYPT_CmdRequest
    main.o(i.main) refers to ep_timeslot.o(i.request_next) for request_next
    main.o(i.main) refers to ep_button.o(i.BUTTON_UpdateKeyCounter) for BUTTON_UpdateKeyCounter
    main.o(i.main) refers to ep_buzzer.o(i.BUZZER_Err) for BUZZER_Err
    main.o(i.main) refers to ep_powerswitch.o(i.ADC_GetBatVol) for ADC_GetBatVol
    main.o(i.main) refers to ep_comm.o(i.Comm_RS485_Check) for Comm_RS485_Check
    main.o(i.main) refers to ep_sys.o(i.SYS_ErrCheck) for SYS_ErrCheck
    main.o(i.main) refers to ep_led.o(i.LED_Display) for LED_Display
    main.o(i.main) refers to ep_tick.o(i.EventTimeOutCheckProcess) for EventTimeOutCheckProcess
    main.o(i.main) refers to ep_wdt.o(i.WDT_Feed) for WDT_Feed
    main.o(i.main) refers to main.o(.data) for .data
    main.o(i.main) refers to ep_lcd_6kw.o(.bss) for LCD_Handle
    main.o(i.main) refers to ep_motor.o(.bss) for MOTOR_Handle
    main.o(i.main) refers to ep_sys.o(.data) for SYS_Handle
    main.o(i.main) refers to ep_gzll.o(.bss) for GZLL_Handle
    main.o(i.main) refers to ep_throttle.o(.bss) for THROTTLE_Handle
    main.o(i.main) refers to ep_powerswitch.o(.bss) for PowerSwitch_Handle
    main.o(i.main) refers to ep_comm.o(.bss) for Comm_Handle
    main.o(i.main) refers to ep_ble_init.o(.data) for BLE_Handler
    main.o(i.main) refers to ep_pstorage.o(.bss) for PSTORAGE_Handle
    main.o(i.main) refers to ep_button.o(.data) for BUTTON_Handle
    ep_button.o(i.BUTTON_Press) refers to ep_powerswitch.o(i.PowerSwitch_OffCountClear) for PowerSwitch_OffCountClear
    ep_button.o(i.BUTTON_Press) refers to ep_tick.o(.data) for ConutDown3SecondCnt
    ep_button.o(i.BUTTON_UpdateKeyCounter) refers to ep_button.o(i.BUTTON_get_touch_type) for BUTTON_get_touch_type
    ep_button.o(i.BUTTON_get_touch_type) refers to ep_lcd_6kw.o(i.LCD_Next_Menu_Config) for LCD_Next_Menu_Config
    ep_button.o(i.BUTTON_get_touch_type) refers to ep_button.o(i.BUTTON_pressCountClear) for BUTTON_pressCountClear
    ep_button.o(i.BUTTON_get_touch_type) refers to ep_lcd_6kw.o(.bss) for LCD_Handle
    ep_button.o(i.bsp_button_event_handler) refers to ep_button.o(i.BUTTON_Press) for BUTTON_Press
    ep_button.o(i.bsp_button_event_handler) refers to ep_button.o(i.BUTTON_Release) for BUTTON_Release
    ep_button.o(i.bsp_button_event_handler) refers to ep_button.o(.data) for .data
[...]
    gzp_crypt_set_session_token              0x0001db31   Thumb Code    14  nrf_gzp.o(i.gzp_crypt_set_session_token)
    gzp_get_host_id                          0x0001db45   Thumb Code    12  ep_crypt_device.o(i.gzp_get_host_id)
    gzp_validate_id                          0x0001db69   Thumb Code    22  nrf_gzp.o(i.gzp_validate_id)
    gzp_xor_cipher                           0x0001db85   Thumb Code    30  nrf_gzp.o(i.gzp_xor_cipher)
    intern_softdevice_events_execute         0x0001dbfd   Thumb Code   124  softdevice_handler.o(i.intern_softdevice_events_execute)
    m_configure_next_event                   0x0001df8d   Thumb Code    26  ep_timeslot.o(i.m_configure_next_event)
    m_configure_next_event_init              0x0001dfb5   Thumb Code    26  ep_timeslot.o(i.m_configure_next_event_init)
    m_radio_callback                         0x0001e349   Thumb Code   100  ep_timeslot.o(i.m_radio_callback)
    main                                     0x0001e3bd   Thumb Code   318  main.o(i.main)
    notification_cb                          0x0001e61d   Thumb Code   222  nrf_gzll.o(i.notification_cb)
    nrf_assert_internal_callback             0x0001e711   Thumb Code    10  nrf_gzll.o(i.nrf_assert_internal_callback)
    nrf_chm_execute_single_tick              0x0001e721   Thumb Code    38  nrf_channel_manager.o(i.nrf_chm_execute_single_tick)
    nrf_chm_get_current_channel              0x0001e751   Thumb Code    32  nrf_channel_manager.o(i.nrf_chm_get_current_channel)
    nrf_chm_get_current_channel_index        0x0001e77d   Thumb Code     6  nrf_channel_manager.o(i.nrf_chm_get_current_channel_index)
    nrf_chm_get_current_timeslot             0x0001e789   Thumb Code     6  nrf_channel_manager.o(i.nrf_chm_get_current_timeslot)
    nrf_chm_init                             0x0001e795   Thumb Code    26  nrf_channel_manager.o(i.nrf_chm_init)
    nrf_chm_set_current_channel_index        0x0001e7bd   Thumb Code    26  nrf_channel_manager.o(i.nrf_chm_set_current_channel_index)
    nrf_chm_set_current_timeslot             0x0001e7e5   Thumb Code    26  nrf_channel_manager.o(i.nrf_chm_set_current_timeslot)
    nrf_delay_ms                             0x0001e80d   Thumb Code    26  nrf_delay.o(i.nrf_delay_ms)
    nrf_drv_common_irq_enable                0x0001e82d   Thumb Code    78  nrf_drv_common.o(i.nrf_drv_common_irq_enable)
    nrf_drv_gpiote_in_event_enable           0x0001e88d   Thumb Code   146  nrf_drv_gpiote.o(i.nrf_drv_gpiote_in_event_enable)
    nrf_drv_gpiote_in_init                   0x0001e935   Thumb Code   132  nrf_drv_gpiote.o(i.nrf_drv_gpiote_in_init)
    nrf_drv_gpiote_in_is_set                 0x0001e9c9   Thumb Code    18  nrf_drv_gpiote.o(i.nrf_drv_gpiote_in_is_set)
    nrf_drv_gpiote_init                      0x0001e9e1   Thumb Code    76  nrf_drv_gpiote.o(i.nrf_drv_gpiote_init)
    nrf_drv_gpiote_is_init                   0x0001ea35   Thumb Code    12  nrf_drv_gpiote.o(i.nrf_drv_gpiote_is_init)
    nrf_fifo_free_packet                     0x0001ea45   Thumb Code   110  nrf_fifo.o(i.nrf_fifo_free_packet)
    nrf_fifo_get_available_packet_count      0x0001ead5   Thumb Code     6  nrf_fifo.o(i.nrf_fifo_get_available_packet_count)
    nrf_fifo_get_packet_count                0x0001eae1   Thumb Code    24  nrf_fifo.o(i.nrf_fifo_get_packet_count)
    nrf_fifo_init                            0x0001eb01   Thumb Code   132  nrf_fifo.o(i.nrf_fifo_init)
    nrf_fifo_pop_packet                      0x0001eb95   Thumb Code    72  nrf_fifo.o(i.nrf_fifo_pop_packet)
    nrf_fifo_put_packet                      0x0001ebe9   Thumb Code   140  nrf_fifo.o(i.nrf_fifo_put_packet)
    nrf_fifo_read_packet                     0x0001ec95   Thumb Code    48  nrf_fifo.o(i.nrf_fifo_read_packet)
    nrf_fifo_reserve_packet                  0x0001ecd1   Thumb Code    92  nrf_fifo.o(i.nrf_fifo_reserve_packet)
    nrf_flw_get_ext_capture_task             0x0001ed45   Thumb Code     4  nrf_flywheel.o(i.nrf_flw_get_ext_capture_task)
    nrf_flw_get_flw_call_event               0x0001ed4d   Thumb Code     4  nrf_flywheel.o(i.nrf_flw_get_flw_call_event)
    nrf_flw_get_runstate                     0x0001ed55   Thumb Code     6  nrf_flywheel.o(i.nrf_flw_get_runstate)
    nrf_flw_init                             0x0001ed61   Thumb Code    72  nrf_flywheel.o(i.nrf_flw_init)
    nrf_flw_start                            0x0001edd1   Thumb Code    14  nrf_flywheel.o(i.nrf_flw_start)
    nrf_flw_stop                             0x0001ede9   Thumb Code    32  nrf_flywheel.o(i.nrf_flw_stop)
    nrf_flw_task_is_delayed                  0x0001ee15   Thumb Code     6  nrf_flywheel.o(i.nrf_flw_task_is_delayed)
    nrf_gzll_add_packet_to_tx_fifo           0x0001ee85   Thumb Code   170  nrf_gzll.o(i.nrf_gzll_add_packet_to_tx_fifo)
    nrf_gzll_device_tx_failed                0x0001ef39   Thumb Code     2  ep_gzll.o(i.nrf_gzll_device_tx_failed)
    nrf_gzll_device_tx_success               0x0001ef3d   Thumb Code    38  ep_gzll.o(i.nrf_gzll_device_tx_success)
    nrf_gzll_disabled                        0x0001ef69   Thumb Code     2  ep_gzll.o(i.nrf_gzll_disabled)
    nrf_gzll_enable                          0x0001ef6d   Thumb Code    26  nrf_gzll.o(i.nrf_gzll_enable)
    nrf_gzll_fetch_packet_from_rx_fifo       0x0001ef8d   Thumb Code   110  nrf_gzll.o(i.nrf_gzll_fetch_packet_from_rx_fifo)
    nrf_gzll_get_mode                        0x0001f005   Thumb Code    40  nrf_gzll.o(i.nrf_gzll_get_mode)
    nrf_gzll_host_rx_data_ready              0x0001f031   Thumb Code     2  ep_gzll.o(i.nrf_gzll_host_rx_data_ready)
    nrf_gzll_init                            0x0001f035   Thumb Code   278  nrf_gzll.o(i.nrf_gzll_init)
    nrf_gzll_mode_changed                    0x0001f15d   Thumb Code     2  nrf_gzll.o(i.nrf_gzll_mode_changed)
    nrf_gzll_set_address_prefix_byte         0x0001f161   Thumb Code    40  nrf_gzll.o(i.nrf_gzll_set_address_prefix_byte)
    nrf_gzll_set_base_address_1              0x0001f18d   Thumb Code    28  nrf_gzll.o(i.nrf_gzll_set_base_address_1)
    nrf_gzll_set_channel_table               0x0001f1ad   Thumb Code    72  nrf_gzll.o(i.nrf_gzll_set_channel_table)
    nrf_gzll_set_datarate                    0x0001f1fd   Thumb Code    56  nrf_gzll.o(i.nrf_gzll_set_datarate)
    nrf_gzll_set_device_channel_selection_policy 0x0001f239   Thumb Code    50  nrf_gzll.o(i.nrf_gzll_set_device_channel_selection_policy)
    nrf_gzll_set_max_tx_attempts             0x0001f271   Thumb Code    28  nrf_gzll.o(i.nrf_gzll_set_max_tx_attempts)
    nrf_gzll_set_mode                        0x0001f291   Thumb Code    46  nrf_gzll.o(i.nrf_gzll_set_mode)
    nrf_gzll_set_timeslot_period             0x0001f2c5   Thumb Code    28  nrf_gzll.o(i.nrf_gzll_set_timeslot_period)
    nrf_gzll_set_timeslots_per_channel       0x0001f2e5   Thumb Code    28  nrf_gzll.o(i.nrf_gzll_set_timeslots_per_channel)
    nrf_gzll_set_timeslots_per_channel_when_device_out_of_sync 0x0001f305   Thumb Code    28  nrf_gzll.o(i.nrf_gzll_set_timeslots_per_channel_when_device_out_of_sync)
    nrf_gzll_set_tx_power                    0x0001f325   Thumb Code    84  nrf_gzll.o(i.nrf_gzll_set_tx_power)
    nrf_gzll_set_xosc_ctl                    0x0001f37d   Thumb Code    50  nrf_gzll.o(i.nrf_gzll_set_xosc_ctl)
    nrf_impl_disable                         0x0001f3b5   Thumb Code    38  nrf_impala.o(i.nrf_impl_disable)
    nrf_impl_enable                          0x0001f3e1   Thumb Code    70  nrf_impala.o(i.nrf_impl_enable)
    nrf_impl_enable_rssi                     0x0001f43d   Thumb Code    24  nrf_impala.o(i.nrf_impl_enable_rssi)
    nrf_impl_free_packet                     0x0001f461   Thumb Code    20  nrf_impala.o(i.nrf_impl_free_packet)
    nrf_impl_get_available_fifo_packets      0x0001f475   Thumb Code     8  nrf_impala.o(i.nrf_impl_get_available_fifo_packets)
    nrf_impl_get_mode                        0x0001f47d   Thumb Code     6  nrf_impala.o(i.nrf_impl_get_mode)
    nrf_impl_get_rx_fifo_status              0x0001f489   Thumb Code     8  nrf_impala.o(i.nrf_impl_get_rx_fifo_status)
    nrf_impl_get_tx_fifo_status              0x0001f491   Thumb Code     8  nrf_impala.o(i.nrf_impl_get_tx_fifo_status)
    nrf_impl_init                            0x0001f499   Thumb Code   346  nrf_impala.o(i.nrf_impl_init)
    nrf_impl_is_disabled                     0x0001f625   Thumb Code    16  nrf_impala.o(i.nrf_impl_is_disabled)
    nrf_impl_pop_rx_fifo                     0x0001f639   Thumb Code    20  nrf_impala.o(i.nrf_impl_pop_rx_fifo)
    nrf_impl_put_tx_fifo                     0x0001f64d   Thumb Code    52  nrf_impala.o(i.nrf_impl_put_tx_fifo)
    nrf_impl_read_rx_fifo                    0x0001f685   Thumb Code     8  nrf_impala.o(i.nrf_impl_read_rx_fifo)
    nrf_impl_reserve_packet                  0x0001f68d   Thumb Code    20  nrf_impala.o(i.nrf_impl_reserve_packet)
    nrf_impl_set_base_address_length         0x0001f6a1   Thumb Code    22  nrf_impala.o(i.nrf_impl_set_base_address_length)
    nrf_impl_set_channel_selection_policy    0x0001f6c1   Thumb Code     6  nrf_impala.o(i.nrf_impl_set_channel_selection_policy)
    nrf_impl_set_channel_table               0x0001f6cd   Thumb Code    38  nrf_impala.o(i.nrf_impl_set_channel_table)
    nrf_impl_set_datarate                    0x0001f701   Thumb Code    94  nrf_impala.o(i.nrf_impl_set_datarate)
    nrf_impl_set_max_allowed_tx_attempts     0x0001f795   Thumb Code     6  nrf_impala.o(i.nrf_impl_set_max_allowed_tx_attempts)
    nrf_impl_set_mode                        0x0001f7a1   Thumb Code    42  nrf_impala.o(i.nrf_impl_set_mode)
    nrf_impl_set_pipes_1_to_7_base_address   0x0001f7d1   Thumb Code    98  nrf_impala.o(i.nrf_impl_set_pipes_1_to_7_base_address)
    nrf_impl_set_prefix_byte                 0x0001f83d   Thumb Code   146  nrf_impala.o(i.nrf_impl_set_prefix_byte)
    nrf_impl_set_timeslot_period             0x0001f8dd   Thumb Code     6  nrf_impala.o(i.nrf_impl_set_timeslot_period)
    nrf_impl_set_timeslots_per_channel_when_in_sync 0x0001f8e9   Thumb Code    36  nrf_impala.o(i.nrf_impl_set_timeslots_per_channel_when_in_sync)
    nrf_impl_set_timeslots_per_channel_when_out_of_sync 0x0001f919   Thumb Code    36  nrf_impala.o(i.nrf_impl_set_timeslots_per_channel_when_out_of_sync)
    nrf_impl_set_tx_power                    0x0001f949   Thumb Code    10  nrf_impala.o(i.nrf_impl_set_tx_power)
    nrf_impl_set_xosc_ctl                    0x0001f95d   Thumb Code     6  nrf_impala.o(i.nrf_impl_set_xosc_ctl)
    nrf_impl_state_fun_device_send_packet    0x0001f969   Thumb Code    74  nrf_impala.o(i.nrf_impl_state_fun_device_send_packet)
    nrf_impl_state_fun_timeslot_start        0x0001f9cd   Thumb Code  1200  nrf_impala.o(i.nrf_impl_state_fun_timeslot_start)
    nrf_lcore_force_disable                  0x0001fe8d   Thumb Code   114  nrf_link_core.o(i.nrf_lcore_force_disable)
    nrf_lcore_init                           0x00020031   Thumb Code    54  nrf_link_core.o(i.nrf_lcore_init)
    nrf_lcore_prepare_operation              0x00020085   Thumb Code   176  nrf_link_core.o(i.nrf_lcore_prepare_operation)
    nrf_lcore_rx_address_match               0x00020169   Thumb Code    12  nrf_link_core.o(i.nrf_lcore_rx_address_match)
    nrf_lcore_start_operation                0x00020179   Thumb Code   122  nrf_link_core.o(i.nrf_lcore_start_operation)
    nrf_nm_add                               0x0002021d   Thumb Code   100  nrf_notification_manager.o(i.nrf_nm_add)
    nrf_nm_get_remaining_space_in_notification_queue 0x00020295   Thumb Code    12  nrf_notification_manager.o(i.nrf_nm_get_remaining_space_in_notification_queue)
    nrf_nm_init                              0x000202a5   Thumb Code    36  nrf_notification_manager.o(i.nrf_nm_init)
    nrf_pm_end_prx                           0x000202d9   Thumb Code   364  nrf_packet_manager.o(i.nrf_pm_end_prx)
    nrf_pm_end_ptx                           0x0002046d   Thumb Code   182  nrf_packet_manager.o(i.nrf_pm_end_ptx)
    nrf_pm_free_packet                       0x00020549   Thumb Code     8  nrf_packet_manager.o(i.nrf_pm_free_packet)
    nrf_pm_get_available_fifo_packets        0x00020551   Thumb Code     8  nrf_packet_manager.o(i.nrf_pm_get_available_fifo_packets)
    nrf_pm_get_current_ptx_ack_ptr           0x00020559   Thumb Code     6  nrf_packet_manager.o(i.nrf_pm_get_current_ptx_ack_ptr)
    nrf_pm_get_current_ptx_packet            0x00020565   Thumb Code     6  nrf_packet_manager.o(i.nrf_pm_get_current_ptx_packet)
    nrf_pm_get_current_ptx_pipe              0x00020571   Thumb Code     6  nrf_packet_manager.o(i.nrf_pm_get_current_ptx_pipe)
    nrf_pm_get_rx_fifo_status                0x0002057d   Thumb Code    10  nrf_packet_manager.o(i.nrf_pm_get_rx_fifo_status)
    nrf_pm_get_state                         0x00020589   Thumb Code     6  nrf_packet_manager.o(i.nrf_pm_get_state)
    nrf_pm_get_tx_fifo_status                0x00020595   Thumb Code     8  nrf_packet_manager.o(i.nrf_pm_get_tx_fifo_status)
    nrf_pm_init                              0x0002059d   Thumb Code    90  nrf_packet_manager.o(i.nrf_pm_init)
    nrf_pm_pop_rx_fifo                       0x00020609   Thumb Code    10  nrf_packet_manager.o(i.nrf_pm_pop_rx_fifo)
    nrf_pm_put_tx_fifo                       0x00020613   Thumb Code    38  nrf_packet_manager.o(i.nrf_pm_put_tx_fifo)
    nrf_pm_read_rx_fifo                      0x00020639   Thumb Code    10  nrf_packet_manager.o(i.nrf_pm_read_rx_fifo)
    nrf_pm_reserve_packet                    0x00020643   Thumb Code     8  nrf_packet_manager.o(i.nrf_pm_reserve_packet)
    nrf_pm_search_for_ptx_pipe_to_service    0x0002064d   Thumb Code    64  nrf_packet_manager.o(i.nrf_pm_search_for_ptx_pipe_to_service)
    nrf_pm_set_dyn_ack_status                0x00020695   Thumb Code     6  nrf_packet_manager.o(i.nrf_pm_set_dyn_ack_status)
    nrf_pm_start_prx                         0x000206a1   Thumb Code    62  nrf_packet_manager.o(i.nrf_pm_start_prx)
    nrf_pm_start_ptx                         0x000206e9   Thumb Code   156  nrf_packet_manager.o(i.nrf_pm_start_ptx)
    nrf_pm_there_is_ptx_packet_to_be_serviced 0x00020799   Thumb Code     6  nrf_packet_manager.o(i.nrf_pm_there_is_ptx_packet_to_be_serviced)
    nrf_sm_execute                           0x000207a5   Thumb Code    18  nrf_state_machine.o(i.nrf_sm_execute)
    nrf_sm_get_current_state                 0x000207c1   Thumb Code     6  nrf_state_machine.o(i.nrf_sm_get_current_state)
    nrf_sm_get_next_state                    0x000207cd   Thumb Code     6  nrf_state_machine.o(i.nrf_sm_get_next_state)
    nrf_sm_init                              0x000207d9   Thumb Code    10  nrf_state_machine.o(i.nrf_sm_init)
    nrf_sm_set_next_state                    0x000207e9   Thumb Code    20  nrf_state_machine.o(i.nrf_sm_set_next_state)
    ps_cb_handler                            0x00020c19   Thumb Code    50  ep_pstorage.o(i.ps_cb_handler)
    pstorage_access_status_get               0x00020c55   Thumb Code    30  pstorage.o(i.pstorage_access_status_get)
    pstorage_block_identifier_get            0x00020c7d   Thumb Code    94  pstorage.o(i.pstorage_block_identifier_get)
    pstorage_clear                           0x00020ce5   Thumb Code   170  pstorage.o(i.pstorage_clear)
    pstorage_init                            0x00020dc9   Thumb Code    64  pstorage.o(i.pstorage_init)
    pstorage_load                            0x00020e11   Thumb Code   174  pstorage.o(i.pstorage_load)
    pstorage_register                        0x00020ec9   Thumb Code   186  pstorage.o(i.pstorage_register)
    pstorage_store                           0x00020f8d   Thumb Code   150  pstorage.o(i.pstorage_store)
    pstorage_sys_event_handler               0x0002102d   Thumb Code    46  pstorage.o(i.pstorage_sys_event_handler)
    request_next                             0x00021061   Thumb Code    22  ep_timeslot.o(i.request_next)
    softdevice_assertion_handler             0x0002129d   Thumb Code    12  softdevice_handler.o(i.softdevice_assertion_handler)
    softdevice_ble_evt_handler_set           0x000212a9   Thumb Code    16  softdevice_handler.o(i.softdevice_ble_evt_handler_set)
    softdevice_handler_init                  0x000212bd   Thumb Code    54  softdevice_handler.o(i.softdevice_handler_init)
    softdevice_sys_evt_handler_set           0x000212fd   Thumb Code    16  softdevice_handler.o(i.softdevice_sys_evt_handler_set)
    start_timer                              0x00021321   Thumb Code    46  ep_timeslot.o(i.start_timer)
    sys_evt_dispatch                         0x00021625   Thumb Code    18  ep_ble_init.o(i.sys_evt_dispatch)
    timeslot_sys_event_handler               0x00021909   Thumb Code    10  ep_timeslot.o(i.timeslot_sys_event_handler)
    Region$$Table$$Base                      0x00021d1c   Number         0  anon$$obj.o(Region$$Table)
    Region$$Table$$Limit                     0x00021d3c   Number         0  anon$$obj.o(Region$$Table)
    MCU_ID                                   0x20002600   Data           1  main.o(.data)
    Tast_angle                               0x20002602   Data           2  main.o(.data)
    BUTTON_Handle                            0x20002604   Data           6  ep_button.o(.data)
    BuzzerHandle                             0x2000260a   Data           8  ep_buzzer.o(.data)
    CommRec                                  0x20002614   Data           1  ep_comm.o(.data)
    power_temp                               0x2000261d   Data           1  ep_gzll.o(.data)
    address1_temp                            0x20002620   Data           4  ep_gzll.o(.data)
    table                                    0x20002624   Data           7  ep_gzll.o(.data)
    flagRest                                 0x20002630   Data           1  ep_pstorage.o(.data)
    SYS_Handle                               0x2000263c   Data           6  ep_sys.o(.data)
    i                                        0x20002642   Data           1  ep_throttle.o(.data)
    sum                                      0x20002644   Data           2  ep_throttle.o(.data)
    Timeslot_Handle                          0x2000264c   Data           4  ep_timeslot.o(.data)
    per_noti_num                             0x20002660   Data           1  ep_ble_access.o(.data)
    access_count                             0x20002662   Data           1  ep_ble_access.o(.data)
    access_key_num                           0x20002664   Data           2  ep_ble_access.o(.data)
    p_evt_write                              0x20002668   Data           4  ep_ble_access.o(.data)
    ble_evt_id                               0x2000269c   Data           1  ep_ble_init.o(.data)
    BLE_Handler                              0x200026a8   Data           5  ep_ble_init.o(.data)
    steer_evt                                0x200026c8   Data           4  ep_ble_steer.o(.data)
    motor_evt                                0x200026cc   Data           4  ep_ble_motor.o(.data)
    SysSecond                                0x200026d0   Data           4  ep_tick.o(.data)
    SysMicroSecond                           0x200026d4   Data           4  ep_tick.o(.data)
    ConutDown3SecondCnt                      0x200026d8   Data           4  ep_tick.o(.data)
    LED_Handle                               0x200026e4   Data           3  ep_led.o(.data)
    SystemCoreClock                          0x200026e8   Data           4  system_nrf51.o(.data)
    nrf_gzll_error_code                      0x20002794   Data           1  nrf_gzll.o(.data)
    impl_async_state                         0x200027b4   Data           1  nrf_impala.o(.data)
    runstate                                 0x200027c8   Data           1  nrf_flywheel.o(.data)
    nrf_pm_ack_payload_pending               0x200027d4   Data           8  nrf_packet_manager.o(.data)
    sm_status                                0x200027dc   Data           3  nrf_state_machine.o(.data)
    state_functions                          0x200027e0   Data           8  nrf_state_machine.o(.data)
    available_packet_count                   0x200027e8   Data           4  nrf_fifo.o(.data)
    Comm_Handle                              0x200027ec   Data          22  ep_comm.o(.bss)
    CRYPT_Handle                             0x20002802   Data          43  ep_crypt_device.o(.bss)
    GZLL_Handle                              0x20002830   Data          84  ep_gzll.o(.bss)
    LCD_Handle                               0x20002884   Data          12  ep_lcd_6kw.o(.bss)
    MOTOR_Handle                             0x20002890   Data          10  ep_motor.o(.bss)
    PowerSwitch_Handle                       0x2000289a   Data          14  ep_powerswitch.o(.bss)
    PSTORAGE_Handle                          0x200028a8   Data          72  ep_pstorage.o(.bss)
    pstorage_Wdata                           0x200028f0   Data          16  ep_pstorage.o(.bss)
    pstorage_Rdata                           0x20002900   Data          16  ep_pstorage.o(.bss)
    THROTTLE_Handle                          0x20002910   Data          62  ep_throttle.o(.bss)
    value_buf                                0x2000294e   Data          16  ep_throttle.o(.bss)
    nrf_ecb_hal_data                         0x20002970   Data          48  nrf_gzp.o(.bss)
    m_access                                 0x200029a0   Data         112  ep_ble_access.o(.bss)
    rec_data1                                0x20002a10   Data          16  ep_ble_access.o(.bss)
    m_battery                                0x20002a20   Data         312  ep_ble_battery.o(.bss)
    m_navig                                  0x20002b58   Data         332  ep_ble_navigation.o(.bss)
    m_device_info                            0x20002f54   Data         200  ep_ble_device_info.o(.bss)
    m_steer                                  0x2000301c   Data         252  ep_ble_steer.o(.bss)
    m_motor                                  0x20003118   Data         400  ep_ble_motor.o(.bss)
    impl_internal_params                     0x200034f4   Data          52  nrf_impala.o(.bss)
    nrf_impl_status                          0x20003528   Data          28  nrf_impala.o(.bss)
    lcore_config                             0x20003544   Data          24  nrf_impala.o(.bss)
    nrf_lcore_status                         0x20003568   Data          36  nrf_link_core.o(.bss)
    nm_status                                0x2000358c   Data         136  nrf_notification_manager.o(.bss)
    pm_status                                0x20003614   Data         148  nrf_packet_manager.o(.bss)
    pipe_status                              0x200036a8   Data          48  nrf_fifo.o(.bss)
    fifo_contents                            0x200036d8   Data         192  nrf_fifo.o(.bss)
    available_packets                        0x20003798   Data          24  nrf_fifo.o(.bss)
    packet_pool                              0x200037b0   Data         204  nrf_fifo.o(.bss)
    __initial_sp                             0x20003c80   Data           0  arm_startup_nrf51.o(STACK)



==============================================================================

Memory Map of the image

  Image Entry point : 0x000180c1

  Load Region LR_IROM1 (Base: 0x00018000, Size: 0x00009f28, Max: 0x00028600, ABSOLUTE, COMPRESSED[0x00009d9c])

    Execution Region ER_IROM1 (Base: 0x00018000, Size: 0x00009d3c, Max: 0x00028600, ABSOLUTE)

    Base Addr    Size         Type   Attr      Idx    E Section Name        Object

    0x00018000   0x000000c0   Data   RO         3127    RESET               arm_startup_nrf51.o
    0x000180c0   0x00000000   Code   RO         4971  * .ARM.Collect$$$$00000000  mc_p.l(entry.o)
    0x000180c0   0x00000004   Code   RO         4996    .ARM.Collect$$$$00000001  mc_p.l(entry2.o)
    0x000180c4   0x00000004   Code   RO         4999    .ARM.Collect$$$$00000004  mc_p.l(entry5.o)
    0x000180c8   0x00000000   Code   RO         5001    .ARM.Collect$$$$00000008  mc_p.l(entry7b.o)
    0x000180c8   0x00000000   Code   RO         5003    .ARM.Collect$$$$0000000A  mc_p.l(entry8b.o)
    0x000180c8   0x00000008   Code   RO         5004    .ARM.Collect$$$$0000000B  mc_p.l(entry9a.o)
    0x000180d0   0x00000000   Code   RO         5006    .ARM.Collect$$$$0000000D  mc_p.l(entry10a.o)
    0x000180d0   0x00000000   Code   RO         5008    .ARM.Collect$$$$0000000F  mc_p.l(entry11a.o)
    0x000180d0   0x00000004   Code   RO         4997    .ARM.Collect$$$$00002712  mc_p.l(entry2.o)
    0x000180d4   0x0000001e   Code   RO         2935    .emb_text           myiic.o
    0x000180f2   0x00000002   PAD
    0x000180f4   0x0000001e   Code   RO         3733    .emb_text           nrf_delay.o
    0x00018112   0x00000002   PAD
    0x00018114   0x0000001e   Code   RO         4257    .emb_text           app_timer_ble_gzll.o
    0x00018132   0x00000002   PAD
    0x00018134   0x0000001e   Code   RO         4834    .emb_text           gzll_arm.lib(nrf_link_core.o)
    0x00018152   0x00000002   PAD
    0x00018154   0x00000038   Code   RO         3128    .text               arm_startup_nrf51.o
    0x0001818c   0x0000002c   Code   RO         4974    .text               mc_p.l(uidiv.o)
    0x000181b8   0x00000028   Code   RO         4976    .text               mc_p.l(idiv.o)
    0x000181e0   0x00000024   Code   RO         4978    .text               mc_p.l(memcpya.o)
    0x00018204   0x00000024   Code   RO         4980    .text               mc_p.l(memseta.o)
    0x00018228   0x0000000e   Code   RO         4982    .text               mc_p.l(strlen.o)
    0x00018236   0x0000001a   Code   RO         4984    .text               mc_p.l(memcmp.o)
    0x00018250   0x0000007a   Code   RO         4988    .text               mf_p.l(fmul.o)
    0x000182ca   0x00000018   Code   RO         4990    .text               mf_p.l(fscalb.o)
    0x000182e2   0x0000000e   Code   RO         4992    .text               mf_p.l(ffltui.o)
    0x000182f0   0x00000032   Code   RO         4994    .text               mf_p.l(ffixi.o)
    0x00018322   0x00000000   Code   RO         5010    .text               mc_p.l(iusefp.o)
    0x00018322   0x00000082   Code   RO         5011    .text               mf_p.l(fepilogue.o)
    0x000183a4   0x00000024   Code   RO         5013    .text               mc_p.l(init.o)
    0x000183c8   0x00000056   Code   RO         5023    .text               mc_p.l(__dczerorl2.o)
    0x0001841e   0x00000002   PAD
    0x00018420   0x00000048   Code   RO         1795    i.ACCESS_ble_init   ep_ble_access.o
    0x00018468   0x000000f6   Code   RO         1796    i.ACCESS_char_add   ep_ble_access.o
    0x0001855e   0x0000000a   Code   RO         1797    i.ACCESS_notif_disable  ep_ble_access.o
    0x00018568   0x00000074   Code   RO         1800    i.ACCESS_service_init  ep_ble_access.o
    0x000185dc   0x00000060   Code   RO         1111    i.ADC_GetBatVol     ep_powerswitch.o
    0x0001863c   0x00000024   Code   RO         1112    i.ADC_init          ep_powerswitch.o
    0x00018660   0x00000018   Code   RO         3012    i.AS5600_EnableWd   as5600.o
    0x00018678   0x00000034   Code   RO         3014    i.AS5600_GetAngle   as5600.o
    0x000186ac   0x0000000e   Code   RO         3016    i.AS5600_GetStatus  as5600.o
    0x000186ba   0x00000002   PAD
    0x000186bc   0x00000020   Code   RO         3017    i.AS5600_Init       as5600.o
    0x000186dc   0x0000003a   Code   RO         3021    i.AS5600_ReadOneByte  as5600.o
    0x00018716   0x0000001e   Code   RO         3023    i.AS5600_SetOutputStage  as5600.o
    0x00018734   0x0000001c   Code   RO         3024    i.AS5600_SetPMMode  as5600.o
    0x00018750   0x00000034   Code   RO         3026    i.AS5600_WriteOneByte  as5600.o
    0x00018784   0x000000ac   Code   RO         2020    i.BATTERY_ble_init  ep_ble_battery.o
    0x00018830   0x000000f6   Code   RO         2021    i.BATTERY_char_add  ep_ble_battery.o
    0x00018926   0x00000022   Code   RO         2022    i.BATTERY_notif_disable  ep_ble_battery.o
    0x00018948   0x000000e8   Code   RO         2023    i.BATTERY_service_init  ep_ble_battery.o
    0x00018a30   0x00000040   Code   RO         2190    i.BLE_Init          ep_ble_init.o
    0x00018a70   0x0000000c   Code   RO         2191    i.BLE_ParamInit     ep_ble_init.o
    0x00018a7c   0x0000000c   Code   RO         2193    i.BLE_SetStatus     ep_ble_init.o
    0x00018a88   0x00000018   Code   RO          286    i.BUTTON_Press      ep_button.o
    0x00018aa0   0x0000000c   Code   RO          287    i.BUTTON_Release    ep_button.o
    0x00018aac   0x00000026   Code   RO          288    i.BUTTON_UpdateKeyCounter  ep_button.o
    0x00018ad2   0x00000002   PAD
    0x00018ad4   0x00000054   Code   RO          289    i.BUTTON_get_touch_type  ep_button.o
    0x00018b28   0x0000000e   Code   RO          290    i.BUTTON_pressCountClear  ep_button.o
    0x00018b36   0x00000002   PAD
    0x00018b38   0x00000098   Code   RO          368    i.BUZZER_Err        ep_buzzer.o
    0x00018bd0   0x0000000c   Code   RO          369    i.BUZZER_Init       ep_buzzer.o
    0x00018bdc   0x00000010   Code   RO          370    i.BUZZER_Off        ep_buzzer.o
    0x00018bec   0x00000010   Code   RO          371    i.BUZZER_On         ep_buzzer.o
    0x00018bfc   0x00000010   Code   RO          373    i.BUZZER_beep_once  ep_buzzer.o
    0x00018c0c   0x00000018   Code   RO          374    i.BUZZER_beep_twice  ep_buzzer.o
    0x00018c24   0x0000001c   Code   RO          599    i.CRPTY_HostIdReq_FailCheck  ep_crypt_device.o
    0x00018c40   0x00000054   Code   RO          600    i.CRYPT_CmdRequest  ep_crypt_device.o
    0x00018c94   0x0000000c   Code   RO          601    i.CRYPT_CmdSet      ep_crypt_device.o
    0x00018ca0   0x0000001c   Code   RO          602    i.CRYPT_CommFailCheck  ep_crypt_device.o
    0x00018cbc   0x0000005c   Code   RO          603    i.CRYPT_Decode      ep_crypt_device.o
    0x00018d18   0x00000026   Code   RO          604    i.CRYPT_HostID_fetchResp_process  ep_crypt_device.o
    0x00018d3e   0x0000002a   Code   RO          605    i.CRYPT_HostID_fetch_send  ep_crypt_device.o
    0x00018d68   0x00000020   Code   RO          606    i.CRYPT_HostID_req_send  ep_crypt_device.o
    0x00018d88   0x00000010   Code   RO          607    i.CRYPT_Init        ep_crypt_device.o
    0x00018d98   0x0000001c   Code   RO          608    i.CRYPT_KeyUpdateFailCheck  ep_crypt_device.o
    0x00018db4   0x00000030   Code   RO          609    i.CRYPT_UserData_RX  ep_crypt_device.o
    0x00018de4   0x00000036   Code   RO          610    i.CRYPT_UserData_TX  ep_crypt_device.o
    0x00018e1a   0x00000036   Code   RO          611    i.CRYPT_keyUpdate   ep_crypt_device.o
    0x00018e50   0x00000016   Code   RO          612    i.CRYPT_keyUpdate_Prepare  ep_crypt_device.o
    0x00018e66   0x0000000a   Code   RO          613    i.CRYPT_keyUpdate_PrepareResp  ep_crypt_device.o
    0x00018e70   0x00000018   Code   RO          433    i.Comm_CheckSum     ep_comm.o
    0x00018e88   0x00000006   Code   RO          434    i.Comm_ClearFailCnt  ep_comm.o
    0x00018e8e   0x00000002   PAD
    0x00018e90   0x0000000c   Code   RO          436    i.Comm_DataTypeSet  ep_comm.o
    0x00018e9c   0x0000012c   Code   RO          437    i.Comm_Decode       ep_comm.o
    0x00018fc8   0x0000007c   Code   RO          439    i.Comm_GzllModeSend  ep_comm.o
    0x00019044   0x00000048   Code   RO          440    i.Comm_Init         ep_comm.o
    0x0001908c   0x00000030   Code   RO          441    i.Comm_PrepareTxData  ep_comm.o
    0x000190bc   0x00000070   Code   RO          442    i.Comm_RS485ModeSend  ep_comm.o
    0x0001912c   0x00000042   Code   RO          443    i.Comm_RS485_Check  ep_comm.o
    0x0001916e   0x00000002   PAD
    0x00019170   0x0000000c   Code   RO          444    i.Comm_ReadState    ep_comm.o
    0x0001917c   0x00000006   Code   RO          446    i.Comm_TxDatSet     ep_comm.o
    0x00019182   0x00000002   PAD
    0x00019184   0x0000016c   Code   RO          447    i.Comm_UpdateSendData  ep_comm.o
    0x000192f0   0x00000110   Code   RO         2418    i.DeviceInfo_ble_init  ep_ble_device_info.o
    0x00019400   0x000000f0   Code   RO         2419    i.DeviceInfo_char_add  ep_ble_device_info.o
    0x000194f0   0x0000009c   Code   RO         2420    i.DeviceInfo_service_init  ep_ble_device_info.o
    0x0001958c   0x00000040   Code   RO         2764    i.EventTimeOutCheckProcess  ep_tick.o
    0x000195cc   0x0000010c   Code   RO         3550    i.GPIOTE_IRQHandler  nrf_drv_gpiote.o
    0x000196d8   0x00000020   Code   RO          742    i.Gzll_Backup_gzllAddr1  ep_gzll.o
    0x000196f8   0x0000013c   Code   RO          743    i.Gzll_ChannelTableSet  ep_gzll.o
    0x00019834   0x000000b8   Code   RO          746    i.Gzll_Init         ep_gzll.o
    0x000198ec   0x00000030   Code   RO          747    i.Gzll_PairTimeCountDown  ep_gzll.o
    0x0001991c   0x00000040   Code   RO          748    i.Gzll_ParamInit    ep_gzll.o
    0x0001995c   0x0000000c   Code   RO          750    i.Gzll_ReadCommStatus  ep_gzll.o
    0x00019968   0x0000000c   Code   RO          751    i.Gzll_ReadCountDownSec  ep_gzll.o
    0x00019974   0x0000000c   Code   RO          752    i.Gzll_ReadPairState  ep_gzll.o
    0x00019980   0x0000000c   Code   RO          753    i.Gzll_SetAddrState  ep_gzll.o
    0x0001998c   0x0000000c   Code   RO          754    i.Gzll_SetCommStatus  ep_gzll.o
    0x00019998   0x0000000c   Code   RO          755    i.Gzll_SetCountDownSec  ep_gzll.o
    0x000199a4   0x0000000c   Code   RO          756    i.Gzll_SetGzllAddr1  ep_gzll.o
    0x000199b0   0x0000000c   Code   RO          757    i.Gzll_SetPairState  ep_gzll.o
    0x000199bc   0x0000001c   Code   RO          758    i.Gzll_SetRxData    ep_gzll.o
    0x000199d8   0x0000001c   Code   RO          759    i.Gzll_SetTxData    ep_gzll.o
    0x000199f4   0x00000038   Code   RO          760    i.Gzll_Update_gzllAddr1  ep_gzll.o
    0x00019a2c   0x00000030   Code   RO            4    i.HardFault_Handler  main.o
    0x00019a5c   0x00000030   Code   RO         2936    i.IIC_Ack           myiic.o
    0x00019a8c   0x00000030   Code   RO         2938    i.IIC_NAck          myiic.o
    0x00019abc   0x00000058   Code   RO         2939    i.IIC_Read_Byte     myiic.o
    0x00019b14   0x00000054   Code   RO         2940    i.IIC_Send_Byte     myiic.o
    0x00019b68   0x00000030   Code   RO         2941    i.IIC_Start         myiic.o
    0x00019b98   0x00000030   Code   RO         2942    i.IIC_Stop          myiic.o
    0x00019bc8   0x0000004c   Code   RO         2943    i.IIC_Wait_Ack      myiic.o
    0x00019c14   0x000000cc   Code   RO          963    i.LCD_GzllPairCountDown  ep_lcd_6kw.o
    0x00019ce0   0x0000000a   Code   RO          964    i.LCD_Init          ep_lcd_6kw.o
    0x00019cea   0x00000002   PAD
    0x00019cec   0x0000027c   Code   RO          965    i.LCD_Next_Menu_Config  ep_lcd_6kw.o
    0x00019f68   0x0000000c   Code   RO          966    i.LCD_SetMenu       ep_lcd_6kw.o
    0x00019f74   0x0000003a   Code   RO         2820    i.LED_AllOff        ep_led.o
    0x00019fae   0x0000003a   Code   RO         2821    i.LED_AllOn         ep_led.o
    0x00019fe8   0x000001bc   Code   RO         2822    i.LED_Display       ep_led.o
    0x0001a1a4   0x0000020c   Code   RO         2823    i.LED_DisplayNum    ep_led.o
    0x0001a3b0   0x000001d2   Code   RO         2824    i.LED_DisplayPercent  ep_led.o
    0x0001a582   0x00000002   PAD
    0x0001a584   0x00000060   Code   RO         2825    i.LED_DisplayPosition  ep_led.o
    0x0001a5e4   0x00000010   Code   RO         2826    i.LED_OFF           ep_led.o
    0x0001a5f4   0x00000010   Code   RO         2827    i.LED_ON            ep_led.o
    0x0001a604   0x0000001e   Code   RO         2828    i.LED_SysON         ep_led.o
    0x0001a622   0x00000022   Code   RO         2829    i.LED_SysOff        ep_led.o
    0x0001a644   0x0000003c   Code   RO         2830    i.LED_blink         ep_led.o
    0x0001a680   0x0000003c   Code   RO         2831    i.LED_init          ep_led.o
    0x0001a6bc   0x0000004c   Code   RO         2833    i.LED_nBlink_Fast   ep_led.o
    0x0001a708   0x0000004c   Code   RO         2834    i.LED_nBlink_Slow   ep_led.o
    0x0001a754   0x00000060   Code   RO         1018    i.MOTOR_CheckStatus  ep_motor.o
    0x0001a7b4   0x00000008   Code   RO         1019    i.MOTOR_Init        ep_motor.o
    0x0001a7bc   0x0000000c   Code   RO         1020    i.MOTOR_Off         ep_motor.o
    0x0001a7c8   0x0000000c   Code   RO         1021    i.MOTOR_On          ep_motor.o
    0x0001a7d4   0x00000004   Code   RO         1022    i.MOTOR_ReadMotorStatus  ep_motor.o
    0x0001a7d8   0x0000000c   Code   RO         1025    i.MOTOR_SetStatus   ep_motor.o
    0x0001a7e4   0x0000000c   Code   RO         1026    i.MOTOR_Stop        ep_motor.o
    0x0001a7f0   0x000000e8   Code   RO         2571    i.MOTOR_ble_init    ep_ble_motor.o
    0x0001a8d8   0x000000f4   Code   RO         2572    i.MOTOR_char_add    ep_ble_motor.o
    0x0001a9cc   0x00000066   Code   RO         1027    i.MOTOR_comm_RX_decode  ep_motor.o
    0x0001aa32   0x0000002a   Code   RO         2573    i.MOTOR_notif_disable  ep_ble_motor.o
    0x0001aa5c   0x00000114   Code   RO         2574    i.MOTOR_service_init  ep_ble_motor.o
    0x0001ab70   0x0000000c   Code   RO         1028    i.Motor_SetMotStatus  ep_motor.o
    0x0001ab7c   0x000000bc   Code   RO         2107    i.NAVIG_ble_init    ep_ble_navigation.o
    0x0001ac38   0x00000026   Code   RO         2108    i.NAVIG_notif_disable  ep_ble_navigation.o
    0x0001ac5e   0x00000002   PAD
    0x0001ac60   0x000000f0   Code   RO         2109    i.NAVIG_service_init  ep_ble_navigation.o
    0x0001ad50   0x00000008   Code   RO         4774    i.NRF_ASSERT_INTERNAL_parse_and_forward  gzll_arm.lib(nrf_assert_internal.o)
    0x0001ad58   0x000000f4   Code   RO         4810    i.NRF_flw_prepare_call  gzll_arm.lib(nrf_flywheel.o)
    0x0001ae4c   0x00000044   Code   RO         4258    i.NVIC_SetPriority  app_timer_ble_gzll.o
    0x0001ae90   0x00000038   Code   RO            5    i.POWER_Disable     main.o
    0x0001aec8   0x0000001a   Code   RO         1225    i.PSTORAGE_CheckSum  ep_pstorage.o
    0x0001aee2   0x00000002   PAD
    0x0001aee4   0x0000004c   Code   RO         1226    i.PSTORAGE_DataUdate  ep_pstorage.o
    0x0001af30   0x00000030   Code   RO         1227    i.PSTORAGE_Erase    ep_pstorage.o
    0x0001af60   0x000000a4   Code   RO         1228    i.PSTORAGE_Init     ep_pstorage.o
    0x0001b004   0x0000001c   Code   RO         1229    i.PSTORAGE_Read     ep_pstorage.o
    0x0001b020   0x0000002c   Code   RO         1231    i.PSTORAGE_SaveData  ep_pstorage.o
    0x0001b04c   0x00000024   Code   RO         1232    i.PSTORAGE_Write    ep_pstorage.o
    0x0001b070   0x00000006   Code   RO         1233    i.PSTORAGE_read_Wflag  ep_pstorage.o
    0x0001b076   0x00000002   PAD
    0x0001b078   0x00000014   Code   RO         1234    i.PSTORAGE_set_CurHandle  ep_pstorage.o
    0x0001b08c   0x00000006   Code   RO         1235    i.PSTORAGE_set_Wflag  ep_pstorage.o
    0x0001b092   0x00000002   PAD
    0x0001b094   0x0000003c   Code   RO         1384    i.PercentFilter     ep_throttle.o
    0x0001b0d0   0x0000000c   Code   RO         1113    i.PowerSwitch_BatUVcountClear  ep_powerswitch.o
    0x0001b0dc   0x00000038   Code   RO         1114    i.PowerSwitch_CloseSys  ep_powerswitch.o
    0x0001b114   0x00000030   Code   RO         1115    i.PowerSwitch_Init  ep_powerswitch.o
    0x0001b144   0x00000054   Code   RO         1116    i.PowerSwitch_Off   ep_powerswitch.o
    0x0001b198   0x00000018   Code   RO         1117    i.PowerSwitch_OffCountAdd  ep_powerswitch.o
    0x0001b1b0   0x0000000c   Code   RO         1118    i.PowerSwitch_OffCountClear  ep_powerswitch.o
    0x0001b1bc   0x00000010   Code   RO         1119    i.PowerSwitch_OpenSys  ep_powerswitch.o
    0x0001b1cc   0x00000004   Code   RO         1120    i.PowerSwitch_ReadBatState  ep_powerswitch.o
    0x0001b1d0   0x00000012   Code   RO         1121    i.PowerSwitch_offCheck  ep_powerswitch.o
    0x0001b1e2   0x00000002   PAD
    0x0001b1e4   0x00000068   Code   RO         1122    i.PowerSwitch_onCheck  ep_powerswitch.o
    0x0001b24c   0x000001c0   Code   RO         4835    i.RADIO_IRQHandler  gzll_arm.lib(nrf_link_core.o)
    0x0001b40c   0x0000003c   Code   RO          448    i.RS485_Disable     ep_comm.o
    0x0001b448   0x0000007c   Code   RO          449    i.RS485_Init        ep_comm.o
    0x0001b4c4   0x00000018   Code   RO          450    i.RS485_SetRx       ep_comm.o
    0x0001b4dc   0x00000018   Code   RO          451    i.RS485_SetTx       ep_comm.o
    0x0001b4f4   0x00000020   Code   RO         4259    i.RTC1_IRQHandler   app_timer_ble_gzll.o
    0x0001b514   0x0000006c   Code   RO         2489    i.STEER_ble_init    ep_ble_steer.o
    0x0001b580   0x000000f0   Code   RO         2490    i.STEER_char_add    ep_ble_steer.o
    0x0001b670   0x0000000a   Code   RO         2491    i.STEER_notif_disable  ep_ble_steer.o
    0x0001b67a   0x00000002   PAD
    0x0001b67c   0x000000ac   Code   RO         2492    i.STEER_service_init  ep_ble_steer.o
    0x0001b728   0x00000088   Code   RO         4861    i.SWI0_IRQHandler   gzll_arm.lib(nrf_notification_manager.o)
    0x0001b7b0   0x00000008   Code   RO         4260    i.SWI1_IRQHandler   app_timer_ble_gzll.o
    0x0001b7b8   0x00000024   Code   RO         4469    i.SWI2_IRQHandler   softdevice_handler.o
    0x0001b7dc   0x00000024   Code   RO         1321    i.SYS_DataInit      ep_sys.o
    0x0001b800   0x00000150   Code   RO         1322    i.SYS_ErrCheck      ep_sys.o
    0x0001b950   0x0000000e   Code   RO         1323    i.SYS_Init          ep_sys.o
    0x0001b95e   0x00000004   Code   RO         1324    i.SYS_ReadMode      ep_sys.o
    0x0001b962   0x00000002   PAD
    0x0001b964   0x00000010   Code   RO         1326    i.SYS_SetErrorCode  ep_sys.o
    0x0001b974   0x0000000c   Code   RO         2765    i.SysTimer1Start    ep_tick.o
    0x0001b980   0x0000000c   Code   RO         2766    i.SysTimer1Stop     ep_tick.o
    0x0001b98c   0x0000005c   Code   RO         3135    i.SystemInit        system_nrf51.o
    0x0001b9e8   0x0000005c   Code   RO         2767    i.Systick_Init      ep_tick.o
    0x0001ba44   0x00000024   Code   RO         1385    i.THROTTLE_Backup_PercentMax  ep_throttle.o
    0x0001ba68   0x0000003c   Code   RO         1386    i.THROTTLE_Backup_cal  ep_throttle.o
    0x0001baa4   0x0000005a   Code   RO         1387    i.THROTTLE_CalErrCheck  ep_throttle.o
    0x0001bafe   0x00000002   PAD
    0x0001bb00   0x000000d0   Code   RO         1388    i.THROTTLE_Cal_Next  ep_throttle.o
    0x0001bbd0   0x000001e4   Code   RO         1389    i.THROTTLE_Calc     ep_throttle.o
    0x0001bdb4   0x00000024   Code   RO         1391    i.THROTTLE_GetDir   ep_throttle.o
    0x0001bdd8   0x00000008   Code   RO         1392    i.THROTTLE_GetPercent  ep_throttle.o
    0x0001bde0   0x0000003c   Code   RO         1396    i.THROTTLE_Init     ep_throttle.o
    0x0001be1c   0x0000001c   Code   RO         1398    i.THROTTLE_Off      ep_throttle.o
    0x0001be38   0x00000014   Code   RO         1399    i.THROTTLE_On       ep_throttle.o
    0x0001be4c   0x0000000c   Code   RO         1400    i.THROTTLE_ReadCalErrFlag  ep_throttle.o
    0x0001be58   0x00000018   Code   RO         1403    i.THROTTLE_SaveLimitValue  ep_throttle.o
    0x0001be70   0x0000000c   Code   RO         1404    i.THROTTLE_SetCalErrFlag  ep_throttle.o
    0x0001be7c   0x00000006   Code   RO         1408    i.THROTTLE_SetState  ep_throttle.o
    0x0001be82   0x0000003c   Code   RO         1410    i.THROTTLE_Update_PercentMax  ep_throttle.o
    0x0001bebe   0x00000080   Code   RO         1411    i.THROTTLE_Update_cal  ep_throttle.o
    0x0001bf3e   0x00000004   Code   RO         1412    i.THROTTLE_cal_state  ep_throttle.o
    0x0001bf42   0x00000002   PAD
    0x0001bf44   0x00000034   Code   RO         2768    i.TIMER1_IRQHandler  ep_tick.o
    0x0001bf78   0x0000006c   Code   RO         4811    i.TIMER2_IRQHandler  gzll_arm.lib(nrf_flywheel.o)
    0x0001bfe4   0x00000080   Code   RO          454    i.UART0_IRQHandler  ep_comm.o
    0x0001c064   0x00000020   Code   RO         1684    i.WDT_Feed          ep_wdt.o
    0x0001c084   0x00000044   Code   RO         1685    i.WDT_Init          ep_wdt.o
    0x0001c0c8   0x00000014   Code   RO         1686    i.WDT_ReadWdtRunStatues  ep_wdt.o
    0x0001c0dc   0x0000001a   Code   RO          725    i.__ARM_common_switch8  ep_crypt_device.o
    0x0001c0f6   0x0000000e   Code   RO         5017    i.__scatterload_copy  mc_p.l(handlers.o)
    0x0001c104   0x00000002   Code   RO         5018    i.__scatterload_null  mc_p.l(handlers.o)
    0x0001c106   0x0000000e   Code   RO         5019    i.__scatterload_zeroinit  mc_p.l(handlers.o)
    0x0001c114   0x00000080   Code   RO         1801    i.access_data_handler  ep_ble_access.o
    0x0001c194   0x000000f8   Code   RO         3208    i.adv_data_encode   ble_advdata.o
    0x0001c28c   0x0000000e   Code   RO         3209    i.advdata_check     ble_advdata.o
    0x0001c29a   0x00000002   PAD
    0x0001c29c   0x00000068   Code   RO         2196    i.advertising_init  ep_ble_init.o
    0x0001c304   0x00000024   Code   RO         4166    i.app_button_enable  app_button.o
    0x0001c328   0x00000078   Code   RO         4167    i.app_button_init   app_button.o
    0x0001c3a0   0x00000002   Code   RO         4237    i.app_error_handler  app_error.o
    0x0001c3a2   0x00000002   PAD
    0x0001c3a4   0x0000002c   Code   RO         3839    i.app_notify        pstorage.o
    0x0001c3d0   0x00000020   Code   RO         3840    i.app_notify_error_state_transit  pstorage.o
    0x0001c3f0   0x00000048   Code   RO         4263    i.app_timer_create  app_timer_ble_gzll.o
    0x0001c438   0x000000b4   Code   RO         4264    i.app_timer_init    app_timer_ble_gzll.o
    0x0001c4ec   0x00000058   Code   RO         4265    i.app_timer_start   app_timer_ble_gzll.o
    0x0001c544   0x00000038   Code   RO         4266    i.app_timer_stop    app_timer_ble_gzll.o
    0x0001c57c   0x00000044   Code   RO         3210    i.appearance_encode  ble_advdata.o
    0x0001c5c0   0x00000158   Code   RO         4640    i.async_state_packet_received  gzll_arm.lib(nrf_impala.o)
    0x0001c718   0x0000009c   Code   RO         4642    i.async_state_rx_enabling  gzll_arm.lib(nrf_impala.o)
    0x0001c7b4   0x00000014   Code   RO         4643    i.async_state_tx_ack_complete  gzll_arm.lib(nrf_impala.o)
    0x0001c7c8   0x00000002   Code   RO         2024    i.battery_data_handler  ep_ble_battery.o
    0x0001c7ca   0x0000002a   Code   RO         1802    i.ble_access_on_ble_evt  ep_ble_access.o
    0x0001c7f4   0x00000060   Code   RO         1803    i.ble_access_string_send  ep_ble_access.o
    0x0001c854   0x00000060   Code   RO         3211    i.ble_advdata_set   ble_advdata.o
    0x0001c8b4   0x00000124   Code   RO         3293    i.ble_advertising_init  ble_advertising.o
    0x0001c9d8   0x000000a4   Code   RO         3294    i.ble_advertising_on_ble_evt  ble_advertising.o
    0x0001ca7c   0x00000010   Code   RO         3297    i.ble_advertising_peer_address_clear  ble_advertising.o
    0x0001ca8c   0x000001e8   Code   RO         3299    i.ble_advertising_start  ble_advertising.o
    0x0001cc74   0x0000002a   Code   RO         2025    i.ble_battery_on_ble_evt  ep_ble_battery.o
    0x0001cc9e   0x000000f6   Code   RO         2110    i.ble_char_add      ep_ble_navigation.o
    0x0001cd94   0x0000005c   Code   RO         3375    i.ble_conn_params_init  ble_conn_params.o
    0x0001cdf0   0x0000002c   Code   RO         3376    i.ble_conn_params_on_ble_evt  ble_conn_params.o
    0x0001ce1c   0x0000002a   Code   RO         2421    i.ble_device_info_on_ble_evt  ep_ble_device_info.o
    0x0001ce46   0x00000002   PAD
    0x0001ce48   0x00000060   Code   RO         2197    i.ble_evt_dispatch  ep_ble_init.o
    0x0001cea8   0x00000034   Code   RO         2575    i.ble_motor_on_ble_evt  ep_ble_motor.o
    0x0001cedc   0x0000002a   Code   RO         2111    i.ble_navig_on_ble_evt  ep_ble_navigation.o
    0x0001cf06   0x0000002e   Code   RO         2198    i.ble_notif_en_check  ep_ble_init.o
    0x0001cf34   0x00000012   Code   RO         3179    i.ble_srv_ascii_to_utf8  ble_srv_common.o
    0x0001cf46   0x00000002   PAD
    0x0001cf48   0x0000006c   Code   RO         2199    i.ble_stack_init    ep_ble_init.o
    0x0001cfb4   0x00000034   Code   RO         2493    i.ble_steer_on_ble_evt  ep_ble_steer.o
    0x0001cfe8   0x00000024   Code   RO          291    i.bsp_button_event_handler  ep_button.o
    0x0001d00c   0x00000024   Code   RO          292    i.button_init       ep_button.o
    0x0001d030   0x0000001c   Code   RO         3551    i.channel_free      nrf_drv_gpiote.o
    0x0001d04c   0x0000004c   Code   RO         3552    i.channel_port_alloc  nrf_drv_gpiote.o
    0x0001d098   0x00000010   Code   RO         3553    i.channel_port_get  nrf_drv_gpiote.o
    0x0001d0a8   0x000000dc   Code   RO         3841    i.clear_operation_execute  pstorage.o
    0x0001d184   0x00000024   Code   RO         3842    i.clear_post_processing_run  pstorage.o
    0x0001d1a8   0x0000003c   Code   RO         3843    i.cmd_process       pstorage.o
    0x0001d1e4   0x00000014   Code   RO         3844    i.cmd_queue_dequeue  pstorage.o
    0x0001d1f8   0x00000020   Code   RO         3845    i.cmd_queue_element_init  pstorage.o
    0x0001d218   0x0000004c   Code   RO         3846    i.cmd_queue_enqueue  pstorage.o
    0x0001d264   0x00000020   Code   RO         3847    i.cmd_queue_init    pstorage.o
    0x0001d284   0x00000024   Code   RO         3848    i.command_end_procedure_run  pstorage.o
    0x0001d2a8   0x00000028   Code   RO         3849    i.command_queue_element_consume  pstorage.o
    0x0001d2d0   0x00000070   Code   RO         4268    i.compare_reg_update  app_timer_ble_gzll.o
    0x0001d340   0x00000044   Code   RO         3212    i.conn_int_check    ble_advdata.o
    0x0001d384   0x00000056   Code   RO         3213    i.conn_int_encode   ble_advdata.o
    0x0001d3da   0x0000000c   Code   RO         2200    i.conn_params_error_handler  ep_ble_init.o
    0x0001d3e6   0x00000002   PAD
    0x0001d3e8   0x0000004c   Code   RO         2201    i.conn_params_init  ep_ble_init.o
    0x0001d434   0x00000064   Code   RO         3378    i.conn_params_negotiation  ble_conn_params.o
    0x0001d498   0x00000060   Code   RO         3850    i.data_page_erase_state_run  pstorage.o
    0x0001d4f8   0x00000028   Code   RO         3851    i.data_to_swap_write_state_run  pstorage.o
    0x0001d520   0x00000020   Code   RO            6    i.delay_ms          main.o
    0x0001d540   0x00000008   Code   RO         2944    i.delay_us          myiic.o
    0x0001d548   0x00000060   Code   RO         4169    i.detection_delay_timeout_handler  app_button.o
    0x0001d5a8   0x00000140   Code   RO         4644    i.device_ack_received  gzll_arm.lib(nrf_impala.o)
    0x0001d6e8   0x00000002   Code   RO         2423    i.device_info_data_handler  ep_ble_device_info.o
    0x0001d6ea   0x00000002   PAD
    0x0001d6ec   0x0000003c   Code   RO         4269    i.elapsed_ticks_acquire  app_timer_ble_gzll.o
    0x0001d728   0x00000030   Code   RO         3852    i.erase_sub_state_sm_run  pstorage.o
    0x0001d758   0x00000050   Code   RO         4270    i.expired_timers_handler  app_timer_ble_gzll.o
    0x0001d7a8   0x00000020   Code   RO         3853    i.flash_api_err_code_process  pstorage.o
    0x0001d7c8   0x00000030   Code   RO         3854    i.flash_operation_failure_run  pstorage.o
    0x0001d7f8   0x00000028   Code   RO         3855    i.flash_operation_success_run  pstorage.o
    0x0001d820   0x0000000a   Code   RO         3856    i.flash_page_erase  pstorage.o
    0x0001d82a   0x0000000a   Code   RO         3857    i.flash_write       pstorage.o
    0x0001d834   0x00000054   Code   RO         2202    i.gap_params_init   ep_ble_init.o
    0x0001d888   0x00000030   Code   RO         1597    i.gazell_sd_radio_init  ep_timeslot.o
    0x0001d8b8   0x000000b4   Code   RO         2203    i.gazell_send_packet_timeout_handler  ep_ble_init.o
    0x0001d96c   0x000000a4   Code   RO         4645    i.goto_disable      gzll_arm.lib(nrf_impala.o)
    0x0001da10   0x00000050   Code   RO         4170    i.gpiote_event_handler  app_button.o
    0x0001da60   0x0000000c   Code   RO         1716    i.gzp_add_validation_id  nrf_gzp.o
    0x0001da6c   0x000000a4   Code   RO         1717    i.gzp_crypt         nrf_gzp.o
    0x0001db10   0x0000000c   Code   RO         1720    i.gzp_crypt_select_key  nrf_gzp.o
    0x0001db1c   0x00000014   Code   RO         1721    i.gzp_crypt_set_dyn_key  nrf_gzp.o
    0x0001db30   0x00000014   Code   RO         1722    i.gzp_crypt_set_session_token  nrf_gzp.o
    0x0001db44   0x00000010   Code   RO          614    i.gzp_get_host_id   ep_crypt_device.o
    0x0001db54   0x00000014   Code   RO          615    i.gzp_set_host_id   ep_crypt_device.o
    0x0001db68   0x0000001c   Code   RO         1723    i.gzp_validate_id   nrf_gzp.o
    0x0001db84   0x0000001e   Code   RO         1724    i.gzp_xor_cipher    nrf_gzp.o
    0x0001dba2   0x00000002   PAD
    0x0001dba4   0x00000058   Code   RO         3858    i.head_restore_state_run  pstorage.o
    0x0001dbfc   0x00000080   Code   RO         4470    i.intern_softdevice_events_execute  softdevice_handler.o
    0x0001dc7c   0x0000001c   Code   RO         3379    i.is_conn_params_ok  ble_conn_params.o
    0x0001dc98   0x00000030   Code   RO         3136    i.is_disabled_in_debug_needed  system_nrf51.o
    0x0001dcc8   0x00000054   Code   RO         3137    i.is_manual_peripheral_setup_needed  system_nrf51.o
    0x0001dd1c   0x00000044   Code   RO         3859    i.is_page_erase_required  pstorage.o
    0x0001dd60   0x00000040   Code   RO         3138    i.is_peripheral_domain_setup_needed  system_nrf51.o
    0x0001dda0   0x00000040   Code   RO         3860    i.is_tail_data_page_swap_required  pstorage.o
    0x0001dde0   0x0000000c   Code   RO         3861    i.is_word_aligned   pstorage.o
    0x0001ddec   0x0000001c   Code   RO         1804    i.key_compare       ep_ble_access.o
    0x0001de08   0x00000094   Code   RO         4271    i.list_deletions_handler  app_timer_ble_gzll.o
    0x0001de9c   0x000000f0   Code   RO         4272    i.list_insertions_handler  app_timer_ble_gzll.o
    0x0001df8c   0x00000028   Code   RO         1598    i.m_configure_next_event  ep_timeslot.o
    0x0001dfb4   0x00000028   Code   RO         1599    i.m_configure_next_event_init  ep_timeslot.o
    0x0001dfdc   0x00000310   Code   RO         4646    i.m_nrf_impl_restore_all_hw_params  gzll_arm.lib(nrf_impala.o)
    0x0001e2ec   0x00000028   Code   RO         1600    i.m_on_multitimer   ep_timeslot.o
    0x0001e314   0x00000034   Code   RO         1601    i.m_on_start        ep_timeslot.o
    0x0001e348   0x00000074   Code   RO         1602    i.m_radio_callback  ep_timeslot.o
    0x0001e3bc   0x00000174   Code   RO            7    i.main              main.o
    0x0001e530   0x00000018   Code   RO         3862    i.main_state_err_busy_process  pstorage.o
    0x0001e548   0x00000064   Code   RO         3214    i.manuf_specific_data_encode  ble_advdata.o
    0x0001e5ac   0x00000002   Code   RO         2577    i.motor_data_handler  ep_ble_motor.o
    0x0001e5ae   0x0000006a   Code   RO         3215    i.name_encode       ble_advdata.o
    0x0001e618   0x00000002   Code   RO         2113    i.navig_data_handler  ep_ble_navigation.o
    0x0001e61a   0x00000002   PAD
    0x0001e61c   0x000000f4   Code   RO         4527    i.notification_cb   gzll_arm.lib(nrf_gzll.o)
    0x0001e710   0x00000010   Code   RO         4528    i.nrf_assert_internal_callback  gzll_arm.lib(nrf_gzll.o)
    0x0001e720   0x00000030   Code   RO         4780    i.nrf_chm_execute_single_tick  gzll_arm.lib(nrf_channel_manager.o)
    0x0001e750   0x0000002c   Code   RO         4782    i.nrf_chm_get_current_channel  gzll_arm.lib(nrf_channel_manager.o)
    0x0001e77c   0x0000000c   Code   RO         4783    i.nrf_chm_get_current_channel_index  gzll_arm.lib(nrf_channel_manager.o)
    0x0001e788   0x0000000c   Code   RO         4784    i.nrf_chm_get_current_timeslot  gzll_arm.lib(nrf_channel_manager.o)
    0x0001e794   0x00000028   Code   RO         4785    i.nrf_chm_init      gzll_arm.lib(nrf_channel_manager.o)
    0x0001e7bc   0x00000028   Code   RO         4786    i.nrf_chm_set_current_channel_index  gzll_arm.lib(nrf_channel_manager.o)
    0x0001e7e4   0x00000028   Code   RO         4787    i.nrf_chm_set_current_timeslot  gzll_arm.lib(nrf_channel_manager.o)
    0x0001e80c   0x00000020   Code   RO         3734    i.nrf_delay_ms      nrf_delay.o
    0x0001e82c   0x00000060   Code   RO         3527    i.nrf_drv_common_irq_enable  nrf_drv_common.o
    0x0001e88c   0x000000a8   Code   RO         3556    i.nrf_drv_gpiote_in_event_enable  nrf_drv_gpiote.o
    0x0001e934   0x00000094   Code   RO         3557    i.nrf_drv_gpiote_in_init  nrf_drv_gpiote.o
    0x0001e9c8   0x00000018   Code   RO         3558    i.nrf_drv_gpiote_in_is_set  nrf_drv_gpiote.o
    0x0001e9e0   0x00000054   Code   RO         3560    i.nrf_drv_gpiote_init  nrf_drv_gpiote.o
    0x0001ea34   0x00000010   Code   RO         3561    i.nrf_drv_gpiote_is_init  nrf_drv_gpiote.o
    0x0001ea44   0x00000090   Code   RO         4950    i.nrf_fifo_free_packet  gzll_arm.lib(nrf_fifo.o)
    0x0001ead4   0x0000000c   Code   RO         4969    i.nrf_fifo_get_available_packet_count  gzll_arm.lib(nrf_fifo.o)
    0x0001eae0   0x00000020   Code   RO         4967    i.nrf_fifo_get_packet_count  gzll_arm.lib(nrf_fifo.o)
    0x0001eb00   0x00000094   Code   RO         4951    i.nrf_fifo_init     gzll_arm.lib(nrf_fifo.o)
    0x0001eb94   0x00000054   Code   RO         4952    i.nrf_fifo_pop_packet  gzll_arm.lib(nrf_fifo.o)
    0x0001ebe8   0x000000ac   Code   RO         4953    i.nrf_fifo_put_packet  gzll_arm.lib(nrf_fifo.o)
    0x0001ec94   0x0000003c   Code   RO         4954    i.nrf_fifo_read_packet  gzll_arm.lib(nrf_fifo.o)
    0x0001ecd0   0x00000074   Code   RO         4955    i.nrf_fifo_reserve_packet  gzll_arm.lib(nrf_fifo.o)
    0x0001ed44   0x00000008   Code   RO         4812    i.nrf_flw_get_ext_capture_task  gzll_arm.lib(nrf_flywheel.o)
    0x0001ed4c   0x00000008   Code   RO         4813    i.nrf_flw_get_flw_call_event  gzll_arm.lib(nrf_flywheel.o)
    0x0001ed54   0x0000000c   Code   RO         4814    i.nrf_flw_get_runstate  gzll_arm.lib(nrf_flywheel.o)
    0x0001ed60   0x00000070   Code   RO         4815    i.nrf_flw_init      gzll_arm.lib(nrf_flywheel.o)
    0x0001edd0   0x00000018   Code   RO         4816    i.nrf_flw_start     gzll_arm.lib(nrf_flywheel.o)
    0x0001ede8   0x0000002c   Code   RO         4817    i.nrf_flw_stop      gzll_arm.lib(nrf_flywheel.o)
    0x0001ee14   0x0000000c   Code   RO         4818    i.nrf_flw_task_is_delayed  gzll_arm.lib(nrf_flywheel.o)
    0x0001ee20   0x00000020   Code   RO         3573    i.nrf_gpio_cfg_sense_set  nrf_drv_gpiote.o
    0x0001ee40   0x00000010   Code   RO          455    i.nrf_gpio_pin_read  ep_comm.o
    0x0001ee50   0x00000020   Code   RO         2835    i.nrf_gpio_pin_toggle  ep_led.o
    0x0001ee70   0x00000014   Code   RO         3574    i.nrf_gpiote_event_is_set  nrf_drv_gpiote.o
    0x0001ee84   0x000000b4   Code   RO         4529    i.nrf_gzll_add_packet_to_tx_fifo  gzll_arm.lib(nrf_gzll.o)
    0x0001ef38   0x00000002   Code   RO          762    i.nrf_gzll_device_tx_failed  ep_gzll.o
    0x0001ef3a   0x00000002   PAD
    0x0001ef3c   0x0000002c   Code   RO          763    i.nrf_gzll_device_tx_success  ep_gzll.o
    0x0001ef68   0x00000002   Code   RO          764    i.nrf_gzll_disabled  ep_gzll.o
    0x0001ef6a   0x00000002   PAD
    0x0001ef6c   0x00000020   Code   RO         4532    i.nrf_gzll_enable   gzll_arm.lib(nrf_gzll.o)
    0x0001ef8c   0x00000078   Code   RO         4533    i.nrf_gzll_fetch_packet_from_rx_fifo  gzll_arm.lib(nrf_gzll.o)
    0x0001f004   0x0000002c   Code   RO         4546    i.nrf_gzll_get_mode  gzll_arm.lib(nrf_gzll.o)
    0x0001f030   0x00000002   Code   RO          765    i.nrf_gzll_host_rx_data_ready  ep_gzll.o
    0x0001f032   0x00000002   PAD
    0x0001f034   0x00000128   Code   RO         4558    i.nrf_gzll_init     gzll_arm.lib(nrf_gzll.o)
    0x0001f15c   0x00000002   Code   RO         4560    i.nrf_gzll_mode_changed  gzll_arm.lib(nrf_gzll.o)
    0x0001f15e   0x00000002   PAD
    0x0001f160   0x0000002c   Code   RO         4564    i.nrf_gzll_set_address_prefix_byte  gzll_arm.lib(nrf_gzll.o)
    0x0001f18c   0x00000020   Code   RO         4567    i.nrf_gzll_set_base_address_1  gzll_arm.lib(nrf_gzll.o)
    0x0001f1ac   0x00000050   Code   RO         4568    i.nrf_gzll_set_channel_table  gzll_arm.lib(nrf_gzll.o)
    0x0001f1fc   0x0000003c   Code   RO         4569    i.nrf_gzll_set_datarate  gzll_arm.lib(nrf_gzll.o)
    0x0001f238   0x00000038   Code   RO         4570    i.nrf_gzll_set_device_channel_selection_policy  gzll_arm.lib(nrf_gzll.o)
    0x0001f270   0x00000020   Code   RO         4571    i.nrf_gzll_set_max_tx_attempts  gzll_arm.lib(nrf_gzll.o)
    0x0001f290   0x00000034   Code   RO         4572    i.nrf_gzll_set_mode  gzll_arm.lib(nrf_gzll.o)
    0x0001f2c4   0x00000020   Code   RO         4575    i.nrf_gzll_set_timeslot_period  gzll_arm.lib(nrf_gzll.o)
    0x0001f2e4   0x00000020   Code   RO         4576    i.nrf_gzll_set_timeslots_per_channel  gzll_arm.lib(nrf_gzll.o)
    0x0001f304   0x00000020   Code   RO         4577    i.nrf_gzll_set_timeslots_per_channel_when_device_out_of_sync  gzll_arm.lib(nrf_gzll.o)
    0x0001f324   0x00000058   Code   RO         4578    i.nrf_gzll_set_tx_power  gzll_arm.lib(nrf_gzll.o)
    0x0001f37c   0x00000038   Code   RO         4579    i.nrf_gzll_set_xosc_ctl  gzll_arm.lib(nrf_gzll.o)
    0x0001f3b4   0x0000002c   Code   RO         4648    i.nrf_impl_disable  gzll_arm.lib(nrf_impala.o)
    0x0001f3e0   0x0000005c   Code   RO         4649    i.nrf_impl_enable   gzll_arm.lib(nrf_impala.o)
    0x0001f43c   0x00000024   Code   RO         4650    i.nrf_impl_enable_rssi  gzll_arm.lib(nrf_impala.o)
    0x0001f460   0x00000014   Code   RO         4653    i.nrf_impl_free_packet  gzll_arm.lib(nrf_impala.o)
    0x0001f474   0x00000008   Code   RO         4654    i.nrf_impl_get_available_fifo_packets  gzll_arm.lib(nrf_impala.o)
    0x0001f47c   0x0000000c   Code   RO         4659    i.nrf_impl_get_mode  gzll_arm.lib(nrf_impala.o)
    0x0001f488   0x00000008   Code   RO         4663    i.nrf_impl_get_rx_fifo_status  gzll_arm.lib(nrf_impala.o)
    0x0001f490   0x00000008   Code   RO         4669    i.nrf_impl_get_tx_fifo_status  gzll_arm.lib(nrf_impala.o)
    0x0001f498   0x0000018c   Code   RO         4671    i.nrf_impl_init     gzll_arm.lib(nrf_impala.o)
    0x0001f624   0x00000014   Code   RO         4672    i.nrf_impl_is_disabled  gzll_arm.lib(nrf_impala.o)
    0x0001f638   0x00000014   Code   RO         4673    i.nrf_impl_pop_rx_fifo  gzll_arm.lib(nrf_impala.o)
    0x0001f64c   0x00000038   Code   RO         4674    i.nrf_impl_put_tx_fifo  gzll_arm.lib(nrf_impala.o)
    0x0001f684   0x00000008   Code   RO         4675    i.nrf_impl_read_rx_fifo  gzll_arm.lib(nrf_impala.o)
    0x0001f68c   0x00000014   Code   RO         4677    i.nrf_impl_reserve_packet  gzll_arm.lib(nrf_impala.o)
    0x0001f6a0   0x00000020   Code   RO         4678    i.nrf_impl_set_base_address_length  gzll_arm.lib(nrf_impala.o)
    0x0001f6c0   0x0000000c   Code   RO         4679    i.nrf_impl_set_channel_selection_policy  gzll_arm.lib(nrf_impala.o)
    0x0001f6cc   0x00000034   Code   RO         4680    i.nrf_impl_set_channel_table  gzll_arm.lib(nrf_impala.o)
    0x0001f700   0x00000094   Code   RO         4762    i.nrf_impl_set_datarate  gzll_arm.lib(nrf_impala.o)
    0x0001f794   0x0000000c   Code   RO         4684    i.nrf_impl_set_max_allowed_tx_attempts  gzll_arm.lib(nrf_impala.o)
    0x0001f7a0   0x00000030   Code   RO         4685    i.nrf_impl_set_mode  gzll_arm.lib(nrf_impala.o)
    0x0001f7d0   0x0000006c   Code   RO         4687    i.nrf_impl_set_pipes_1_to_7_base_address  gzll_arm.lib(nrf_impala.o)
    0x0001f83c   0x000000a0   Code   RO         4688    i.nrf_impl_set_prefix_byte  gzll_arm.lib(nrf_impala.o)
    0x0001f8dc   0x0000000c   Code   RO         4691    i.nrf_impl_set_timeslot_period  gzll_arm.lib(nrf_impala.o)
    0x0001f8e8   0x00000030   Code   RO         4692    i.nrf_impl_set_timeslots_per_channel_when_in_sync  gzll_arm.lib(nrf_impala.o)
    0x0001f918   0x00000030   Code   RO         4693    i.nrf_impl_set_timeslots_per_channel_when_out_of_sync  gzll_arm.lib(nrf_impala.o)
    0x0001f948   0x00000014   Code   RO         4764    i.nrf_impl_set_tx_power  gzll_arm.lib(nrf_impala.o)
    0x0001f95c   0x0000000c   Code   RO         4694    i.nrf_impl_set_xosc_ctl  gzll_arm.lib(nrf_impala.o)
    0x0001f968   0x00000064   Code   RO         4695    i.nrf_impl_state_fun_device_send_packet  gzll_arm.lib(nrf_impala.o)
    0x0001f9cc   0x000004c0   Code   RO         4696    i.nrf_impl_state_fun_timeslot_start  gzll_arm.lib(nrf_impala.o)
    0x0001fe8c   0x00000094   Code   RO         4837    i.nrf_lcore_force_disable  gzll_arm.lib(nrf_link_core.o)
    0x0001ff20   0x00000110   Code   RO         4838    i.nrf_lcore_handler_rx_enable_start_tx_enable_start_disable  gzll_arm.lib(nrf_link_core.o)
    0x00020030   0x00000054   Code   RO         4839    i.nrf_lcore_init    gzll_arm.lib(nrf_link_core.o)
    0x00020084   0x000000e4   Code   RO         4840    i.nrf_lcore_prepare_operation  gzll_arm.lib(nrf_link_core.o)
    0x00020168   0x00000010   Code   RO         4857    i.nrf_lcore_rx_address_match  gzll_arm.lib(nrf_link_core.o)
    0x00020178   0x000000a4   Code   RO         4841    i.nrf_lcore_start_operation  gzll_arm.lib(nrf_link_core.o)
    0x0002021c   0x00000078   Code   RO         4862    i.nrf_nm_add        gzll_arm.lib(nrf_notification_manager.o)
    0x00020294   0x00000010   Code   RO         4863    i.nrf_nm_get_remaining_space_in_notification_queue  gzll_arm.lib(nrf_notification_manager.o)
    0x000202a4   0x00000034   Code   RO         4864    i.nrf_nm_init       gzll_arm.lib(nrf_notification_manager.o)
    0x000202d8   0x00000194   Code   RO         4874    i.nrf_pm_end_prx    gzll_arm.lib(nrf_packet_manager.o)
    0x0002046c   0x000000dc   Code   RO         4875    i.nrf_pm_end_ptx    gzll_arm.lib(nrf_packet_manager.o)
    0x00020548   0x00000008   Code   RO         4878    i.nrf_pm_free_packet  gzll_arm.lib(nrf_packet_manager.o)
    0x00020550   0x00000008   Code   RO         4880    i.nrf_pm_get_available_fifo_packets  gzll_arm.lib(nrf_packet_manager.o)
    0x00020558   0x0000000c   Code   RO         4881    i.nrf_pm_get_current_ptx_ack_ptr  gzll_arm.lib(nrf_packet_manager.o)
    0x00020564   0x0000000c   Code   RO         4882    i.nrf_pm_get_current_ptx_packet  gzll_arm.lib(nrf_packet_manager.o)
    0x00020570   0x0000000c   Code   RO         4883    i.nrf_pm_get_current_ptx_pipe  gzll_arm.lib(nrf_packet_manager.o)
    0x0002057c   0x0000000a   Code   RO         4885    i.nrf_pm_get_rx_fifo_status  gzll_arm.lib(nrf_packet_manager.o)
    0x00020586   0x00000002   PAD
    0x00020588   0x0000000c   Code   RO         4886    i.nrf_pm_get_state  gzll_arm.lib(nrf_packet_manager.o)
    0x00020594   0x00000008   Code   RO         4887    i.nrf_pm_get_tx_fifo_status  gzll_arm.lib(nrf_packet_manager.o)
    0x0002059c   0x0000006c   Code   RO         4888    i.nrf_pm_init       gzll_arm.lib(nrf_packet_manager.o)
    0x00020608   0x0000000a   Code   RO         4889    i.nrf_pm_pop_rx_fifo  gzll_arm.lib(nrf_packet_manager.o)
    0x00020612   0x00000026   Code   RO         4890    i.nrf_pm_put_tx_fifo  gzll_arm.lib(nrf_packet_manager.o)
    0x00020638   0x0000000a   Code   RO         4891    i.nrf_pm_read_rx_fifo  gzll_arm.lib(nrf_packet_manager.o)
    0x00020642   0x00000008   Code   RO         4893    i.nrf_pm_reserve_packet  gzll_arm.lib(nrf_packet_manager.o)
    0x0002064a   0x00000002   PAD
    0x0002064c   0x00000048   Code   RO         4894    i.nrf_pm_search_for_ptx_pipe_to_service  gzll_arm.lib(nrf_packet_manager.o)
    0x00020694   0x0000000c   Code   RO         4895    i.nrf_pm_set_dyn_ack_status  gzll_arm.lib(nrf_packet_manager.o)
    0x000206a0   0x00000048   Code   RO         4896    i.nrf_pm_start_prx  gzll_arm.lib(nrf_packet_manager.o)
    0x000206e8   0x000000b0   Code   RO         4897    i.nrf_pm_start_ptx  gzll_arm.lib(nrf_packet_manager.o)
    0x00020798   0x0000000c   Code   RO         4898    i.nrf_pm_there_is_ptx_packet_to_be_serviced  gzll_arm.lib(nrf_packet_manager.o)
    0x000207a4   0x0000001c   Code   RO         4932    i.nrf_sm_execute    gzll_arm.lib(nrf_state_machine.o)
    0x000207c0   0x0000000c   Code   RO         4933    i.nrf_sm_get_current_state  gzll_arm.lib(nrf_state_machine.o)
    0x000207cc   0x0000000c   Code   RO         4934    i.nrf_sm_get_next_state  gzll_arm.lib(nrf_state_machine.o)
    0x000207d8   0x00000010   Code   RO         4936    i.nrf_sm_init       gzll_arm.lib(nrf_state_machine.o)
    0x000207e8   0x0000001c   Code   RO         4937    i.nrf_sm_set_next_state  gzll_arm.lib(nrf_state_machine.o)
    0x00020804   0x00000002   Code   RO         2204    i.on_adv_evt        ep_ble_init.o
    0x00020806   0x00000002   PAD
    0x00020808   0x00000080   Code   RO         2205    i.on_ble_evt        ep_ble_init.o
    0x00020888   0x00000024   Code   RO         2206    i.on_conn_params_evt  ep_ble_init.o
    0x000208ac   0x00000018   Code   RO         3380    i.on_conn_params_update  ble_conn_params.o
    0x000208c4   0x0000000c   Code   RO         1805    i.on_connect        ep_ble_access.o
    0x000208d0   0x0000000a   Code   RO         2027    i.on_connect        ep_ble_battery.o
    0x000208da   0x0000000a   Code   RO         2114    i.on_connect        ep_ble_navigation.o
    0x000208e4   0x00000008   Code   RO         2424    i.on_connect        ep_ble_device_info.o
    0x000208ec   0x00000008   Code   RO         2495    i.on_connect        ep_ble_steer.o
    0x000208f4   0x0000000a   Code   RO         2578    i.on_connect        ep_ble_motor.o
    0x000208fe   0x00000002   PAD
    0x00020900   0x00000030   Code   RO         3381    i.on_connect        ble_conn_params.o
    0x00020930   0x00000018   Code   RO         1806    i.on_disconnect     ep_ble_access.o
    0x00020948   0x00000018   Code   RO         2028    i.on_disconnect     ep_ble_battery.o
    0x00020960   0x00000018   Code   RO         2115    i.on_disconnect     ep_ble_navigation.o
    0x00020978   0x0000000a   Code   RO         2425    i.on_disconnect     ep_ble_device_info.o
    0x00020982   0x00000002   PAD
    0x00020984   0x00000018   Code   RO         2496    i.on_disconnect     ep_ble_steer.o
    0x0002099c   0x00000018   Code   RO         2579    i.on_disconnect     ep_ble_motor.o
    0x000209b4   0x0000002c   Code   RO         3382    i.on_disconnect     ble_conn_params.o
    0x000209e0   0x00000054   Code   RO         1807    i.on_write          ep_ble_access.o
    0x00020a34   0x00000058   Code   RO         2029    i.on_write          ep_ble_battery.o
    0x00020a8c   0x00000076   Code   RO         2116    i.on_write          ep_ble_navigation.o
    0x00020b02   0x00000002   Code   RO         2426    i.on_write          ep_ble_device_info.o
    0x00020b04   0x0000001c   Code   RO         2497    i.on_write          ep_ble_steer.o
    0x00020b20   0x00000066   Code   RO         2580    i.on_write          ep_ble_motor.o
    0x00020b86   0x00000002   PAD
    0x00020b88   0x00000048   Code   RO         3383    i.on_write          ble_conn_params.o
    0x00020bd0   0x00000016   Code   RO         3301    i.peer_address_exists  ble_advertising.o
    0x00020be6   0x00000002   PAD
    0x00020be8   0x00000018   Code   RO         3575    i.pin_in_use_by_port  nrf_drv_gpiote.o
    0x00020c00   0x00000018   Code   RO         3576    i.pin_in_use_by_te  nrf_drv_gpiote.o
    0x00020c18   0x0000003c   Code   RO         1236    i.ps_cb_handler     ep_pstorage.o
    0x00020c54   0x00000028   Code   RO         3863    i.pstorage_access_status_get  pstorage.o
    0x00020c7c   0x00000068   Code   RO         3864    i.pstorage_block_identifier_get  pstorage.o
    0x00020ce4   0x000000b4   Code   RO         3865    i.pstorage_clear    pstorage.o
    0x00020d98   0x00000024   Code   RO         3866    i.pstorage_flash_page_end  pstorage.o
    0x00020dbc   0x0000000a   Code   RO         3867    i.pstorage_flash_page_size  pstorage.o
    0x00020dc6   0x00000002   PAD
    0x00020dc8   0x00000048   Code   RO         3868    i.pstorage_init     pstorage.o
    0x00020e10   0x000000b8   Code   RO         3869    i.pstorage_load     pstorage.o
    0x00020ec8   0x000000c4   Code   RO         3870    i.pstorage_register  pstorage.o
    0x00020f8c   0x000000a0   Code   RO         3871    i.pstorage_store    pstorage.o
    0x0002102c   0x00000034   Code   RO         3872    i.pstorage_sys_event_handler  pstorage.o
    0x00021060   0x00000020   Code   RO         1603    i.request_next      ep_timeslot.o
    0x00021080   0x00000014   Code   RO         4273    i.rtc1_init         app_timer_ble_gzll.o
    0x00021094   0x00000038   Code   RO         4274    i.rtc1_start        app_timer_ble_gzll.o
    0x000210cc   0x00000030   Code   RO         4275    i.rtc1_stop         app_timer_ble_gzll.o
    0x000210fc   0x00000080   Code   RO         3216    i.service_data_encode  ble_advdata.o
    0x0002117c   0x000000ac   Code   RO         2208    i.services_init     ep_ble_init.o
    0x00021228   0x00000064   Code   RO         4697    i.sm_start          gzll_arm.lib(nrf_impala.o)
    0x0002128c   0x00000010   Code   RO         3874    i.sm_state_change   pstorage.o
    0x0002129c   0x0000000c   Code   RO         4471    i.softdevice_assertion_handler  softdevice_handler.o
    0x000212a8   0x00000014   Code   RO         4472    i.softdevice_ble_evt_handler_set  softdevice_handler.o
    0x000212bc   0x00000040   Code   RO         4473    i.softdevice_handler_init  softdevice_handler.o
    0x000212fc   0x00000014   Code   RO         4475    i.softdevice_sys_evt_handler_set  softdevice_handler.o
    0x00021310   0x0000000e   Code   RO         3217    i.srdata_check      ble_advdata.o
    0x0002131e   0x00000002   PAD
    0x00021320   0x00000044   Code   RO         1604    i.start_timer       ep_timeslot.o
    0x00021364   0x00000010   Code   RO         3875    i.state_data_erase_entry_run  pstorage.o
    0x00021374   0x00000070   Code   RO         3876    i.state_data_erase_swap_entry_run  pstorage.o
    0x000213e4   0x00000034   Code   RO         3877    i.state_entry_action_run  pstorage.o
    0x00021418   0x00000010   Code   RO         3878    i.state_erase_data_page_entry_run  pstorage.o
    0x00021428   0x00000014   Code   RO         3879    i.state_idle_entry_run  pstorage.o
    0x0002143c   0x00000028   Code   RO         3880    i.state_restore_head_entry_run  pstorage.o
    0x00021464   0x0000004c   Code   RO         3881    i.state_restore_tail_entry_run  pstorage.o
    0x000214b0   0x00000008   Code   RO         3882    i.state_store_entry_run  pstorage.o
    0x000214b8   0x00000020   Code   RO         3883    i.state_swap_erase_entry_run  pstorage.o
    0x000214d8   0x00000030   Code   RO         3884    i.state_write_data_swap_entry_run  pstorage.o
    0x00021508   0x00000002   Code   RO         2498    i.steer_data_handler  ep_ble_steer.o
    0x0002150a   0x00000002   PAD
    0x0002150c   0x0000005c   Code   RO         3885    i.store_cmd_flash_write_execute  pstorage.o
    0x00021568   0x0000000a   Code   RO         3886    i.store_operation_execute  pstorage.o
    0x00021572   0x00000002   PAD
    0x00021574   0x0000003c   Code   RO         3887    i.store_sub_state_sm_run  pstorage.o
    0x000215b0   0x0000001c   Code   RO         3888    i.swap_erase_state_run  pstorage.o
    0x000215cc   0x00000008   Code   RO         3889    i.swap_sub_sm_exit_action_run  pstorage.o
    0x000215d4   0x00000014   Code   RO         3890    i.swap_sub_state_entry_action_run  pstorage.o
    0x000215e8   0x00000018   Code   RO         3891    i.swap_sub_state_err_busy_process  pstorage.o
    0x00021600   0x00000014   Code   RO         3892    i.swap_sub_state_sm_run  pstorage.o
    0x00021614   0x00000010   Code   RO         3893    i.swap_sub_state_state_change  pstorage.o
    0x00021624   0x00000012   Code   RO         2209    i.sys_evt_dispatch  ep_ble_init.o
    0x00021636   0x00000002   PAD
    0x00021638   0x0000001c   Code   RO         3894    i.tail_restore_state_run  pstorage.o
    0x00021654   0x0000004c   Code   RO         3895    i.tail_word_size_calculate  pstorage.o
    0x000216a0   0x00000012   Code   RO         4276    i.ticks_diff_get    app_timer_ble_gzll.o
    0x000216b2   0x00000002   PAD
    0x000216b4   0x00000018   Code   RO         4277    i.timeout_handler_exec  app_timer_ble_gzll.o
    0x000216cc   0x00000048   Code   RO         4278    i.timer_list_handler  app_timer_ble_gzll.o
    0x00021714   0x00000010   Code   RO         4279    i.timer_list_handler_sched  app_timer_ble_gzll.o
    0x00021724   0x0000006c   Code   RO         4280    i.timer_list_insert  app_timer_ble_gzll.o
    0x00021790   0x0000005c   Code   RO         4281    i.timer_list_remove  app_timer_ble_gzll.o
    0x000217ec   0x00000040   Code   RO         4282    i.timer_start_op_schedule  app_timer_ble_gzll.o
    0x0002182c   0x0000002c   Code   RO         4284    i.timer_stop_op_schedule  app_timer_ble_gzll.o
    0x00021858   0x0000006c   Code   RO         4285    i.timer_timeouts_check  app_timer_ble_gzll.o
    0x000218c4   0x00000010   Code   RO         4286    i.timer_timeouts_check_sched  app_timer_ble_gzll.o
    0x000218d4   0x00000034   Code   RO         2210    i.timers_init       ep_ble_init.o
    0x00021908   0x00000010   Code   RO         1605    i.timeslot_sys_event_handler  ep_timeslot.o
    0x00021918   0x0000002c   Code   RO         3218    i.tx_power_level_encode  ble_advdata.o
    0x00021944   0x0000000a   Code   RO         3219    i.uint16_encode     ble_advdata.o
    0x0002194e   0x00000002   PAD
    0x00021950   0x0000010c   Code   RO         4698    i.update_mode       gzll_arm.lib(nrf_impala.o)
    0x00021a5c   0x00000008   Code   RO         3896    i.update_operation_execute  pstorage.o
    0x00021a64   0x00000064   Code   RO         3384    i.update_timeout_handler  ble_conn_params.o
    0x00021ac8   0x00000064   Code   RO         4287    i.user_id_get       app_timer_ble_gzll.o
    0x00021b2c   0x00000028   Code   RO         4288    i.user_op_alloc     app_timer_ble_gzll.o
    0x00021b54   0x0000002e   Code   RO         3220    i.uuid_list_encode  ble_advdata.o
    0x00021b82   0x0000009e   Code   RO         3221    i.uuid_list_sized_encode  ble_advdata.o
    0x00021c20   0x00000014   Code   RO         3302    i.whitelist_has_entries  ble_advertising.o
    0x00021c34   0x00000018   Data   RO          293    .constdata          ep_button.o
    0x00021c4c   0x00000011   Data   RO         1726    .constdata          nrf_gzp.o
    0x00021c5d   0x00000003   PAD
    0x00021c60   0x00000010   Data   RO         1809    .constdata          ep_ble_access.o
    0x00021c70   0x00000010   Data   RO         2031    .constdata          ep_ble_battery.o
    0x00021c80   0x00000010   Data   RO         2118    .constdata          ep_ble_navigation.o
    0x00021c90   0x00000010   Data   RO         2428    .constdata          ep_ble_device_info.o
    0x00021ca0   0x00000010   Data   RO         2500    .constdata          ep_ble_steer.o
    0x00021cb0   0x00000010   Data   RO         2582    .constdata          ep_ble_motor.o
    0x00021cc0   0x00000028   Data   RO         3898    .constdata          pstorage.o
    0x00021ce8   0x00000004   Data   RO         4171    .constdata          app_button.o
    0x00021cec   0x00000030   Data   RO         4844    .constdata          gzll_arm.lib(nrf_link_core.o)
    0x00021d1c   0x00000020   Data   RO         5015    Region$$Table       anon$$obj.o


    Execution Region RW_IRAM1 (Base: 0x20002600, Size: 0x00001680, Max: 0x00002100, ABSOLUTE, COMPRESSED[0x00000060])

    Base Addr    Size         Type   Attr      Idx    E Section Name        Object

    0x20002600   0x00000004   Data   RW           15    .data               main.o
    0x20002604   0x00000006   Data   RW          294    .data               ep_button.o
    0x2000260a   0x00000008   Data   RW          375    .data               ep_buzzer.o
    0x20002612   0x00000002   PAD
    0x20002614   0x00000008   Data   RW          457    .data               ep_comm.o
    0x2000261c   0x0000000f   Data   RW          767    .data               ep_gzll.o
    0x2000262b   0x00000001   Data   RW          968    .data               ep_lcd_6kw.o
    0x2000262c   0x00000004   Data   RW         1124    .data               ep_powerswitch.o
    0x20002630   0x0000000c   Data   RW         1238    .data               ep_pstorage.o
    0x2000263c   0x00000006   Data   RW         1328    .data               ep_sys.o
    0x20002642   0x00000004   Data   RW         1421    .data               ep_throttle.o
    0x20002646   0x00000002   PAD
    0x20002648   0x00000014   Data   RW         1607    .data               ep_timeslot.o
    0x2000265c   0x00000001   Data   RW         1727    .data               nrf_gzp.o
    0x2000265d   0x00000003   PAD
    0x20002660   0x0000003c   Data   RW         1810    .data               ep_ble_access.o
    0x2000269c   0x0000002a   Data   RW         2213    .data               ep_ble_init.o
    0x200026c6   0x00000002   PAD
    0x200026c8   0x00000004   Data   RW         2501    .data               ep_ble_steer.o
    0x200026cc   0x00000004   Data   RW         2583    .data               ep_ble_motor.o
    0x200026d0   0x0000000c   Data   RW         2769    .data               ep_tick.o
    0x200026dc   0x0000000b   Data   RW         2836    .data               ep_led.o
    0x200026e7   0x00000001   PAD
    0x200026e8   0x00000004   Data   RW         3139    .data               system_nrf51.o
    0x200026ec   0x0000001f   Data   RW         3304    .data               ble_advertising.o
    0x2000270b   0x00000001   PAD
    0x2000270c   0x00000018   Data   RW         3386    .data               ble_conn_params.o
    0x20002724   0x00000024   Data   RW         3899    .data               pstorage.o
    0x20002748   0x00000018   Data   RW         4172    .data               app_button.o
    0x20002760   0x00000020   Data   RW         4289    .data               app_timer_ble_gzll.o
    0x20002780   0x00000014   Data   RW         4476    .data               softdevice_handler.o
    0x20002794   0x00000020   Data   RW         4581    .data               gzll_arm.lib(nrf_gzll.o)
    0x200027b4   0x00000008   Data   RW         4700    .data               gzll_arm.lib(nrf_impala.o)
    0x200027bc   0x0000000c   Data   RW         4792    .data               gzll_arm.lib(nrf_channel_manager.o)
    0x200027c8   0x00000008   Data   RW         4819    .data               gzll_arm.lib(nrf_flywheel.o)
    0x200027d0   0x00000004   Data   RW         4845    .data               gzll_arm.lib(nrf_link_core.o)
    0x200027d4   0x00000008   Data   RW         4900    .data               gzll_arm.lib(nrf_packet_manager.o)
    0x200027dc   0x0000000c   Data   RW         4938    .data               gzll_arm.lib(nrf_state_machine.o)
    0x200027e8   0x00000004   Data   RW         4957    .data               gzll_arm.lib(nrf_fifo.o)
    0x200027ec   0x00000016   Zero   RW          456    .bss                ep_comm.o
    0x20002802   0x0000002b   Zero   RW          616    .bss                ep_crypt_device.o
    0x2000282d   0x00000003   PAD
    0x20002830   0x00000054   Zero   RW          766    .bss                ep_gzll.o
    0x20002884   0x0000000c   Zero   RW          967    .bss                ep_lcd_6kw.o
    0x20002890   0x0000000a   Zero   RW         1029    .bss                ep_motor.o
    0x2000289a   0x0000000e   Zero   RW         1123    .bss                ep_powerswitch.o
    0x200028a8   0x00000068   Zero   RW         1237    .bss                ep_pstorage.o
    0x20002910   0x0000004e   Zero   RW         1413    .bss                ep_throttle.o
    0x2000295e   0x00000002   PAD
    0x20002960   0x00000010   Zero   RW         1606    .bss                ep_timeslot.o
    0x20002970   0x00000030   Zero   RW         1725    .bss                nrf_gzp.o
    0x200029a0   0x00000080   Zero   RW         1808    .bss                ep_ble_access.o
    0x20002a20   0x00000138   Zero   RW         2030    .bss                ep_ble_battery.o
    0x20002b58   0x0000014c   Zero   RW         2117    .bss                ep_ble_navigation.o
    0x20002ca4   0x000002b0   Zero   RW         2211    .bss                ep_ble_init.o
    0x20002f54   0x000000c8   Zero   RW         2427    .bss                ep_ble_device_info.o
    0x2000301c   0x000000fc   Zero   RW         2499    .bss                ep_ble_steer.o
    0x20003118   0x00000190   Zero   RW         2581    .bss                ep_ble_motor.o
    0x200032a8   0x000000fb   Zero   RW         3303    .bss                ble_advertising.o
    0x200033a3   0x00000001   PAD
    0x200033a4   0x0000001c   Zero   RW         3385    .bss                ble_conn_params.o
    0x200033c0   0x00000050   Zero   RW         3577    .bss                nrf_drv_gpiote.o
    0x20003410   0x000000d8   Zero   RW         3897    .bss                pstorage.o
    0x200034e8   0x0000000c   Zero   RW         4580    .bss                gzll_arm.lib(nrf_gzll.o)
    0x200034f4   0x00000074   Zero   RW         4699    .bss                gzll_arm.lib(nrf_impala.o)
    0x20003568   0x00000024   Zero   RW         4843    .bss                gzll_arm.lib(nrf_link_core.o)
    0x2000358c   0x00000088   Zero   RW         4865    .bss                gzll_arm.lib(nrf_notification_manager.o)
    0x20003614   0x00000094   Zero   RW         4899    .bss                gzll_arm.lib(nrf_packet_manager.o)
    0x200036a8   0x000001d4   Zero   RW         4956    .bss                gzll_arm.lib(nrf_fifo.o)
    0x2000387c   0x00000004   PAD
    0x20003880   0x00000400   Zero   RW         3125    STACK               arm_startup_nrf51.o


==============================================================================

Image component sizes


      Code (inc. data)   RO Data    RW Data    ZI Data      Debug   Object Name

       332         34          4         24          0      11258   app_button.o
         2          0          0          0          0       1176   app_error.o
      2000        170          0         32          0      32039   app_timer_ble_gzll.o
        56         18        192          0       1024        680   arm_startup_nrf51.o
       290         14          0          0          0       7187   as5600.o
      1186          6          0          0          0      15086   ble_advdata.o
      1002         28          0         31        251      10536   ble_advertising.o
       552         68          0         24         28       8572   ble_conn_params.o
         0          0          0          0          0       7056   ble_nus.o
        18          0          0          0          0       1424   ble_srv_common.o
       858         46         16         60        128       9797   ep_ble_access.o
       850         22         16          0        312       8885   ep_ble_battery.o
       732         66         16          0        200       7857   ep_ble_device_info.o
      1202        138          0         42        688      25759   ep_ble_init.o
       984         26         16          4        400       8837   ep_ble_motor.o
       908         24         16          0        332       8820   ep_ble_navigation.o
       644         26         16          4        252       8057   ep_ble_steer.o
       244         24         24          6          0      11409   ep_button.o
       236         32          0          8          0       6590   ep_buzzer.o
      1522        198          0          8         22      22967   ep_comm.o
       650         72          0          0         43      11389   ep_crypt_device.o
       902         98          0         15         84      13698   ep_gzll.o
       862         60          0          1         12       5125   ep_lcd_6kw.o
      2046        146          0         11          0      10648   ep_led.o
       270         38          0          0         10       7346   ep_motor.o
       510        114          0          4         14      13656   ep_powerswitch.o
       514         60          0         12        104       9384   ep_pstorage.o
       406         30          0          6          0       4804   ep_sys.o
      1336         56          0          4         78      15800   ep_throttle.o
       232         54          0         12          0       9467   ep_tick.o
       452        110          0         20         16      11924   ep_timeslot.o
       120         32          0          0          0       1498   ep_wdt.o
       508        104          0          4          0      84870   main.o
       478         64          0          0          0       8430   myiic.o
        62          6          0          0          0       1619   nrf_delay.o
        96         18          0          0          0       6512   nrf_drv_common.o
       928        120          0          0         80      19952   nrf_drv_gpiote.o
       286         46         17          1         48       9087   nrf_gzp.o
      3068        312         40         36        216      42580   pstorage.o
       280         26          0         20          0       6260   softdevice_handler.o
       288         40          0          4          0       2731   system_nrf51.o

    ----------------------------------------------------------------------
     27998       2546        408        404       4348     510772   Object Totals
         0          0         32          0          0          0   (incl. Generated)
        86          0          3         11          6          0   (incl. Padding)

    ----------------------------------------------------------------------

      Code (inc. data)   RO Data    RW Data    ZI Data      Debug   Library Member Name

         8          0          0          0          0         68   nrf_assert_internal.o
       236         76          0         12          0        456   nrf_channel_manager.o
       768        144          0          4        468        564   nrf_fifo.o
       572        154          0          8          0        596   nrf_flywheel.o
      1530        148          0         32         12       1440   nrf_gzll.o
      4932        684          0          8        116       2660   nrf_impala.o
      1390        292         48          4         36        576   nrf_link_core.o
       324         46          0          0        136        276   nrf_notification_manager.o
      1224        170          0          8        148       1356   nrf_packet_manager.o
        96         36          0         12          0        308   nrf_state_machine.o
        86          0          0          0          0          0   __dczerorl2.o
         0          0          0          0          0          0   entry.o
         0          0          0          0          0          0   entry10a.o
         0          0          0          0          0          0   entry11a.o
         8          4          0          0          0          0   entry2.o
         4          0          0          0          0          0   entry5.o
         0          0          0          0          0          0   entry7b.o
         0          0          0          0          0          0   entry8b.o
         8          4          0          0          0          0   entry9a.o
        30          0          0          0          0          0   handlers.o
        40          0          0          0          0         72   idiv.o
        36          8          0          0          0         68   init.o
         0          0          0          0          0          0   iusefp.o
        26          0          0          0          0         72   memcmp.o
        36          0          0          0          0         60   memcpya.o
        36          0          0          0          0        100   memseta.o
        14          0          0          0          0         60   strlen.o
        44          0          0          0          0         72   uidiv.o
       130          0          0          0          0        144   fepilogue.o
        50          0          0          0          0         60   ffixi.o
        14          0          0          0          0         68   ffltui.o
       122          0          0          0          0         72   fmul.o
        24          0          0          0          0         60   fscalb.o

    ----------------------------------------------------------------------
     11798       1766         48         88        920       9208   Library Totals
        10          0          0          0          4          0   (incl. Padding)

    ----------------------------------------------------------------------

      Code (inc. data)   RO Data    RW Data    ZI Data      Debug   Library Name

     11080       1750         48         88        916       8300   gzll_arm.lib
       368         16          0          0          0        504   mc_p.l
       340          0          0          0          0        404   mf_p.l

    ----------------------------------------------------------------------
     11798       1766         48         88        920       9208   Library Totals

    ----------------------------------------------------------------------

==============================================================================


      Code (inc. data)   RO Data    RW Data    ZI Data      Debug   

     39796       4312        456        492       5268     496984   Grand Totals
     39796       4312        456         96       5268     496984   ELF Image Totals (compressed)
     39796       4312        456         96          0          0   ROM Totals

==============================================================================

    Total RO  Size (Code + RO Data)                40252 (  39.31kB)
    Total RW  Size (RW Data + ZI Data)              5760 (   5.63kB)
    Total ROM Size (Code + RO Data + RW Data)      40348 (  39.40kB)

==============================================================================

